running egg_info
writing ../../build/turtlesim_ctr/turtlesim_ctr.egg-info/PKG-INFO
writing dependency_links to ../../build/turtlesim_ctr/turtlesim_ctr.egg-info/dependency_links.txt
writing entry points to ../../build/turtlesim_ctr/turtlesim_ctr.egg-info/entry_points.txt
writing requirements to ../../build/turtlesim_ctr/turtlesim_ctr.egg-info/requires.txt
writing top-level names to ../../build/turtlesim_ctr/turtlesim_ctr.egg-info/top_level.txt
reading manifest file '../../build/turtlesim_ctr/turtlesim_ctr.egg-info/SOURCES.txt'
adding license file 'LICENSE'
writing manifest file '../../build/turtlesim_ctr/turtlesim_ctr.egg-info/SOURCES.txt'
running build
running build_py
running install
running install_lib
creating /home/j4ck/0Clases/TP_Robots/ros2_ej/install/turtlesim_ctr/lib/python3.10/site-packages/turtlesim_ctr
copying /home/j4ck/0Clases/TP_Robots/ros2_ej/build/turtlesim_ctr/build/lib/turtlesim_ctr/position_ctr.py -> /home/j4ck/0Clases/TP_Robots/ros2_ej/install/turtlesim_ctr/lib/python3.10/site-packages/turtlesim_ctr
copying /home/j4ck/0Clases/TP_Robots/ros2_ej/build/turtlesim_ctr/build/lib/turtlesim_ctr/listener2_ctr.py -> /home/j4ck/0Clases/TP_Robots/ros2_ej/install/turtlesim_ctr/lib/python3.10/site-packages/turtlesim_ctr
copying /home/j4ck/0Clases/TP_Robots/ros2_ej/build/turtlesim_ctr/build/lib/turtlesim_ctr/__init__.py -> /home/j4ck/0Clases/TP_Robots/ros2_ej/install/turtlesim_ctr/lib/python3.10/site-packages/turtlesim_ctr
copying /home/j4ck/0Clases/TP_Robots/ros2_ej/build/turtlesim_ctr/build/lib/turtlesim_ctr/listener_ctr.py -> /home/j4ck/0Clases/TP_Robots/ros2_ej/install/turtlesim_ctr/lib/python3.10/site-packages/turtlesim_ctr
byte-compiling /home/j4ck/0Clases/TP_Robots/ros2_ej/install/turtlesim_ctr/lib/python3.10/site-packages/turtlesim_ctr/position_ctr.py to position_ctr.cpython-310.pyc
byte-compiling /home/j4ck/0Clases/TP_Robots/ros2_ej/install/turtlesim_ctr/lib/python3.10/site-packages/turtlesim_ctr/listener2_ctr.py to listener2_ctr.cpython-310.pyc
byte-compiling /home/j4ck/0Clases/TP_Robots/ros2_ej/install/turtlesim_ctr/lib/python3.10/site-packages/turtlesim_ctr/__init__.py to __init__.cpython-310.pyc
byte-compiling /home/j4ck/0Clases/TP_Robots/ros2_ej/install/turtlesim_ctr/lib/python3.10/site-packages/turtlesim_ctr/listener_ctr.py to listener_ctr.cpython-310.pyc
running install_data
running install_egg_info
Copying ../../build/turtlesim_ctr/turtlesim_ctr.egg-info to /home/j4ck/0Clases/TP_Robots/ros2_ej/install/turtlesim_ctr/lib/python3.10/site-packages/turtlesim_ctr-0.0.0-py3.10.egg-info
running install_scripts
Installing listener2_ctrl script to /home/j4ck/0Clases/TP_Robots/ros2_ej/install/turtlesim_ctr/lib/turtlesim_ctr
Installing listener_ctrl script to /home/j4ck/0Clases/TP_Robots/ros2_ej/install/turtlesim_ctr/lib/turtlesim_ctr
Installing pose_ctrl script to /home/j4ck/0Clases/TP_Robots/ros2_ej/install/turtlesim_ctr/lib/turtlesim_ctr
writing list of installed files to '/home/j4ck/0Clases/TP_Robots/ros2_ej/build/turtlesim_ctr/install.log'
