[0.937s] Invoking command in '/home/j4ck/0Clases/TP_Robots/ros2_ej/src/turtlesim_ctr': PYTHONPATH=/home/j4ck/0Clases/TP_Robots/ros2_ej/build/turtlesim_ctr/prefix_override:/usr/lib/python3/dist-packages/colcon_core/task/python/colcon_distutils_commands:/home/j4ck/0Clases/TP_Robots/ros2_ej/install/turtlesim_ctr/lib/python3.10/site-packages:${PYTHONPATH} /usr/bin/python3 -W ignore:setup.py install is deprecated -W ignore:easy_install command is deprecated setup.py egg_info --egg-base ../../build/turtlesim_ctr build --build-base /home/j4ck/0Clases/TP_Robots/ros2_ej/build/turtlesim_ctr/build install --record /home/j4ck/0Clases/TP_Robots/ros2_ej/build/turtlesim_ctr/install.log --install-scripts $base/lib/turtlesim_ctr --single-version-externally-managed install_data
[1.095s] running egg_info
[1.096s] writing ../../build/turtlesim_ctr/turtlesim_ctr.egg-info/PKG-INFO
[1.096s] writing dependency_links to ../../build/turtlesim_ctr/turtlesim_ctr.egg-info/dependency_links.txt
[1.096s] writing entry points to ../../build/turtlesim_ctr/turtlesim_ctr.egg-info/entry_points.txt
[1.096s] writing requirements to ../../build/turtlesim_ctr/turtlesim_ctr.egg-info/requires.txt
[1.097s] writing top-level names to ../../build/turtlesim_ctr/turtlesim_ctr.egg-info/top_level.txt
[1.098s] reading manifest file '../../build/turtlesim_ctr/turtlesim_ctr.egg-info/SOURCES.txt'
[1.098s] adding license file 'LICENSE'
[1.098s] writing manifest file '../../build/turtlesim_ctr/turtlesim_ctr.egg-info/SOURCES.txt'
[1.098s] running build
[1.098s] running build_py
[1.099s] running install
[1.100s] running install_lib
[1.100s] creating /home/j4ck/0Clases/TP_Robots/ros2_ej/install/turtlesim_ctr/lib/python3.10/site-packages/turtlesim_ctr
[1.101s] copying /home/j4ck/0Clases/TP_Robots/ros2_ej/build/turtlesim_ctr/build/lib/turtlesim_ctr/position_ctr.py -> /home/j4ck/0Clases/TP_Robots/ros2_ej/install/turtlesim_ctr/lib/python3.10/site-packages/turtlesim_ctr
[1.101s] copying /home/j4ck/0Clases/TP_Robots/ros2_ej/build/turtlesim_ctr/build/lib/turtlesim_ctr/listener2_ctr.py -> /home/j4ck/0Clases/TP_Robots/ros2_ej/install/turtlesim_ctr/lib/python3.10/site-packages/turtlesim_ctr
[1.101s] copying /home/j4ck/0Clases/TP_Robots/ros2_ej/build/turtlesim_ctr/build/lib/turtlesim_ctr/__init__.py -> /home/j4ck/0Clases/TP_Robots/ros2_ej/install/turtlesim_ctr/lib/python3.10/site-packages/turtlesim_ctr
[1.101s] copying /home/j4ck/0Clases/TP_Robots/ros2_ej/build/turtlesim_ctr/build/lib/turtlesim_ctr/listener_ctr.py -> /home/j4ck/0Clases/TP_Robots/ros2_ej/install/turtlesim_ctr/lib/python3.10/site-packages/turtlesim_ctr
[1.102s] byte-compiling /home/j4ck/0Clases/TP_Robots/ros2_ej/install/turtlesim_ctr/lib/python3.10/site-packages/turtlesim_ctr/position_ctr.py to position_ctr.cpython-310.pyc
[1.103s] byte-compiling /home/j4ck/0Clases/TP_Robots/ros2_ej/install/turtlesim_ctr/lib/python3.10/site-packages/turtlesim_ctr/listener2_ctr.py to listener2_ctr.cpython-310.pyc
[1.103s] byte-compiling /home/j4ck/0Clases/TP_Robots/ros2_ej/install/turtlesim_ctr/lib/python3.10/site-packages/turtlesim_ctr/__init__.py to __init__.cpython-310.pyc
[1.103s] byte-compiling /home/j4ck/0Clases/TP_Robots/ros2_ej/install/turtlesim_ctr/lib/python3.10/site-packages/turtlesim_ctr/listener_ctr.py to listener_ctr.cpython-310.pyc
[1.103s] running install_data
[1.104s] running install_egg_info
[1.106s] Copying ../../build/turtlesim_ctr/turtlesim_ctr.egg-info to /home/j4ck/0Clases/TP_Robots/ros2_ej/install/turtlesim_ctr/lib/python3.10/site-packages/turtlesim_ctr-0.0.0-py3.10.egg-info
[1.107s] running install_scripts
[1.121s] Installing listener2_ctrl script to /home/j4ck/0Clases/TP_Robots/ros2_ej/install/turtlesim_ctr/lib/turtlesim_ctr
[1.121s] Installing listener_ctrl script to /home/j4ck/0Clases/TP_Robots/ros2_ej/install/turtlesim_ctr/lib/turtlesim_ctr
[1.122s] Installing pose_ctrl script to /home/j4ck/0Clases/TP_Robots/ros2_ej/install/turtlesim_ctr/lib/turtlesim_ctr
[1.122s] writing list of installed files to '/home/j4ck/0Clases/TP_Robots/ros2_ej/build/turtlesim_ctr/install.log'
[1.145s] Invoked command in '/home/j4ck/0Clases/TP_Robots/ros2_ej/src/turtlesim_ctr' returned '0': PYTHONPATH=/home/j4ck/0Clases/TP_Robots/ros2_ej/build/turtlesim_ctr/prefix_override:/usr/lib/python3/dist-packages/colcon_core/task/python/colcon_distutils_commands:/home/j4ck/0Clases/TP_Robots/ros2_ej/install/turtlesim_ctr/lib/python3.10/site-packages:${PYTHONPATH} /usr/bin/python3 -W ignore:setup.py install is deprecated -W ignore:easy_install command is deprecated setup.py egg_info --egg-base ../../build/turtlesim_ctr build --build-base /home/j4ck/0Clases/TP_Robots/ros2_ej/build/turtlesim_ctr/build install --record /home/j4ck/0Clases/TP_Robots/ros2_ej/build/turtlesim_ctr/install.log --install-scripts $base/lib/turtlesim_ctr --single-version-externally-managed install_data
