[0.000000] (-) TimerEvent: {}
[0.000546] (py_pubsub) JobQueued: {'identifier': 'py_pubsub', 'dependencies': OrderedDict()}
[0.000630] (turtlesim_ctr) JobQueued: {'identifier': 'turtlesim_ctr', 'dependencies': OrderedDict()}
[0.001265] (py_pubsub) JobStarted: {'identifier': 'py_pubsub'}
[0.008868] (turtlesim_ctr) JobStarted: {'identifier': 'turtlesim_ctr'}
[0.099869] (-) TimerEvent: {}
[0.200119] (-) TimerEvent: {}
[0.300367] (-) TimerEvent: {}
[0.400623] (-) TimerEvent: {}
[0.500857] (-) TimerEvent: {}
[0.601137] (-) TimerEvent: {}
[0.701422] (-) TimerEvent: {}
[0.801700] (-) TimerEvent: {}
[0.836405] (py_pubsub) Command: {'cmd': ['/usr/bin/python3', '-W', 'ignore:setup.py install is deprecated', '-W', 'ignore:easy_install command is deprecated', 'setup.py', 'egg_info', '--egg-base', '../../build/py_pubsub', 'build', '--build-base', '/home/jack/Clases/TP_Robots/ros2_ej/build/py_pubsub/build', 'install', '--record', '/home/jack/Clases/TP_Robots/ros2_ej/build/py_pubsub/install.log', '--install-scripts', '$base/lib/py_pubsub', '--single-version-externally-managed', 'install_data'], 'cwd': '/home/jack/Clases/TP_Robots/ros2_ej/src/py_pubsub', 'env': {'GJS_DEBUG_TOPICS': 'JS ERROR;JS LOG', 'OLLAMA_BASE_URL': 'http://localhost:11434/v1', 'USER': 'jack', 'XDG_SESSION_TYPE': 'x11', 'SHLVL': '1', 'CLUTTER_DISABLE_MIPMAPPED_TEXT': '1', 'XDG_CACHE_HOME': '/home/jack/.cache', 'LD_LIBRARY_PATH': '/opt/ros/jazzy/opt/rviz_ogre_vendor/lib:/opt/ros/jazzy/lib/x86_64-linux-gnu:/opt/ros/jazzy/opt/gz_math_vendor/lib:/opt/ros/jazzy/opt/gz_utils_vendor/lib:/opt/ros/jazzy/opt/gz_cmake_vendor/lib:/opt/ros/jazzy/lib', 'BROWSER': 'Brave', 'HOME': '/home/jack', 'TERMINFO': '/usr/lib/kitty/terminfo', 'OLDPWD': '/home/jack/Clases/TP_Robots/ros2_ej/src', 'DESKTOP_SESSION': 'ubuntu', 'KITTY_INSTALLATION_DIR': '/usr/lib/kitty', 'GIO_LAUNCHED_DESKTOP_FILE': '/usr/share/applications/kitty.desktop', 'GTK_MODULES': 'gail:atk-bridge', 'GNOME_SHELL_SESSION_MODE': 'ubuntu', 'ROS_PYTHON_VERSION': '3', 'MANAGERPID': '1644', 'KITTY_PID': '141612', 'DBUS_SESSION_BUS_ADDRESS': 'unix:path=/run/user/1000/bus', 'GSM_SKIP_SSH_AGENT_WORKAROUND': 'true', 'SYSTEMD_EXEC_PID': '3250', 'VISUAL': 'nvim', 'GIO_LAUNCHED_DESKTOP_FILE_PID': '141612', 'COLORTERM': 'truecolor', 'DEBUGINFOD_URLS': 'https://debuginfod.ubuntu.com', 'SYSTEMD_EDITOR': 'nvim', 'ROS_DISTRO': 'jazzy', 'LOGNAME': 'jack', 'JOURNAL_STREAM': '10:21393', 'WINDOWID': '37748750', '_': '/usr/bin/colcon', 'XDG_SESSION_CLASS': 'user', 'MEMORY_PRESSURE_WATCH': '/sys/fs/cgroup/user.slice/user-1000.slice/user@1000.service/session.slice/org.gnome.Shell@x11.service/memory.pressure', 'ROS_VERSION': '2', 'USERNAME': 'jack', 'TERM': 'xterm-kitty', 'KITTY_PUBLIC_KEY': '1:Tx4QWeBNUwjOq)ve>+InR0^iGv(wlzMI)+@BcL4(', 'GNOME_DESKTOP_SESSION_ID': 'this-is-deprecated', 'WINDOWPATH': '2', 'PATH': '/opt/ros/jazzy/bin:/home/jack/.cargo/bin:/home/jack/.local/bin:/home/jack/.local/bin:/home/jack/.local/share/../bin:/home/jack/.local/bin:/home/jack/.local/bin:/usr/local/sbin:/usr/local/bin:/usr/sbin:/usr/bin:/sbin:/bin:/usr/games:/usr/local/games:/snap/bin:/snap/bin', 'SESSION_MANAGER': 'local/euridi3:@/tmp/.ICE-unix/3217,unix/euridi3:/tmp/.ICE-unix/3217', 'INVOCATION_ID': '089d529cd2fe4cc7aef7cf8da4b843ef', 'XDG_RUNTIME_DIR': '/run/user/1000', 'XDG_MENU_PREFIX': 'gnome-', 'DISPLAY': ':1', 'LANG': 'es_ES.UTF-8', 'XDG_CURRENT_DESKTOP': 'ubuntu:GNOME', 'XAUTHORITY': '/run/user/1000/gdm/Xauthority', 'XDG_SESSION_DESKTOP': 'ubuntu', 'XMODIFIERS': '@im=ibus', 'XDG_CONFIG_HOME': '/home/jack/.config', 'XDG_DATA_HOME': '/home/jack/.local/share', 'SSH_AUTH_SOCK': '/run/user/1000/keyring/ssh', 'AMENT_PREFIX_PATH': '/opt/ros/jazzy', 'SHELL': '/usr/bin/zsh', 'QT_ACCESSIBILITY': '1', 'GDMSESSION': 'ubuntu', 'KITTY_WINDOW_ID': '1', 'GPG_AGENT_INFO': '/run/user/1000/gnupg/S.gpg-agent:0:1', 'GJS_DEBUG_OUTPUT': 'stderr', 'QT_IM_MODULE': 'ibus', 'ROS_AUTOMATIC_DISCOVERY_RANGE': 'SUBNET', 'PWD': '/home/jack/Clases/TP_Robots/ros2_ej/build/py_pubsub', 'XDG_DATA_DIRS': '/usr/share/ubuntu:/usr/share/gnome:/usr/local/share/:/usr/share/:/var/lib/snapd/desktop', 'XDG_CONFIG_DIRS': '/etc/xdg/xdg-ubuntu:/etc/xdg', 'QTWEBENGINE_DICTIONARIES_PATH': '/usr/share/hunspell-bdic/', 'PYTHONPATH': '/home/jack/Clases/TP_Robots/ros2_ej/build/py_pubsub/prefix_override:/usr/lib/python3/dist-packages/colcon_core/task/python/colcon_distutils_commands:/home/jack/Clases/TP_Robots/ros2_ej/install/py_pubsub/lib/python3.12/site-packages:/opt/ros/jazzy/lib/python3.12/site-packages', 'COLCON': '1', 'MEMORY_PRESSURE_WRITE': 'c29tZSAyMDAwMDAgMjAwMDAwMAA=', 'CMAKE_PREFIX_PATH': '/opt/ros/jazzy/opt/gz_math_vendor:/opt/ros/jazzy/opt/gz_utils_vendor:/opt/ros/jazzy/opt/gz_cmake_vendor', 'EDITOR': 'nvim'}, 'shell': False}
[0.844742] (turtlesim_ctr) Command: {'cmd': ['/usr/bin/python3', '-W', 'ignore:setup.py install is deprecated', '-W', 'ignore:easy_install command is deprecated', 'setup.py', 'egg_info', '--egg-base', '../../build/turtlesim_ctr', 'build', '--build-base', '/home/jack/Clases/TP_Robots/ros2_ej/build/turtlesim_ctr/build', 'install', '--record', '/home/jack/Clases/TP_Robots/ros2_ej/build/turtlesim_ctr/install.log', '--install-scripts', '$base/lib/turtlesim_ctr', '--single-version-externally-managed', 'install_data'], 'cwd': '/home/jack/Clases/TP_Robots/ros2_ej/src/turtlesim_ctr', 'env': {'GJS_DEBUG_TOPICS': 'JS ERROR;JS LOG', 'OLLAMA_BASE_URL': 'http://localhost:11434/v1', 'USER': 'jack', 'XDG_SESSION_TYPE': 'x11', 'SHLVL': '1', 'CLUTTER_DISABLE_MIPMAPPED_TEXT': '1', 'XDG_CACHE_HOME': '/home/jack/.cache', 'LD_LIBRARY_PATH': '/opt/ros/jazzy/opt/rviz_ogre_vendor/lib:/opt/ros/jazzy/lib/x86_64-linux-gnu:/opt/ros/jazzy/opt/gz_math_vendor/lib:/opt/ros/jazzy/opt/gz_utils_vendor/lib:/opt/ros/jazzy/opt/gz_cmake_vendor/lib:/opt/ros/jazzy/lib', 'BROWSER': 'Brave', 'HOME': '/home/jack', 'TERMINFO': '/usr/lib/kitty/terminfo', 'OLDPWD': '/home/jack/Clases/TP_Robots/ros2_ej/src', 'DESKTOP_SESSION': 'ubuntu', 'KITTY_INSTALLATION_DIR': '/usr/lib/kitty', 'GIO_LAUNCHED_DESKTOP_FILE': '/usr/share/applications/kitty.desktop', 'GTK_MODULES': 'gail:atk-bridge', 'GNOME_SHELL_SESSION_MODE': 'ubuntu', 'ROS_PYTHON_VERSION': '3', 'MANAGERPID': '1644', 'KITTY_PID': '141612', 'DBUS_SESSION_BUS_ADDRESS': 'unix:path=/run/user/1000/bus', 'GSM_SKIP_SSH_AGENT_WORKAROUND': 'true', 'SYSTEMD_EXEC_PID': '3250', 'VISUAL': 'nvim', 'GIO_LAUNCHED_DESKTOP_FILE_PID': '141612', 'COLORTERM': 'truecolor', 'DEBUGINFOD_URLS': 'https://debuginfod.ubuntu.com', 'SYSTEMD_EDITOR': 'nvim', 'ROS_DISTRO': 'jazzy', 'LOGNAME': 'jack', 'JOURNAL_STREAM': '10:21393', 'WINDOWID': '37748750', '_': '/usr/bin/colcon', 'XDG_SESSION_CLASS': 'user', 'MEMORY_PRESSURE_WATCH': '/sys/fs/cgroup/user.slice/user-1000.slice/user@1000.service/session.slice/org.gnome.Shell@x11.service/memory.pressure', 'ROS_VERSION': '2', 'USERNAME': 'jack', 'TERM': 'xterm-kitty', 'KITTY_PUBLIC_KEY': '1:Tx4QWeBNUwjOq)ve>+InR0^iGv(wlzMI)+@BcL4(', 'GNOME_DESKTOP_SESSION_ID': 'this-is-deprecated', 'WINDOWPATH': '2', 'PATH': '/opt/ros/jazzy/bin:/home/jack/.cargo/bin:/home/jack/.local/bin:/home/jack/.local/bin:/home/jack/.local/share/../bin:/home/jack/.local/bin:/home/jack/.local/bin:/usr/local/sbin:/usr/local/bin:/usr/sbin:/usr/bin:/sbin:/bin:/usr/games:/usr/local/games:/snap/bin:/snap/bin', 'SESSION_MANAGER': 'local/euridi3:@/tmp/.ICE-unix/3217,unix/euridi3:/tmp/.ICE-unix/3217', 'INVOCATION_ID': '089d529cd2fe4cc7aef7cf8da4b843ef', 'XDG_RUNTIME_DIR': '/run/user/1000', 'XDG_MENU_PREFIX': 'gnome-', 'DISPLAY': ':1', 'LANG': 'es_ES.UTF-8', 'XDG_CURRENT_DESKTOP': 'ubuntu:GNOME', 'XAUTHORITY': '/run/user/1000/gdm/Xauthority', 'XDG_SESSION_DESKTOP': 'ubuntu', 'XMODIFIERS': '@im=ibus', 'XDG_CONFIG_HOME': '/home/jack/.config', 'XDG_DATA_HOME': '/home/jack/.local/share', 'SSH_AUTH_SOCK': '/run/user/1000/keyring/ssh', 'AMENT_PREFIX_PATH': '/opt/ros/jazzy', 'SHELL': '/usr/bin/zsh', 'QT_ACCESSIBILITY': '1', 'GDMSESSION': 'ubuntu', 'KITTY_WINDOW_ID': '1', 'GPG_AGENT_INFO': '/run/user/1000/gnupg/S.gpg-agent:0:1', 'GJS_DEBUG_OUTPUT': 'stderr', 'QT_IM_MODULE': 'ibus', 'ROS_AUTOMATIC_DISCOVERY_RANGE': 'SUBNET', 'PWD': '/home/jack/Clases/TP_Robots/ros2_ej/build/turtlesim_ctr', 'XDG_DATA_DIRS': '/usr/share/ubuntu:/usr/share/gnome:/usr/local/share/:/usr/share/:/var/lib/snapd/desktop', 'XDG_CONFIG_DIRS': '/etc/xdg/xdg-ubuntu:/etc/xdg', 'QTWEBENGINE_DICTIONARIES_PATH': '/usr/share/hunspell-bdic/', 'PYTHONPATH': '/home/jack/Clases/TP_Robots/ros2_ej/build/turtlesim_ctr/prefix_override:/usr/lib/python3/dist-packages/colcon_core/task/python/colcon_distutils_commands:/home/jack/Clases/TP_Robots/ros2_ej/install/turtlesim_ctr/lib/python3.12/site-packages:/opt/ros/jazzy/lib/python3.12/site-packages', 'COLCON': '1', 'MEMORY_PRESSURE_WRITE': 'c29tZSAyMDAwMDAgMjAwMDAwMAA=', 'CMAKE_PREFIX_PATH': '/opt/ros/jazzy/opt/gz_math_vendor:/opt/ros/jazzy/opt/gz_utils_vendor:/opt/ros/jazzy/opt/gz_cmake_vendor', 'EDITOR': 'nvim'}, 'shell': False}
[0.901822] (-) TimerEvent: {}
[1.002105] (-) TimerEvent: {}
[1.032858] (py_pubsub) StdoutLine: {'line': b'running egg_info\n'}
[1.039012] (turtlesim_ctr) StdoutLine: {'line': b'running egg_info\n'}
[1.039254] (turtlesim_ctr) StdoutLine: {'line': b'creating ../../build/turtlesim_ctr/turtlesim_ctr.egg-info\n'}
[1.046954] (py_pubsub) StdoutLine: {'line': b'writing ../../build/py_pubsub/py_pubsub.egg-info/PKG-INFO\n'}
[1.047238] (py_pubsub) StdoutLine: {'line': b'writing dependency_links to ../../build/py_pubsub/py_pubsub.egg-info/dependency_links.txt\n'}
[1.047445] (py_pubsub) StdoutLine: {'line': b'writing entry points to ../../build/py_pubsub/py_pubsub.egg-info/entry_points.txt\n'}
[1.047609] (py_pubsub) StdoutLine: {'line': b'writing requirements to ../../build/py_pubsub/py_pubsub.egg-info/requires.txt\n'}
[1.047706] (py_pubsub) StdoutLine: {'line': b'writing top-level names to ../../build/py_pubsub/py_pubsub.egg-info/top_level.txt\n'}
[1.053203] (turtlesim_ctr) StdoutLine: {'line': b'writing ../../build/turtlesim_ctr/turtlesim_ctr.egg-info/PKG-INFO\n'}
[1.053477] (turtlesim_ctr) StdoutLine: {'line': b'writing dependency_links to ../../build/turtlesim_ctr/turtlesim_ctr.egg-info/dependency_links.txt\n'}
[1.053739] (turtlesim_ctr) StdoutLine: {'line': b'writing entry points to ../../build/turtlesim_ctr/turtlesim_ctr.egg-info/entry_points.txt\n'}
[1.053889] (turtlesim_ctr) StdoutLine: {'line': b'writing requirements to ../../build/turtlesim_ctr/turtlesim_ctr.egg-info/requires.txt\n'}
[1.053994] (turtlesim_ctr) StdoutLine: {'line': b'writing top-level names to ../../build/turtlesim_ctr/turtlesim_ctr.egg-info/top_level.txt\n'}
[1.054161] (turtlesim_ctr) StdoutLine: {'line': b"writing manifest file '../../build/turtlesim_ctr/turtlesim_ctr.egg-info/SOURCES.txt'\n"}
[1.076710] (py_pubsub) StdoutLine: {'line': b"reading manifest file '../../build/py_pubsub/py_pubsub.egg-info/SOURCES.txt'\n"}
[1.077075] (py_pubsub) StdoutLine: {'line': b"adding license file 'LICENSE'\n"}
[1.077284] (py_pubsub) StdoutLine: {'line': b"writing manifest file '../../build/py_pubsub/py_pubsub.egg-info/SOURCES.txt'\n"}
[1.077389] (py_pubsub) StdoutLine: {'line': b'running build\n'}
[1.077440] (py_pubsub) StdoutLine: {'line': b'running build_py\n'}
[1.077604] (py_pubsub) StdoutLine: {'line': b'running install\n'}
[1.081868] (py_pubsub) StdoutLine: {'line': b'running install_lib\n'}
[1.082709] (turtlesim_ctr) StdoutLine: {'line': b"reading manifest file '../../build/turtlesim_ctr/turtlesim_ctr.egg-info/SOURCES.txt'\n"}
[1.082955] (turtlesim_ctr) StdoutLine: {'line': b"adding license file 'LICENSE'\n"}
[1.083216] (turtlesim_ctr) StdoutLine: {'line': b"writing manifest file '../../build/turtlesim_ctr/turtlesim_ctr.egg-info/SOURCES.txt'\n"}
[1.083319] (turtlesim_ctr) StdoutLine: {'line': b'running build\n'}
[1.083362] (turtlesim_ctr) StdoutLine: {'line': b'running build_py\n'}
[1.083449] (turtlesim_ctr) StdoutLine: {'line': b'creating /home/jack/Clases/TP_Robots/ros2_ej/build/turtlesim_ctr/build\n'}
[1.083529] (turtlesim_ctr) StdoutLine: {'line': b'creating /home/jack/Clases/TP_Robots/ros2_ej/build/turtlesim_ctr/build/lib\n'}
[1.083595] (turtlesim_ctr) StdoutLine: {'line': b'creating /home/jack/Clases/TP_Robots/ros2_ej/build/turtlesim_ctr/build/lib/turtlesim_ctr\n'}
[1.083640] (turtlesim_ctr) StdoutLine: {'line': b'copying turtlesim_ctr/__init__.py -> /home/jack/Clases/TP_Robots/ros2_ej/build/turtlesim_ctr/build/lib/turtlesim_ctr\n'}
[1.083708] (turtlesim_ctr) StdoutLine: {'line': b'copying turtlesim_ctr/position_ctr.py -> /home/jack/Clases/TP_Robots/ros2_ej/build/turtlesim_ctr/build/lib/turtlesim_ctr\n'}
[1.083805] (turtlesim_ctr) StdoutLine: {'line': b'running install\n'}
[1.088060] (turtlesim_ctr) StdoutLine: {'line': b'running install_lib\n'}
[1.096965] (py_pubsub) StdoutLine: {'line': b'running install_data\n'}
[1.097180] (py_pubsub) StdoutLine: {'line': b'running install_egg_info\n'}
[1.102202] (-) TimerEvent: {}
[1.102713] (turtlesim_ctr) StdoutLine: {'line': b'creating /home/jack/Clases/TP_Robots/ros2_ej/install/turtlesim_ctr/lib/python3.12/site-packages/turtlesim_ctr\n'}
[1.102980] (turtlesim_ctr) StdoutLine: {'line': b'copying /home/jack/Clases/TP_Robots/ros2_ej/build/turtlesim_ctr/build/lib/turtlesim_ctr/__init__.py -> /home/jack/Clases/TP_Robots/ros2_ej/install/turtlesim_ctr/lib/python3.12/site-packages/turtlesim_ctr\n'}
[1.103131] (turtlesim_ctr) StdoutLine: {'line': b'copying /home/jack/Clases/TP_Robots/ros2_ej/build/turtlesim_ctr/build/lib/turtlesim_ctr/position_ctr.py -> /home/jack/Clases/TP_Robots/ros2_ej/install/turtlesim_ctr/lib/python3.12/site-packages/turtlesim_ctr\n'}
[1.103286] (turtlesim_ctr) StdoutLine: {'line': b'byte-compiling /home/jack/Clases/TP_Robots/ros2_ej/install/turtlesim_ctr/lib/python3.12/site-packages/turtlesim_ctr/__init__.py to __init__.cpython-312.pyc\n'}
[1.103489] (turtlesim_ctr) StdoutLine: {'line': b'byte-compiling /home/jack/Clases/TP_Robots/ros2_ej/install/turtlesim_ctr/lib/python3.12/site-packages/turtlesim_ctr/position_ctr.py to position_ctr.cpython-312.pyc\n'}
[1.103823] (turtlesim_ctr) StdoutLine: {'line': b'running install_data\n'}
[1.103909] (turtlesim_ctr) StdoutLine: {'line': b'creating /home/jack/Clases/TP_Robots/ros2_ej/install/turtlesim_ctr/share/ament_index\n'}
[1.103958] (turtlesim_ctr) StdoutLine: {'line': b'creating /home/jack/Clases/TP_Robots/ros2_ej/install/turtlesim_ctr/share/ament_index/resource_index\n'}
[1.104017] (turtlesim_ctr) StdoutLine: {'line': b'creating /home/jack/Clases/TP_Robots/ros2_ej/install/turtlesim_ctr/share/ament_index/resource_index/packages\n'}
[1.104068] (turtlesim_ctr) StdoutLine: {'line': b'copying resource/turtlesim_ctr -> /home/jack/Clases/TP_Robots/ros2_ej/install/turtlesim_ctr/share/ament_index/resource_index/packages\n'}
[1.104122] (turtlesim_ctr) StdoutLine: {'line': b'copying package.xml -> /home/jack/Clases/TP_Robots/ros2_ej/install/turtlesim_ctr/share/turtlesim_ctr\n'}
[1.104180] (turtlesim_ctr) StdoutLine: {'line': b'running install_egg_info\n'}
[1.112390] (py_pubsub) StdoutLine: {'line': b"removing '/home/jack/Clases/TP_Robots/ros2_ej/install/py_pubsub/lib/python3.12/site-packages/py_pubsub-0.0.0-py3.12.egg-info' (and everything under it)\n"}
[1.112647] (py_pubsub) StdoutLine: {'line': b'Copying ../../build/py_pubsub/py_pubsub.egg-info to /home/jack/Clases/TP_Robots/ros2_ej/install/py_pubsub/lib/python3.12/site-packages/py_pubsub-0.0.0-py3.12.egg-info\n'}
[1.113328] (py_pubsub) StdoutLine: {'line': b'running install_scripts\n'}
[1.119554] (turtlesim_ctr) StdoutLine: {'line': b'Copying ../../build/turtlesim_ctr/turtlesim_ctr.egg-info to /home/jack/Clases/TP_Robots/ros2_ej/install/turtlesim_ctr/lib/python3.12/site-packages/turtlesim_ctr-0.0.0-py3.12.egg-info\n'}
[1.120286] (turtlesim_ctr) StdoutLine: {'line': b'running install_scripts\n'}
[1.202322] (-) TimerEvent: {}
[1.212171] (py_pubsub) StdoutLine: {'line': b'Installing listener script to /home/jack/Clases/TP_Robots/ros2_ej/install/py_pubsub/lib/py_pubsub\n'}
[1.212389] (py_pubsub) StdoutLine: {'line': b'Installing talker script to /home/jack/Clases/TP_Robots/ros2_ej/install/py_pubsub/lib/py_pubsub\n'}
[1.212528] (py_pubsub) StdoutLine: {'line': b"writing list of installed files to '/home/jack/Clases/TP_Robots/ros2_ej/build/py_pubsub/install.log'\n"}
[1.219376] (turtlesim_ctr) StdoutLine: {'line': b'Installing pose_ctrl script to /home/jack/Clases/TP_Robots/ros2_ej/install/turtlesim_ctr/lib/turtlesim_ctr\n'}
[1.219697] (turtlesim_ctr) StdoutLine: {'line': b"writing list of installed files to '/home/jack/Clases/TP_Robots/ros2_ej/build/turtlesim_ctr/install.log'\n"}
[1.234527] (py_pubsub) CommandEnded: {'returncode': 0}
[1.241339] (py_pubsub) JobEnded: {'identifier': 'py_pubsub', 'rc': 0}
[1.248220] (turtlesim_ctr) CommandEnded: {'returncode': 0}
[1.252601] (turtlesim_ctr) JobEnded: {'identifier': 'turtlesim_ctr', 'rc': 0}
[1.253328] (-) EventReactorShutdown: {}
