/home/j4ck/0Clases/TP_Robots/ros2_ej/install/turtlesim_ctr/lib/python3.10/site-packages/turtlesim_ctr/position_ctr.py
/home/j4ck/0Clases/TP_Robots/ros2_ej/install/turtlesim_ctr/lib/python3.10/site-packages/turtlesim_ctr/listener2_ctr.py
/home/j4ck/0Clases/TP_Robots/ros2_ej/install/turtlesim_ctr/lib/python3.10/site-packages/turtlesim_ctr/__init__.py
/home/j4ck/0Clases/TP_Robots/ros2_ej/install/turtlesim_ctr/lib/python3.10/site-packages/turtlesim_ctr/listener_ctr.py
/home/j4ck/0Clases/TP_Robots/ros2_ej/install/turtlesim_ctr/lib/python3.10/site-packages/turtlesim_ctr/__pycache__/position_ctr.cpython-310.pyc
/home/j4ck/0Clases/TP_Robots/ros2_ej/install/turtlesim_ctr/lib/python3.10/site-packages/turtlesim_ctr/__pycache__/listener2_ctr.cpython-310.pyc
/home/j4ck/0Clases/TP_Robots/ros2_ej/install/turtlesim_ctr/lib/python3.10/site-packages/turtlesim_ctr/__pycache__/__init__.cpython-310.pyc
/home/j4ck/0Clases/TP_Robots/ros2_ej/install/turtlesim_ctr/lib/python3.10/site-packages/turtlesim_ctr/__pycache__/listener_ctr.cpython-310.pyc
/home/j4ck/0Clases/TP_Robots/ros2_ej/install/turtlesim_ctr/share/ament_index/resource_index/packages/turtlesim_ctr
/home/j4ck/0Clases/TP_Robots/ros2_ej/install/turtlesim_ctr/share/turtlesim_ctr/package.xml
/home/j4ck/0Clases/TP_Robots/ros2_ej/install/turtlesim_ctr/lib/python3.10/site-packages/turtlesim_ctr-0.0.0-py3.10.egg-info/entry_points.txt
/home/j4ck/0Clases/TP_Robots/ros2_ej/install/turtlesim_ctr/lib/python3.10/site-packages/turtlesim_ctr-0.0.0-py3.10.egg-info/dependency_links.txt
/home/j4ck/0Clases/TP_Robots/ros2_ej/install/turtlesim_ctr/lib/python3.10/site-packages/turtlesim_ctr-0.0.0-py3.10.egg-info/requires.txt
/home/j4ck/0Clases/TP_Robots/ros2_ej/install/turtlesim_ctr/lib/python3.10/site-packages/turtlesim_ctr-0.0.0-py3.10.egg-info/top_level.txt
/home/j4ck/0Clases/TP_Robots/ros2_ej/install/turtlesim_ctr/lib/python3.10/site-packages/turtlesim_ctr-0.0.0-py3.10.egg-info/PKG-INFO
/home/j4ck/0Clases/TP_Robots/ros2_ej/install/turtlesim_ctr/lib/python3.10/site-packages/turtlesim_ctr-0.0.0-py3.10.egg-info/SOURCES.txt
/home/j4ck/0Clases/TP_Robots/ros2_ej/install/turtlesim_ctr/lib/python3.10/site-packages/turtlesim_ctr-0.0.0-py3.10.egg-info/zip-safe
/home/j4ck/0Clases/TP_Robots/ros2_ej/install/turtlesim_ctr/lib/turtlesim_ctr/listener2_ctrl
/home/j4ck/0Clases/TP_Robots/ros2_ej/install/turtlesim_ctr/lib/turtlesim_ctr/listener_ctrl
/home/j4ck/0Clases/TP_Robots/ros2_ej/install/turtlesim_ctr/lib/turtlesim_ctr/pose_ctrl
