[0.000000] (-) TimerEvent: {}
[0.000142] (py_pubsub) JobQueued: {'identifier': 'py_pubsub', 'dependencies': OrderedDict()}
[0.000187] (turtlesim_ctr) JobQueued: {'identifier': 'turtlesim_ctr', 'dependencies': OrderedDict()}
[0.000216] (py_pubsub) JobStarted: {'identifier': 'py_pubsub'}
[0.007511] (turtlesim_ctr) JobStarted: {'identifier': 'turtlesim_ctr'}
[0.099033] (-) TimerEvent: {}
[0.199403] (-) TimerEvent: {}
[0.299779] (-) TimerEvent: {}
[0.400104] (-) TimerEvent: {}
[0.500380] (-) TimerEvent: {}
[0.600661] (-) TimerEvent: {}
[0.700937] (-) TimerEvent: {}
[0.801223] (-) TimerEvent: {}
[0.861795] (py_pubsub) Command: {'cmd': ['/usr/bin/python3', '-W', 'ignore:setup.py install is deprecated', '-W', 'ignore:easy_install command is deprecated', 'setup.py', 'egg_info', '--egg-base', '../../build/py_pubsub', 'build', '--build-base', '/home/jack/Clases/TP_Robots/ros2_ej/build/py_pubsub/build', 'install', '--record', '/home/jack/Clases/TP_Robots/ros2_ej/build/py_pubsub/install.log', '--install-scripts', '$base/lib/py_pubsub', '--single-version-externally-managed', 'install_data'], 'cwd': '/home/jack/Clases/TP_Robots/ros2_ej/src/py_pubsub', 'env': {'GJS_DEBUG_TOPICS': 'JS ERROR;JS LOG', 'OLLAMA_BASE_URL': 'http://localhost:11434/v1', 'USER': 'jack', 'XDG_SESSION_TYPE': 'x11', 'SHLVL': '1', 'CLUTTER_DISABLE_MIPMAPPED_TEXT': '1', 'XDG_CACHE_HOME': '/home/jack/.cache', 'LD_LIBRARY_PATH': '/opt/ros/jazzy/opt/rviz_ogre_vendor/lib:/opt/ros/jazzy/lib/x86_64-linux-gnu:/opt/ros/jazzy/opt/gz_math_vendor/lib:/opt/ros/jazzy/opt/gz_utils_vendor/lib:/opt/ros/jazzy/opt/gz_cmake_vendor/lib:/opt/ros/jazzy/lib', 'BROWSER': 'Brave', 'HOME': '/home/jack', 'TERMINFO': '/usr/lib/kitty/terminfo', 'OLDPWD': '/home/jack/Clases/TP_Robots/ros2_ej/src', 'DESKTOP_SESSION': 'ubuntu', 'KITTY_INSTALLATION_DIR': '/usr/lib/kitty', 'GIO_LAUNCHED_DESKTOP_FILE': '/usr/share/applications/kitty.desktop', 'GTK_MODULES': 'gail:atk-bridge', 'GNOME_SHELL_SESSION_MODE': 'ubuntu', 'ROS_PYTHON_VERSION': '3', 'MANAGERPID': '1644', 'KITTY_PID': '141612', 'DBUS_SESSION_BUS_ADDRESS': 'unix:path=/run/user/1000/bus', 'GSM_SKIP_SSH_AGENT_WORKAROUND': 'true', 'SYSTEMD_EXEC_PID': '3250', 'VISUAL': 'nvim', 'GIO_LAUNCHED_DESKTOP_FILE_PID': '141612', 'COLORTERM': 'truecolor', 'DEBUGINFOD_URLS': 'https://debuginfod.ubuntu.com', 'SYSTEMD_EDITOR': 'nvim', 'ROS_DISTRO': 'jazzy', 'COLCON_PREFIX_PATH': '/home/jack/Clases/TP_Robots/ros2_ej/install', 'LOGNAME': 'jack', 'JOURNAL_STREAM': '10:21393', 'WINDOWID': '37748750', '_': '/usr/bin/colcon', 'XDG_SESSION_CLASS': 'user', 'MEMORY_PRESSURE_WATCH': '/sys/fs/cgroup/user.slice/user-1000.slice/user@1000.service/session.slice/org.gnome.Shell@x11.service/memory.pressure', 'ROS_VERSION': '2', 'USERNAME': 'jack', 'TERM': 'xterm-kitty', 'KITTY_PUBLIC_KEY': '1:Tx4QWeBNUwjOq)ve>+InR0^iGv(wlzMI)+@BcL4(', 'GNOME_DESKTOP_SESSION_ID': 'this-is-deprecated', 'WINDOWPATH': '2', 'PATH': '/opt/ros/jazzy/bin:/home/jack/.cargo/bin:/home/jack/.local/bin:/home/jack/.local/bin:/home/jack/.local/share/../bin:/home/jack/.local/bin:/home/jack/.local/bin:/usr/local/sbin:/usr/local/bin:/usr/sbin:/usr/bin:/sbin:/bin:/usr/games:/usr/local/games:/snap/bin:/snap/bin', 'SESSION_MANAGER': 'local/euridi3:@/tmp/.ICE-unix/3217,unix/euridi3:/tmp/.ICE-unix/3217', 'INVOCATION_ID': '089d529cd2fe4cc7aef7cf8da4b843ef', 'XDG_RUNTIME_DIR': '/run/user/1000', 'XDG_MENU_PREFIX': 'gnome-', 'DISPLAY': ':1', 'LANG': 'es_ES.UTF-8', 'XDG_CURRENT_DESKTOP': 'ubuntu:GNOME', 'XAUTHORITY': '/run/user/1000/gdm/Xauthority', 'XDG_SESSION_DESKTOP': 'ubuntu', 'XMODIFIERS': '@im=ibus', 'XDG_CONFIG_HOME': '/home/jack/.config', 'XDG_DATA_HOME': '/home/jack/.local/share', 'SSH_AUTH_SOCK': '/run/user/1000/keyring/ssh', 'AMENT_PREFIX_PATH': '/home/jack/Clases/TP_Robots/ros2_ej/install/turtlesim_ctr:/home/jack/Clases/TP_Robots/ros2_ej/install/py_pubsub:/opt/ros/jazzy', 'SHELL': '/usr/bin/zsh', 'QT_ACCESSIBILITY': '1', 'GDMSESSION': 'ubuntu', 'KITTY_WINDOW_ID': '1', 'GPG_AGENT_INFO': '/run/user/1000/gnupg/S.gpg-agent:0:1', 'GJS_DEBUG_OUTPUT': 'stderr', 'QT_IM_MODULE': 'ibus', 'ROS_AUTOMATIC_DISCOVERY_RANGE': 'SUBNET', 'PWD': '/home/jack/Clases/TP_Robots/ros2_ej/build/py_pubsub', 'XDG_DATA_DIRS': '/usr/share/ubuntu:/usr/share/gnome:/usr/local/share/:/usr/share/:/var/lib/snapd/desktop', 'XDG_CONFIG_DIRS': '/etc/xdg/xdg-ubuntu:/etc/xdg', 'QTWEBENGINE_DICTIONARIES_PATH': '/usr/share/hunspell-bdic/', 'PYTHONPATH': '/home/jack/Clases/TP_Robots/ros2_ej/build/py_pubsub/prefix_override:/usr/lib/python3/dist-packages/colcon_core/task/python/colcon_distutils_commands:/home/jack/Clases/TP_Robots/ros2_ej/install/py_pubsub/lib/python3.12/site-packages:/home/jack/Clases/TP_Robots/ros2_ej/install/turtlesim_ctr/lib/python3.12/site-packages:/home/jack/Clases/TP_Robots/ros2_ej/install/py_pubsub/lib/python3.12/site-packages:/opt/ros/jazzy/lib/python3.12/site-packages', 'COLCON': '1', 'MEMORY_PRESSURE_WRITE': 'c29tZSAyMDAwMDAgMjAwMDAwMAA=', 'CMAKE_PREFIX_PATH': '/opt/ros/jazzy/opt/gz_math_vendor:/opt/ros/jazzy/opt/gz_utils_vendor:/opt/ros/jazzy/opt/gz_cmake_vendor', 'EDITOR': 'nvim'}, 'shell': False}
[0.865048] (turtlesim_ctr) Command: {'cmd': ['/usr/bin/python3', '-W', 'ignore:setup.py install is deprecated', '-W', 'ignore:easy_install command is deprecated', 'setup.py', 'egg_info', '--egg-base', '../../build/turtlesim_ctr', 'build', '--build-base', '/home/jack/Clases/TP_Robots/ros2_ej/build/turtlesim_ctr/build', 'install', '--record', '/home/jack/Clases/TP_Robots/ros2_ej/build/turtlesim_ctr/install.log', '--install-scripts', '$base/lib/turtlesim_ctr', '--single-version-externally-managed', 'install_data'], 'cwd': '/home/jack/Clases/TP_Robots/ros2_ej/src/turtlesim_ctr', 'env': {'GJS_DEBUG_TOPICS': 'JS ERROR;JS LOG', 'OLLAMA_BASE_URL': 'http://localhost:11434/v1', 'USER': 'jack', 'XDG_SESSION_TYPE': 'x11', 'SHLVL': '1', 'CLUTTER_DISABLE_MIPMAPPED_TEXT': '1', 'XDG_CACHE_HOME': '/home/jack/.cache', 'LD_LIBRARY_PATH': '/opt/ros/jazzy/opt/rviz_ogre_vendor/lib:/opt/ros/jazzy/lib/x86_64-linux-gnu:/opt/ros/jazzy/opt/gz_math_vendor/lib:/opt/ros/jazzy/opt/gz_utils_vendor/lib:/opt/ros/jazzy/opt/gz_cmake_vendor/lib:/opt/ros/jazzy/lib', 'BROWSER': 'Brave', 'HOME': '/home/jack', 'TERMINFO': '/usr/lib/kitty/terminfo', 'OLDPWD': '/home/jack/Clases/TP_Robots/ros2_ej/src', 'DESKTOP_SESSION': 'ubuntu', 'KITTY_INSTALLATION_DIR': '/usr/lib/kitty', 'GIO_LAUNCHED_DESKTOP_FILE': '/usr/share/applications/kitty.desktop', 'GTK_MODULES': 'gail:atk-bridge', 'GNOME_SHELL_SESSION_MODE': 'ubuntu', 'ROS_PYTHON_VERSION': '3', 'MANAGERPID': '1644', 'KITTY_PID': '141612', 'DBUS_SESSION_BUS_ADDRESS': 'unix:path=/run/user/1000/bus', 'GSM_SKIP_SSH_AGENT_WORKAROUND': 'true', 'SYSTEMD_EXEC_PID': '3250', 'VISUAL': 'nvim', 'GIO_LAUNCHED_DESKTOP_FILE_PID': '141612', 'COLORTERM': 'truecolor', 'DEBUGINFOD_URLS': 'https://debuginfod.ubuntu.com', 'SYSTEMD_EDITOR': 'nvim', 'ROS_DISTRO': 'jazzy', 'COLCON_PREFIX_PATH': '/home/jack/Clases/TP_Robots/ros2_ej/install', 'LOGNAME': 'jack', 'JOURNAL_STREAM': '10:21393', 'WINDOWID': '37748750', '_': '/usr/bin/colcon', 'XDG_SESSION_CLASS': 'user', 'MEMORY_PRESSURE_WATCH': '/sys/fs/cgroup/user.slice/user-1000.slice/user@1000.service/session.slice/org.gnome.Shell@x11.service/memory.pressure', 'ROS_VERSION': '2', 'USERNAME': 'jack', 'TERM': 'xterm-kitty', 'KITTY_PUBLIC_KEY': '1:Tx4QWeBNUwjOq)ve>+InR0^iGv(wlzMI)+@BcL4(', 'GNOME_DESKTOP_SESSION_ID': 'this-is-deprecated', 'WINDOWPATH': '2', 'PATH': '/opt/ros/jazzy/bin:/home/jack/.cargo/bin:/home/jack/.local/bin:/home/jack/.local/bin:/home/jack/.local/share/../bin:/home/jack/.local/bin:/home/jack/.local/bin:/usr/local/sbin:/usr/local/bin:/usr/sbin:/usr/bin:/sbin:/bin:/usr/games:/usr/local/games:/snap/bin:/snap/bin', 'SESSION_MANAGER': 'local/euridi3:@/tmp/.ICE-unix/3217,unix/euridi3:/tmp/.ICE-unix/3217', 'INVOCATION_ID': '089d529cd2fe4cc7aef7cf8da4b843ef', 'XDG_RUNTIME_DIR': '/run/user/1000', 'XDG_MENU_PREFIX': 'gnome-', 'DISPLAY': ':1', 'LANG': 'es_ES.UTF-8', 'XDG_CURRENT_DESKTOP': 'ubuntu:GNOME', 'XAUTHORITY': '/run/user/1000/gdm/Xauthority', 'XDG_SESSION_DESKTOP': 'ubuntu', 'XMODIFIERS': '@im=ibus', 'XDG_CONFIG_HOME': '/home/jack/.config', 'XDG_DATA_HOME': '/home/jack/.local/share', 'SSH_AUTH_SOCK': '/run/user/1000/keyring/ssh', 'AMENT_PREFIX_PATH': '/home/jack/Clases/TP_Robots/ros2_ej/install/turtlesim_ctr:/home/jack/Clases/TP_Robots/ros2_ej/install/py_pubsub:/opt/ros/jazzy', 'SHELL': '/usr/bin/zsh', 'QT_ACCESSIBILITY': '1', 'GDMSESSION': 'ubuntu', 'KITTY_WINDOW_ID': '1', 'GPG_AGENT_INFO': '/run/user/1000/gnupg/S.gpg-agent:0:1', 'GJS_DEBUG_OUTPUT': 'stderr', 'QT_IM_MODULE': 'ibus', 'ROS_AUTOMATIC_DISCOVERY_RANGE': 'SUBNET', 'PWD': '/home/jack/Clases/TP_Robots/ros2_ej/build/turtlesim_ctr', 'XDG_DATA_DIRS': '/usr/share/ubuntu:/usr/share/gnome:/usr/local/share/:/usr/share/:/var/lib/snapd/desktop', 'XDG_CONFIG_DIRS': '/etc/xdg/xdg-ubuntu:/etc/xdg', 'QTWEBENGINE_DICTIONARIES_PATH': '/usr/share/hunspell-bdic/', 'PYTHONPATH': '/home/jack/Clases/TP_Robots/ros2_ej/build/turtlesim_ctr/prefix_override:/usr/lib/python3/dist-packages/colcon_core/task/python/colcon_distutils_commands:/home/jack/Clases/TP_Robots/ros2_ej/install/turtlesim_ctr/lib/python3.12/site-packages:/home/jack/Clases/TP_Robots/ros2_ej/install/turtlesim_ctr/lib/python3.12/site-packages:/home/jack/Clases/TP_Robots/ros2_ej/install/py_pubsub/lib/python3.12/site-packages:/opt/ros/jazzy/lib/python3.12/site-packages', 'COLCON': '1', 'MEMORY_PRESSURE_WRITE': 'c29tZSAyMDAwMDAgMjAwMDAwMAA=', 'CMAKE_PREFIX_PATH': '/opt/ros/jazzy/opt/gz_math_vendor:/opt/ros/jazzy/opt/gz_utils_vendor:/opt/ros/jazzy/opt/gz_cmake_vendor', 'EDITOR': 'nvim'}, 'shell': False}
[0.901340] (-) TimerEvent: {}
[1.001633] (-) TimerEvent: {}
[1.055794] (turtlesim_ctr) StdoutLine: {'line': b'running egg_info\n'}
[1.057463] (py_pubsub) StdoutLine: {'line': b'running egg_info\n'}
[1.069793] (turtlesim_ctr) StdoutLine: {'line': b'writing ../../build/turtlesim_ctr/turtlesim_ctr.egg-info/PKG-INFO\n'}
[1.070037] (turtlesim_ctr) StdoutLine: {'line': b'writing dependency_links to ../../build/turtlesim_ctr/turtlesim_ctr.egg-info/dependency_links.txt\n'}
[1.070303] (turtlesim_ctr) StdoutLine: {'line': b'writing entry points to ../../build/turtlesim_ctr/turtlesim_ctr.egg-info/entry_points.txt\n'}
[1.070465] (turtlesim_ctr) StdoutLine: {'line': b'writing requirements to ../../build/turtlesim_ctr/turtlesim_ctr.egg-info/requires.txt\n'}
[1.070573] (turtlesim_ctr) StdoutLine: {'line': b'writing top-level names to ../../build/turtlesim_ctr/turtlesim_ctr.egg-info/top_level.txt\n'}
[1.071552] (py_pubsub) StdoutLine: {'line': b'writing ../../build/py_pubsub/py_pubsub.egg-info/PKG-INFO\n'}
[1.071719] (py_pubsub) StdoutLine: {'line': b'writing dependency_links to ../../build/py_pubsub/py_pubsub.egg-info/dependency_links.txt\n'}
[1.071888] (py_pubsub) StdoutLine: {'line': b'writing entry points to ../../build/py_pubsub/py_pubsub.egg-info/entry_points.txt\n'}
[1.071974] (py_pubsub) StdoutLine: {'line': b'writing requirements to ../../build/py_pubsub/py_pubsub.egg-info/requires.txt\n'}
[1.072053] (py_pubsub) StdoutLine: {'line': b'writing top-level names to ../../build/py_pubsub/py_pubsub.egg-info/top_level.txt\n'}
[1.099093] (turtlesim_ctr) StdoutLine: {'line': b"reading manifest file '../../build/turtlesim_ctr/turtlesim_ctr.egg-info/SOURCES.txt'\n"}
[1.099335] (turtlesim_ctr) StdoutLine: {'line': b"adding license file 'LICENSE'\n"}
[1.099740] (turtlesim_ctr) StdoutLine: {'line': b"writing manifest file '../../build/turtlesim_ctr/turtlesim_ctr.egg-info/SOURCES.txt'\n"}
[1.099953] (turtlesim_ctr) StdoutLine: {'line': b'running build\n'}
[1.100094] (turtlesim_ctr) StdoutLine: {'line': b'running build_py\n'}
[1.100148] (turtlesim_ctr) StdoutLine: {'line': b'copying turtlesim_ctr/position_ctr.py -> /home/jack/Clases/TP_Robots/ros2_ej/build/turtlesim_ctr/build/lib/turtlesim_ctr\n'}
[1.100258] (turtlesim_ctr) StdoutLine: {'line': b'running install\n'}
[1.100985] (py_pubsub) StdoutLine: {'line': b"reading manifest file '../../build/py_pubsub/py_pubsub.egg-info/SOURCES.txt'\n"}
[1.101180] (py_pubsub) StdoutLine: {'line': b"adding license file 'LICENSE'\n"}
[1.101570] (py_pubsub) StdoutLine: {'line': b"writing manifest file '../../build/py_pubsub/py_pubsub.egg-info/SOURCES.txt'\n"}
[1.101687] (-) TimerEvent: {}
[1.101746] (py_pubsub) StdoutLine: {'line': b'running build\n'}
[1.101807] (py_pubsub) StdoutLine: {'line': b'running build_py\n'}
[1.101901] (py_pubsub) StdoutLine: {'line': b'running install\n'}
[1.104479] (turtlesim_ctr) StdoutLine: {'line': b'running install_lib\n'}
[1.106218] (py_pubsub) StdoutLine: {'line': b'running install_lib\n'}
[1.119457] (turtlesim_ctr) StdoutLine: {'line': b'copying /home/jack/Clases/TP_Robots/ros2_ej/build/turtlesim_ctr/build/lib/turtlesim_ctr/position_ctr.py -> /home/jack/Clases/TP_Robots/ros2_ej/install/turtlesim_ctr/lib/python3.12/site-packages/turtlesim_ctr\n'}
[1.119901] (turtlesim_ctr) StdoutLine: {'line': b'byte-compiling /home/jack/Clases/TP_Robots/ros2_ej/install/turtlesim_ctr/lib/python3.12/site-packages/turtlesim_ctr/position_ctr.py to position_ctr.cpython-312.pyc\n'}
[1.120379] (turtlesim_ctr) StdoutLine: {'line': b'running install_data\n'}
[1.120570] (turtlesim_ctr) StdoutLine: {'line': b'running install_egg_info\n'}
[1.121420] (py_pubsub) StdoutLine: {'line': b'running install_data\n'}
[1.121623] (py_pubsub) StdoutLine: {'line': b'running install_egg_info\n'}
[1.135904] (turtlesim_ctr) StdoutLine: {'line': b"removing '/home/jack/Clases/TP_Robots/ros2_ej/install/turtlesim_ctr/lib/python3.12/site-packages/turtlesim_ctr-0.0.0-py3.12.egg-info' (and everything under it)\n"}
[1.136145] (turtlesim_ctr) StdoutLine: {'line': b'Copying ../../build/turtlesim_ctr/turtlesim_ctr.egg-info to /home/jack/Clases/TP_Robots/ros2_ej/install/turtlesim_ctr/lib/python3.12/site-packages/turtlesim_ctr-0.0.0-py3.12.egg-info\n'}
[1.136666] (py_pubsub) StdoutLine: {'line': b"removing '/home/jack/Clases/TP_Robots/ros2_ej/install/py_pubsub/lib/python3.12/site-packages/py_pubsub-0.0.0-py3.12.egg-info' (and everything under it)\n"}
[1.136885] (py_pubsub) StdoutLine: {'line': b'Copying ../../build/py_pubsub/py_pubsub.egg-info to /home/jack/Clases/TP_Robots/ros2_ej/install/py_pubsub/lib/python3.12/site-packages/py_pubsub-0.0.0-py3.12.egg-info\n'}
[1.137013] (turtlesim_ctr) StdoutLine: {'line': b'running install_scripts\n'}
[1.137541] (py_pubsub) StdoutLine: {'line': b'running install_scripts\n'}
[1.201808] (-) TimerEvent: {}
[1.235305] (turtlesim_ctr) StdoutLine: {'line': b'Installing pose_ctrl script to /home/jack/Clases/TP_Robots/ros2_ej/install/turtlesim_ctr/lib/turtlesim_ctr\n'}
[1.235557] (turtlesim_ctr) StdoutLine: {'line': b"writing list of installed files to '/home/jack/Clases/TP_Robots/ros2_ej/build/turtlesim_ctr/install.log'\n"}
[1.236193] (py_pubsub) StdoutLine: {'line': b'Installing listener script to /home/jack/Clases/TP_Robots/ros2_ej/install/py_pubsub/lib/py_pubsub\n'}
[1.236343] (py_pubsub) StdoutLine: {'line': b'Installing talker script to /home/jack/Clases/TP_Robots/ros2_ej/install/py_pubsub/lib/py_pubsub\n'}
[1.236552] (py_pubsub) StdoutLine: {'line': b"writing list of installed files to '/home/jack/Clases/TP_Robots/ros2_ej/build/py_pubsub/install.log'\n"}
[1.260619] (turtlesim_ctr) CommandEnded: {'returncode': 0}
[1.267239] (turtlesim_ctr) JobEnded: {'identifier': 'turtlesim_ctr', 'rc': 0}
[1.268395] (py_pubsub) CommandEnded: {'returncode': 0}
[1.272292] (py_pubsub) JobEnded: {'identifier': 'py_pubsub', 'rc': 0}
[1.273131] (-) EventReactorShutdown: {}
