[0.116s] DEBUG:colcon:Command line arguments: ['/usr/bin/colcon', 'build']
[0.116s] DEBUG:colcon:Parsed command line arguments: Namespace(log_base=None, log_level=None, verb_name='build', build_base='build', install_base='install', merge_install=False, symlink_install=False, test_result_base=None, continue_on_error=False, executor='parallel', parallel_workers=16, event_handlers=None, ignore_user_meta=False, metas=['./colcon.meta'], base_paths=['.'], packages_ignore=None, packages_ignore_regex=None, paths=None, packages_up_to=None, packages_up_to_regex=None, packages_above=None, packages_above_and_dependencies=None, packages_above_depth=None, packages_select_by_dep=None, packages_skip_by_dep=None, packages_skip_up_to=None, packages_select_build_failed=False, packages_skip_build_finished=False, packages_select_test_failures=False, packages_skip_test_passed=False, packages_select=None, packages_skip=None, packages_select_regex=None, packages_skip_regex=None, packages_start=None, packages_end=None, allow_overriding=[], cmake_args=None, cmake_target=None, cmake_target_skip_unavailable=False, cmake_clean_cache=False, cmake_clean_first=False, cmake_force_configure=False, ament_cmake_args=None, catkin_cmake_args=None, catkin_skip_building_tests=False, mixin_files=None, mixin=None, verb_parser=<colcon_mixin.mixin.mixin_argument.MixinArgumentDecorator object at 0x7918f0eb1100>, verb_extension=<colcon_core.verb.build.BuildVerb object at 0x7918f0fd1af0>, main=<bound method BuildVerb.main of <colcon_core.verb.build.BuildVerb object at 0x7918f0fd1af0>>, mixin_verb=('build',))
[0.158s] Level 1:colcon.colcon_core.package_discovery:discover_packages(colcon_meta) check parameters
[0.159s] Level 1:colcon.colcon_core.package_discovery:discover_packages(recursive) check parameters
[0.159s] Level 1:colcon.colcon_core.package_discovery:discover_packages(ignore) check parameters
[0.159s] Level 1:colcon.colcon_core.package_discovery:discover_packages(path) check parameters
[0.159s] Level 1:colcon.colcon_core.package_discovery:discover_packages(colcon_meta) discover
[0.159s] Level 1:colcon.colcon_core.package_discovery:discover_packages(recursive) discover
[0.159s] INFO:colcon.colcon_core.package_discovery:Crawling recursively for packages in '/home/jack/Clases/TP_Robots/ros2_ej'
[0.159s] Level 1:colcon.colcon_core.package_identification:_identify(.) by extensions ['ignore', 'ignore_ament_install']
[0.159s] Level 1:colcon.colcon_core.package_identification:_identify(.) by extension 'ignore'
[0.159s] Level 1:colcon.colcon_core.package_identification:_identify(.) by extension 'ignore_ament_install'
[0.159s] Level 1:colcon.colcon_core.package_identification:_identify(.) by extensions ['colcon_pkg']
[0.159s] Level 1:colcon.colcon_core.package_identification:_identify(.) by extension 'colcon_pkg'
[0.159s] Level 1:colcon.colcon_core.package_identification:_identify(.) by extensions ['colcon_meta']
[0.159s] Level 1:colcon.colcon_core.package_identification:_identify(.) by extension 'colcon_meta'
[0.159s] Level 1:colcon.colcon_core.package_identification:_identify(.) by extensions ['ros']
[0.159s] Level 1:colcon.colcon_core.package_identification:_identify(.) by extension 'ros'
[0.185s] Level 1:colcon.colcon_core.package_identification:_identify(.) by extensions ['cmake', 'python']
[0.186s] Level 1:colcon.colcon_core.package_identification:_identify(.) by extension 'cmake'
[0.186s] Level 1:colcon.colcon_core.package_identification:_identify(.) by extension 'python'
[0.186s] Level 1:colcon.colcon_core.package_identification:_identify(.) by extensions ['python_setup_py']
[0.186s] Level 1:colcon.colcon_core.package_identification:_identify(.) by extension 'python_setup_py'
[0.186s] Level 1:colcon.colcon_core.package_identification:_identify(build) by extensions ['ignore', 'ignore_ament_install']
[0.186s] Level 1:colcon.colcon_core.package_identification:_identify(build) by extension 'ignore'
[0.186s] Level 1:colcon.colcon_core.package_identification:_identify(build) ignored
[0.186s] Level 1:colcon.colcon_core.package_identification:_identify(install) by extensions ['ignore', 'ignore_ament_install']
[0.186s] Level 1:colcon.colcon_core.package_identification:_identify(install) by extension 'ignore'
[0.186s] Level 1:colcon.colcon_core.package_identification:_identify(install) ignored
[0.186s] Level 1:colcon.colcon_core.package_identification:_identify(log) by extensions ['ignore', 'ignore_ament_install']
[0.186s] Level 1:colcon.colcon_core.package_identification:_identify(log) by extension 'ignore'
[0.186s] Level 1:colcon.colcon_core.package_identification:_identify(log) ignored
[0.187s] Level 1:colcon.colcon_core.package_identification:_identify(src) by extensions ['ignore', 'ignore_ament_install']
[0.187s] Level 1:colcon.colcon_core.package_identification:_identify(src) by extension 'ignore'
[0.187s] Level 1:colcon.colcon_core.package_identification:_identify(src) by extension 'ignore_ament_install'
[0.187s] Level 1:colcon.colcon_core.package_identification:_identify(src) by extensions ['colcon_pkg']
[0.187s] Level 1:colcon.colcon_core.package_identification:_identify(src) by extension 'colcon_pkg'
[0.187s] Level 1:colcon.colcon_core.package_identification:_identify(src) by extensions ['colcon_meta']
[0.187s] Level 1:colcon.colcon_core.package_identification:_identify(src) by extension 'colcon_meta'
[0.187s] Level 1:colcon.colcon_core.package_identification:_identify(src) by extensions ['ros']
[0.187s] Level 1:colcon.colcon_core.package_identification:_identify(src) by extension 'ros'
[0.187s] Level 1:colcon.colcon_core.package_identification:_identify(src) by extensions ['cmake', 'python']
[0.187s] Level 1:colcon.colcon_core.package_identification:_identify(src) by extension 'cmake'
[0.187s] Level 1:colcon.colcon_core.package_identification:_identify(src) by extension 'python'
[0.187s] Level 1:colcon.colcon_core.package_identification:_identify(src) by extensions ['python_setup_py']
[0.187s] Level 1:colcon.colcon_core.package_identification:_identify(src) by extension 'python_setup_py'
[0.187s] Level 1:colcon.colcon_core.package_identification:_identify(src/py_pubsub) by extensions ['ignore', 'ignore_ament_install']
[0.187s] Level 1:colcon.colcon_core.package_identification:_identify(src/py_pubsub) by extension 'ignore'
[0.187s] Level 1:colcon.colcon_core.package_identification:_identify(src/py_pubsub) by extension 'ignore_ament_install'
[0.188s] Level 1:colcon.colcon_core.package_identification:_identify(src/py_pubsub) by extensions ['colcon_pkg']
[0.188s] Level 1:colcon.colcon_core.package_identification:_identify(src/py_pubsub) by extension 'colcon_pkg'
[0.188s] Level 1:colcon.colcon_core.package_identification:_identify(src/py_pubsub) by extensions ['colcon_meta']
[0.188s] Level 1:colcon.colcon_core.package_identification:_identify(src/py_pubsub) by extension 'colcon_meta'
[0.188s] Level 1:colcon.colcon_core.package_identification:_identify(src/py_pubsub) by extensions ['ros']
[0.188s] Level 1:colcon.colcon_core.package_identification:_identify(src/py_pubsub) by extension 'ros'
[0.190s] DEBUG:colcon.colcon_core.package_identification:Package 'src/py_pubsub' with type 'ros.ament_python' and name 'py_pubsub'
[0.190s] Level 1:colcon.colcon_core.package_identification:_identify(src/turtlesim_ctr) by extensions ['ignore', 'ignore_ament_install']
[0.190s] Level 1:colcon.colcon_core.package_identification:_identify(src/turtlesim_ctr) by extension 'ignore'
[0.190s] Level 1:colcon.colcon_core.package_identification:_identify(src/turtlesim_ctr) by extension 'ignore_ament_install'
[0.190s] Level 1:colcon.colcon_core.package_identification:_identify(src/turtlesim_ctr) by extensions ['colcon_pkg']
[0.190s] Level 1:colcon.colcon_core.package_identification:_identify(src/turtlesim_ctr) by extension 'colcon_pkg'
[0.191s] Level 1:colcon.colcon_core.package_identification:_identify(src/turtlesim_ctr) by extensions ['colcon_meta']
[0.191s] Level 1:colcon.colcon_core.package_identification:_identify(src/turtlesim_ctr) by extension 'colcon_meta'
[0.191s] Level 1:colcon.colcon_core.package_identification:_identify(src/turtlesim_ctr) by extensions ['ros']
[0.191s] Level 1:colcon.colcon_core.package_identification:_identify(src/turtlesim_ctr) by extension 'ros'
[0.191s] DEBUG:colcon.colcon_core.package_identification:Package 'src/turtlesim_ctr' with type 'ros.ament_python' and name 'turtlesim_ctr'
[0.191s] Level 1:colcon.colcon_core.package_discovery:discover_packages(recursive) using defaults
[0.191s] Level 1:colcon.colcon_core.package_discovery:discover_packages(ignore) discover
[0.191s] Level 1:colcon.colcon_core.package_discovery:discover_packages(ignore) using defaults
[0.191s] Level 1:colcon.colcon_core.package_discovery:discover_packages(path) discover
[0.191s] Level 1:colcon.colcon_core.package_discovery:discover_packages(path) using defaults
[0.210s] Level 1:colcon.colcon_core.package_discovery:discover_packages(prefix_path) check parameters
[0.210s] Level 1:colcon.colcon_core.package_discovery:discover_packages(prefix_path) discover
[0.212s] DEBUG:colcon.colcon_installed_package_information.package_discovery:Found 2 installed packages in /home/jack/Clases/TP_Robots/ros2_ej/install
[0.214s] DEBUG:colcon.colcon_installed_package_information.package_discovery:Found 287 installed packages in /opt/ros/jazzy
[0.215s] Level 1:colcon.colcon_core.package_discovery:discover_packages(prefix_path) using defaults
[0.260s] Level 5:colcon.colcon_core.verb:set package 'py_pubsub' build argument 'cmake_args' from command line to 'None'
[0.260s] Level 5:colcon.colcon_core.verb:set package 'py_pubsub' build argument 'cmake_target' from command line to 'None'
[0.260s] Level 5:colcon.colcon_core.verb:set package 'py_pubsub' build argument 'cmake_target_skip_unavailable' from command line to 'False'
[0.260s] Level 5:colcon.colcon_core.verb:set package 'py_pubsub' build argument 'cmake_clean_cache' from command line to 'False'
[0.260s] Level 5:colcon.colcon_core.verb:set package 'py_pubsub' build argument 'cmake_clean_first' from command line to 'False'
[0.260s] Level 5:colcon.colcon_core.verb:set package 'py_pubsub' build argument 'cmake_force_configure' from command line to 'False'
[0.260s] Level 5:colcon.colcon_core.verb:set package 'py_pubsub' build argument 'ament_cmake_args' from command line to 'None'
[0.260s] Level 5:colcon.colcon_core.verb:set package 'py_pubsub' build argument 'catkin_cmake_args' from command line to 'None'
[0.260s] Level 5:colcon.colcon_core.verb:set package 'py_pubsub' build argument 'catkin_skip_building_tests' from command line to 'False'
[0.260s] DEBUG:colcon.colcon_core.verb:Building package 'py_pubsub' with the following arguments: {'ament_cmake_args': None, 'build_base': '/home/jack/Clases/TP_Robots/ros2_ej/build/py_pubsub', 'catkin_cmake_args': None, 'catkin_skip_building_tests': False, 'cmake_args': None, 'cmake_clean_cache': False, 'cmake_clean_first': False, 'cmake_force_configure': False, 'cmake_target': None, 'cmake_target_skip_unavailable': False, 'install_base': '/home/jack/Clases/TP_Robots/ros2_ej/install/py_pubsub', 'merge_install': False, 'path': '/home/jack/Clases/TP_Robots/ros2_ej/src/py_pubsub', 'symlink_install': False, 'test_result_base': None}
[0.260s] Level 5:colcon.colcon_core.verb:set package 'turtlesim_ctr' build argument 'cmake_args' from command line to 'None'
[0.260s] Level 5:colcon.colcon_core.verb:set package 'turtlesim_ctr' build argument 'cmake_target' from command line to 'None'
[0.260s] Level 5:colcon.colcon_core.verb:set package 'turtlesim_ctr' build argument 'cmake_target_skip_unavailable' from command line to 'False'
[0.260s] Level 5:colcon.colcon_core.verb:set package 'turtlesim_ctr' build argument 'cmake_clean_cache' from command line to 'False'
[0.260s] Level 5:colcon.colcon_core.verb:set package 'turtlesim_ctr' build argument 'cmake_clean_first' from command line to 'False'
[0.260s] Level 5:colcon.colcon_core.verb:set package 'turtlesim_ctr' build argument 'cmake_force_configure' from command line to 'False'
[0.261s] Level 5:colcon.colcon_core.verb:set package 'turtlesim_ctr' build argument 'ament_cmake_args' from command line to 'None'
[0.261s] Level 5:colcon.colcon_core.verb:set package 'turtlesim_ctr' build argument 'catkin_cmake_args' from command line to 'None'
[0.261s] Level 5:colcon.colcon_core.verb:set package 'turtlesim_ctr' build argument 'catkin_skip_building_tests' from command line to 'False'
[0.261s] DEBUG:colcon.colcon_core.verb:Building package 'turtlesim_ctr' with the following arguments: {'ament_cmake_args': None, 'build_base': '/home/jack/Clases/TP_Robots/ros2_ej/build/turtlesim_ctr', 'catkin_cmake_args': None, 'catkin_skip_building_tests': False, 'cmake_args': None, 'cmake_clean_cache': False, 'cmake_clean_first': False, 'cmake_force_configure': False, 'cmake_target': None, 'cmake_target_skip_unavailable': False, 'install_base': '/home/jack/Clases/TP_Robots/ros2_ej/install/turtlesim_ctr', 'merge_install': False, 'path': '/home/jack/Clases/TP_Robots/ros2_ej/src/turtlesim_ctr', 'symlink_install': False, 'test_result_base': None}
[0.261s] INFO:colcon.colcon_core.executor:Executing jobs using 'parallel' executor
[0.262s] DEBUG:colcon.colcon_parallel_executor.executor.parallel:run_until_complete
[0.262s] INFO:colcon.colcon_ros.task.ament_python.build:Building ROS package in '/home/jack/Clases/TP_Robots/ros2_ej/src/py_pubsub' with build type 'ament_python'
[0.262s] Level 1:colcon.colcon_core.shell:create_environment_hook('py_pubsub', 'ament_prefix_path')
[0.264s] INFO:colcon.colcon_core.plugin_system:Skipping extension 'colcon_core.shell.bat': Not used on non-Windows systems
[0.264s] INFO:colcon.colcon_core.shell:Creating environment hook '/home/jack/Clases/TP_Robots/ros2_ej/install/py_pubsub/share/py_pubsub/hook/ament_prefix_path.ps1'
[0.265s] INFO:colcon.colcon_core.shell:Creating environment descriptor '/home/jack/Clases/TP_Robots/ros2_ej/install/py_pubsub/share/py_pubsub/hook/ament_prefix_path.dsv'
[0.265s] INFO:colcon.colcon_core.shell:Creating environment hook '/home/jack/Clases/TP_Robots/ros2_ej/install/py_pubsub/share/py_pubsub/hook/ament_prefix_path.sh'
[0.266s] INFO:colcon.colcon_core.shell:Skip shell extension 'powershell' for command environment: Not usable outside of PowerShell
[0.266s] DEBUG:colcon.colcon_core.shell:Skip shell extension 'dsv' for command environment
[0.270s] INFO:colcon.colcon_ros.task.ament_python.build:Building ROS package in '/home/jack/Clases/TP_Robots/ros2_ej/src/turtlesim_ctr' with build type 'ament_python'
[0.270s] Level 1:colcon.colcon_core.shell:create_environment_hook('turtlesim_ctr', 'ament_prefix_path')
[0.270s] INFO:colcon.colcon_core.shell:Creating environment hook '/home/jack/Clases/TP_Robots/ros2_ej/install/turtlesim_ctr/share/turtlesim_ctr/hook/ament_prefix_path.ps1'
[0.271s] INFO:colcon.colcon_core.shell:Creating environment descriptor '/home/jack/Clases/TP_Robots/ros2_ej/install/turtlesim_ctr/share/turtlesim_ctr/hook/ament_prefix_path.dsv'
[0.271s] INFO:colcon.colcon_core.shell:Creating environment hook '/home/jack/Clases/TP_Robots/ros2_ej/install/turtlesim_ctr/share/turtlesim_ctr/hook/ament_prefix_path.sh'
[0.271s] INFO:colcon.colcon_core.shell:Skip shell extension 'powershell' for command environment: Not usable outside of PowerShell
[0.271s] DEBUG:colcon.colcon_core.shell:Skip shell extension 'dsv' for command environment
[0.512s] INFO:colcon.colcon_core.task.python.build:Building Python package in '/home/jack/Clases/TP_Robots/ros2_ej/src/py_pubsub'
[0.512s] INFO:colcon.colcon_core.shell:Skip shell extension 'powershell' for command environment: Not usable outside of PowerShell
[0.512s] DEBUG:colcon.colcon_core.shell:Skip shell extension 'dsv' for command environment
[0.688s] INFO:colcon.colcon_core.task.python.build:Building Python package in '/home/jack/Clases/TP_Robots/ros2_ej/src/turtlesim_ctr'
[0.689s] INFO:colcon.colcon_core.shell:Skip shell extension 'powershell' for command environment: Not usable outside of PowerShell
[0.689s] DEBUG:colcon.colcon_core.shell:Skip shell extension 'dsv' for command environment
[1.123s] DEBUG:colcon.colcon_core.task.python.build:Available setuptools commands: dist_info, build_scripts, sdist, test, egg_info, build_py, bdist_wheel, editable_wheel, clean, bdist_egg, build, install_data, rotate, saveopts, install_egg_info, bdist_dumb, alias, bdist, symlink_data, bdist_rpm, update_catalog, install_headers, setopt, register, build_clib, build_ext, develop, compile_catalog, install_lib, install, extract_messages, init_catalog, check, upload_docs, upload, install_scripts, easy_install
[1.126s] DEBUG:colcon.colcon_core.event_handler.log_command:Invoking command in '/home/jack/Clases/TP_Robots/ros2_ej/src/py_pubsub': DEBUGINFOD_URLS=https://debuginfod.ubuntu.com PYTHONPATH=/home/jack/Clases/TP_Robots/ros2_ej/build/py_pubsub/prefix_override:/usr/lib/python3/dist-packages/colcon_core/task/python/colcon_distutils_commands:/home/jack/Clases/TP_Robots/ros2_ej/install/py_pubsub/lib/python3.12/site-packages:${PYTHONPATH} /usr/bin/python3 -W ignore:setup.py install is deprecated -W ignore:easy_install command is deprecated setup.py egg_info --egg-base ../../build/py_pubsub build --build-base /home/jack/Clases/TP_Robots/ros2_ej/build/py_pubsub/build install --record /home/jack/Clases/TP_Robots/ros2_ej/build/py_pubsub/install.log --install-scripts $base/lib/py_pubsub --single-version-externally-managed install_data
[1.127s] DEBUG:colcon.colcon_core.task.python.build:Available setuptools commands: dist_info, build_scripts, sdist, test, egg_info, build_py, bdist_wheel, editable_wheel, clean, bdist_egg, build, install_data, rotate, saveopts, install_egg_info, bdist_dumb, alias, bdist, symlink_data, bdist_rpm, update_catalog, install_headers, setopt, register, build_clib, build_ext, develop, compile_catalog, install_lib, install, extract_messages, init_catalog, check, upload_docs, upload, install_scripts, easy_install
[1.129s] DEBUG:colcon.colcon_core.event_handler.log_command:Invoking command in '/home/jack/Clases/TP_Robots/ros2_ej/src/turtlesim_ctr': DEBUGINFOD_URLS=https://debuginfod.ubuntu.com PYTHONPATH=/home/jack/Clases/TP_Robots/ros2_ej/build/turtlesim_ctr/prefix_override:/usr/lib/python3/dist-packages/colcon_core/task/python/colcon_distutils_commands:/home/jack/Clases/TP_Robots/ros2_ej/install/turtlesim_ctr/lib/python3.12/site-packages:${PYTHONPATH} /usr/bin/python3 -W ignore:setup.py install is deprecated -W ignore:easy_install command is deprecated setup.py egg_info --egg-base ../../build/turtlesim_ctr build --build-base /home/jack/Clases/TP_Robots/ros2_ej/build/turtlesim_ctr/build install --record /home/jack/Clases/TP_Robots/ros2_ej/build/turtlesim_ctr/install.log --install-scripts $base/lib/turtlesim_ctr --single-version-externally-managed install_data
[1.523s] DEBUG:colcon.colcon_core.event_handler.log_command:Invoked command in '/home/jack/Clases/TP_Robots/ros2_ej/src/turtlesim_ctr' returned '0': DEBUGINFOD_URLS=https://debuginfod.ubuntu.com PYTHONPATH=/home/jack/Clases/TP_Robots/ros2_ej/build/turtlesim_ctr/prefix_override:/usr/lib/python3/dist-packages/colcon_core/task/python/colcon_distutils_commands:/home/jack/Clases/TP_Robots/ros2_ej/install/turtlesim_ctr/lib/python3.12/site-packages:${PYTHONPATH} /usr/bin/python3 -W ignore:setup.py install is deprecated -W ignore:easy_install command is deprecated setup.py egg_info --egg-base ../../build/turtlesim_ctr build --build-base /home/jack/Clases/TP_Robots/ros2_ej/build/turtlesim_ctr/build install --record /home/jack/Clases/TP_Robots/ros2_ej/build/turtlesim_ctr/install.log --install-scripts $base/lib/turtlesim_ctr --single-version-externally-managed install_data
[1.525s] Level 1:colcon.colcon_core.environment:checking '/home/jack/Clases/TP_Robots/ros2_ej/install/turtlesim_ctr' for CMake module files
[1.525s] Level 1:colcon.colcon_core.environment:checking '/home/jack/Clases/TP_Robots/ros2_ej/install/turtlesim_ctr' for CMake config files
[1.526s] Level 1:colcon.colcon_core.environment:checking '/home/jack/Clases/TP_Robots/ros2_ej/install/turtlesim_ctr/lib'
[1.526s] Level 1:colcon.colcon_core.environment:checking '/home/jack/Clases/TP_Robots/ros2_ej/install/turtlesim_ctr/bin'
[1.526s] Level 1:colcon.colcon_core.environment:checking '/home/jack/Clases/TP_Robots/ros2_ej/install/turtlesim_ctr/lib/pkgconfig/turtlesim_ctr.pc'
[1.526s] Level 1:colcon.colcon_core.environment:checking '/home/jack/Clases/TP_Robots/ros2_ej/install/turtlesim_ctr/lib/python3.12/site-packages'
[1.526s] Level 1:colcon.colcon_core.shell:create_environment_hook('turtlesim_ctr', 'pythonpath')
[1.526s] INFO:colcon.colcon_core.shell:Creating environment hook '/home/jack/Clases/TP_Robots/ros2_ej/install/turtlesim_ctr/share/turtlesim_ctr/hook/pythonpath.ps1'
[1.526s] INFO:colcon.colcon_core.shell:Creating environment descriptor '/home/jack/Clases/TP_Robots/ros2_ej/install/turtlesim_ctr/share/turtlesim_ctr/hook/pythonpath.dsv'
[1.527s] INFO:colcon.colcon_core.shell:Creating environment hook '/home/jack/Clases/TP_Robots/ros2_ej/install/turtlesim_ctr/share/turtlesim_ctr/hook/pythonpath.sh'
[1.527s] Level 1:colcon.colcon_core.environment:checking '/home/jack/Clases/TP_Robots/ros2_ej/install/turtlesim_ctr/bin'
[1.527s] Level 1:colcon.colcon_core.environment:create_environment_scripts_only(turtlesim_ctr)
[1.527s] INFO:colcon.colcon_core.shell:Creating package script '/home/jack/Clases/TP_Robots/ros2_ej/install/turtlesim_ctr/share/turtlesim_ctr/package.ps1'
[1.528s] INFO:colcon.colcon_core.shell:Creating package descriptor '/home/jack/Clases/TP_Robots/ros2_ej/install/turtlesim_ctr/share/turtlesim_ctr/package.dsv'
[1.528s] INFO:colcon.colcon_core.shell:Creating package script '/home/jack/Clases/TP_Robots/ros2_ej/install/turtlesim_ctr/share/turtlesim_ctr/package.sh'
[1.529s] INFO:colcon.colcon_core.shell:Creating package script '/home/jack/Clases/TP_Robots/ros2_ej/install/turtlesim_ctr/share/turtlesim_ctr/package.bash'
[1.529s] INFO:colcon.colcon_core.shell:Creating package script '/home/jack/Clases/TP_Robots/ros2_ej/install/turtlesim_ctr/share/turtlesim_ctr/package.zsh'
[1.529s] Level 1:colcon.colcon_core.environment:create_file_with_runtime_dependencies(/home/jack/Clases/TP_Robots/ros2_ej/install/turtlesim_ctr/share/colcon-core/packages/turtlesim_ctr)
[1.530s] Level 1:colcon.colcon_core.environment:checking '/home/jack/Clases/TP_Robots/ros2_ej/install/py_pubsub' for CMake module files
[1.531s] DEBUG:colcon.colcon_core.event_handler.log_command:Invoked command in '/home/jack/Clases/TP_Robots/ros2_ej/src/py_pubsub' returned '0': DEBUGINFOD_URLS=https://debuginfod.ubuntu.com PYTHONPATH=/home/jack/Clases/TP_Robots/ros2_ej/build/py_pubsub/prefix_override:/usr/lib/python3/dist-packages/colcon_core/task/python/colcon_distutils_commands:/home/jack/Clases/TP_Robots/ros2_ej/install/py_pubsub/lib/python3.12/site-packages:${PYTHONPATH} /usr/bin/python3 -W ignore:setup.py install is deprecated -W ignore:easy_install command is deprecated setup.py egg_info --egg-base ../../build/py_pubsub build --build-base /home/jack/Clases/TP_Robots/ros2_ej/build/py_pubsub/build install --record /home/jack/Clases/TP_Robots/ros2_ej/build/py_pubsub/install.log --install-scripts $base/lib/py_pubsub --single-version-externally-managed install_data
[1.531s] Level 1:colcon.colcon_core.environment:checking '/home/jack/Clases/TP_Robots/ros2_ej/install/py_pubsub' for CMake config files
[1.531s] Level 1:colcon.colcon_core.environment:checking '/home/jack/Clases/TP_Robots/ros2_ej/install/py_pubsub/lib'
[1.531s] Level 1:colcon.colcon_core.environment:checking '/home/jack/Clases/TP_Robots/ros2_ej/install/py_pubsub/bin'
[1.532s] Level 1:colcon.colcon_core.environment:checking '/home/jack/Clases/TP_Robots/ros2_ej/install/py_pubsub/lib/pkgconfig/py_pubsub.pc'
[1.532s] Level 1:colcon.colcon_core.environment:checking '/home/jack/Clases/TP_Robots/ros2_ej/install/py_pubsub/lib/python3.12/site-packages'
[1.532s] Level 1:colcon.colcon_core.shell:create_environment_hook('py_pubsub', 'pythonpath')
[1.532s] INFO:colcon.colcon_core.shell:Creating environment hook '/home/jack/Clases/TP_Robots/ros2_ej/install/py_pubsub/share/py_pubsub/hook/pythonpath.ps1'
[1.532s] INFO:colcon.colcon_core.shell:Creating environment descriptor '/home/jack/Clases/TP_Robots/ros2_ej/install/py_pubsub/share/py_pubsub/hook/pythonpath.dsv'
[1.532s] INFO:colcon.colcon_core.shell:Creating environment hook '/home/jack/Clases/TP_Robots/ros2_ej/install/py_pubsub/share/py_pubsub/hook/pythonpath.sh'
[1.533s] Level 1:colcon.colcon_core.environment:checking '/home/jack/Clases/TP_Robots/ros2_ej/install/py_pubsub/bin'
[1.533s] Level 1:colcon.colcon_core.environment:create_environment_scripts_only(py_pubsub)
[1.533s] INFO:colcon.colcon_core.shell:Creating package script '/home/jack/Clases/TP_Robots/ros2_ej/install/py_pubsub/share/py_pubsub/package.ps1'
[1.533s] INFO:colcon.colcon_core.shell:Creating package descriptor '/home/jack/Clases/TP_Robots/ros2_ej/install/py_pubsub/share/py_pubsub/package.dsv'
[1.534s] INFO:colcon.colcon_core.shell:Creating package script '/home/jack/Clases/TP_Robots/ros2_ej/install/py_pubsub/share/py_pubsub/package.sh'
[1.534s] INFO:colcon.colcon_core.shell:Creating package script '/home/jack/Clases/TP_Robots/ros2_ej/install/py_pubsub/share/py_pubsub/package.bash'
[1.534s] INFO:colcon.colcon_core.shell:Creating package script '/home/jack/Clases/TP_Robots/ros2_ej/install/py_pubsub/share/py_pubsub/package.zsh'
[1.534s] Level 1:colcon.colcon_core.environment:create_file_with_runtime_dependencies(/home/jack/Clases/TP_Robots/ros2_ej/install/py_pubsub/share/colcon-core/packages/py_pubsub)
[1.535s] DEBUG:colcon.colcon_parallel_executor.executor.parallel:closing loop
[1.535s] DEBUG:colcon.colcon_parallel_executor.executor.parallel:loop closed
[1.535s] DEBUG:colcon.colcon_parallel_executor.executor.parallel:run_until_complete finished with '0'
[1.535s] DEBUG:colcon.colcon_core.event_reactor:joining thread
[1.539s] INFO:colcon.colcon_core.plugin_system:Skipping extension 'colcon_notification.desktop_notification.terminal_notifier': Not used on non-Darwin systems
[1.539s] INFO:colcon.colcon_core.plugin_system:Skipping extension 'colcon_notification.desktop_notification.win32': Not used on non-Windows systems
[1.539s] INFO:colcon.colcon_notification.desktop_notification:Sending desktop notification using 'notify2'
[1.544s] DEBUG:colcon.colcon_core.event_reactor:joined thread
[1.544s] INFO:colcon.colcon_core.shell:Creating prefix script '/home/jack/Clases/TP_Robots/ros2_ej/install/local_setup.ps1'
[1.545s] INFO:colcon.colcon_core.shell:Creating prefix util module '/home/jack/Clases/TP_Robots/ros2_ej/install/_local_setup_util_ps1.py'
[1.546s] INFO:colcon.colcon_core.shell:Creating prefix chain script '/home/jack/Clases/TP_Robots/ros2_ej/install/setup.ps1'
[1.547s] INFO:colcon.colcon_core.shell:Creating prefix script '/home/jack/Clases/TP_Robots/ros2_ej/install/local_setup.sh'
[1.547s] INFO:colcon.colcon_core.shell:Creating prefix util module '/home/jack/Clases/TP_Robots/ros2_ej/install/_local_setup_util_sh.py'
[1.547s] INFO:colcon.colcon_core.shell:Creating prefix chain script '/home/jack/Clases/TP_Robots/ros2_ej/install/setup.sh'
[1.548s] INFO:colcon.colcon_core.shell:Creating prefix script '/home/jack/Clases/TP_Robots/ros2_ej/install/local_setup.bash'
[1.548s] INFO:colcon.colcon_core.shell:Creating prefix chain script '/home/jack/Clases/TP_Robots/ros2_ej/install/setup.bash'
[1.549s] INFO:colcon.colcon_core.shell:Creating prefix script '/home/jack/Clases/TP_Robots/ros2_ej/install/local_setup.zsh'
[1.549s] INFO:colcon.colcon_core.shell:Creating prefix chain script '/home/jack/Clases/TP_Robots/ros2_ej/install/setup.zsh'
