[0.842s] Invoking command in '/home/jack/Clases/TP_Robots/ros2_ej/src/py_pubsub': DEBUGINFOD_URLS=https://debuginfod.ubuntu.com PYTHONPATH=/home/jack/Clases/TP_Robots/ros2_ej/build/py_pubsub/prefix_override:/usr/lib/python3/dist-packages/colcon_core/task/python/colcon_distutils_commands:/home/jack/Clases/TP_Robots/ros2_ej/install/py_pubsub/lib/python3.12/site-packages:${PYTHONPATH} /usr/bin/python3 -W ignore:setup.py install is deprecated -W ignore:easy_install command is deprecated setup.py egg_info --egg-base ../../build/py_pubsub build --build-base /home/jack/Clases/TP_Robots/ros2_ej/build/py_pubsub/build install --record /home/jack/Clases/TP_Robots/ros2_ej/build/py_pubsub/install.log --install-scripts $base/lib/py_pubsub --single-version-externally-managed install_data
[1.036s] running egg_info
[1.050s] writing ../../build/py_pubsub/py_pubsub.egg-info/PKG-INFO
[1.051s] writing dependency_links to ../../build/py_pubsub/py_pubsub.egg-info/dependency_links.txt
[1.051s] writing entry points to ../../build/py_pubsub/py_pubsub.egg-info/entry_points.txt
[1.051s] writing requirements to ../../build/py_pubsub/py_pubsub.egg-info/requires.txt
[1.051s] writing top-level names to ../../build/py_pubsub/py_pubsub.egg-info/top_level.txt
[1.080s] reading manifest file '../../build/py_pubsub/py_pubsub.egg-info/SOURCES.txt'
[1.080s] adding license file 'LICENSE'
[1.081s] writing manifest file '../../build/py_pubsub/py_pubsub.egg-info/SOURCES.txt'
[1.081s] running build
[1.081s] running build_py
[1.081s] running install
[1.085s] running install_lib
[1.100s] running install_data
[1.101s] running install_egg_info
[1.116s] removing '/home/jack/Clases/TP_Robots/ros2_ej/install/py_pubsub/lib/python3.12/site-packages/py_pubsub-0.0.0-py3.12.egg-info' (and everything under it)
[1.117s] Copying ../../build/py_pubsub/py_pubsub.egg-info to /home/jack/Clases/TP_Robots/ros2_ej/install/py_pubsub/lib/python3.12/site-packages/py_pubsub-0.0.0-py3.12.egg-info
[1.117s] running install_scripts
[1.218s] Installing listener script to /home/jack/Clases/TP_Robots/ros2_ej/install/py_pubsub/lib/py_pubsub
[1.218s] Installing talker script to /home/jack/Clases/TP_Robots/ros2_ej/install/py_pubsub/lib/py_pubsub
[1.218s] writing list of installed files to '/home/jack/Clases/TP_Robots/ros2_ej/build/py_pubsub/install.log'
[1.242s] Invoked command in '/home/jack/Clases/TP_Robots/ros2_ej/src/py_pubsub' returned '0': DEBUGINFOD_URLS=https://debuginfod.ubuntu.com PYTHONPATH=/home/jack/Clases/TP_Robots/ros2_ej/build/py_pubsub/prefix_override:/usr/lib/python3/dist-packages/colcon_core/task/python/colcon_distutils_commands:/home/jack/Clases/TP_Robots/ros2_ej/install/py_pubsub/lib/python3.12/site-packages:${PYTHONPATH} /usr/bin/python3 -W ignore:setup.py install is deprecated -W ignore:easy_install command is deprecated setup.py egg_info --egg-base ../../build/py_pubsub build --build-base /home/jack/Clases/TP_Robots/ros2_ej/build/py_pubsub/build install --record /home/jack/Clases/TP_Robots/ros2_ej/build/py_pubsub/install.log --install-scripts $base/lib/py_pubsub --single-version-externally-managed install_data
