[0.000000] (-) TimerEvent: {}
[0.000560] (py_pubsub) JobQueued: {'identifier': 'py_pubsub', 'dependencies': OrderedDict()}
[0.000593] (turtlesim_cop) JobQueued: {'identifier': 'turtlesim_cop', 'dependencies': OrderedDict()}
[0.000614] (turtlesim_ctr) JobQueued: {'identifier': 'turtlesim_ctr', 'dependencies': OrderedDict()}
[0.001364] (py_pubsub) JobStarted: {'identifier': 'py_pubsub'}
[0.013867] (turtlesim_cop) JobStarted: {'identifier': 'turtlesim_cop'}
[0.019906] (turtlesim_ctr) JobStarted: {'identifier': 'turtlesim_ctr'}
[0.100057] (-) TimerEvent: {}
[0.200470] (-) TimerEvent: {}
[0.300848] (-) TimerEvent: {}
[0.401207] (-) TimerEvent: {}
[0.501574] (-) TimerEvent: {}
[0.601879] (-) TimerEvent: {}
[0.702179] (-) TimerEvent: {}
[0.802467] (-) TimerEvent: {}
[0.902781] (-) TimerEvent: {}
[0.943635] (turtlesim_cop) Command: {'cmd': ['/usr/bin/python3', '-W', 'ignore:setup.py install is deprecated', '-W', 'ignore:easy_install command is deprecated', 'setup.py', 'egg_info', '--egg-base', '../../build/turtlesim_cop', 'build', '--build-base', '/home/j4ck/0Clases/TP_Robots/ros2_ej/build/turtlesim_cop/build', 'install', '--record', '/home/j4ck/0Clases/TP_Robots/ros2_ej/build/turtlesim_cop/install.log', '--install-scripts', '$base/lib/turtlesim_cop', '--single-version-externally-managed', 'install_data'], 'cwd': '/home/j4ck/0Clases/TP_Robots/ros2_ej/src/turtlesim_cop', 'env': {'LANGUAGE': 'es_CL:es', 'USER': 'j4ck', 'XDG_SESSION_TYPE': 'x11', 'kanagawa': '~/.config/kitty/themes/kanagawa.conf ~/.config/kitty/current-theme.conf', 'SHLVL': '1', 'XDG_CACHE_HOME': '/home/j4ck/.cache', 'LD_LIBRARY_PATH': '/home/j4ck/turtlebot3_ws/install/turtlebot3_msgs/lib:/home/j4ck/turtlebot3_ws/install/dynamixel_sdk_custom_interfaces/lib:/home/j4ck/turtlebot3_ws/install/dynamixel_sdk/lib:/opt/ros/humble/opt/rviz_ogre_vendor/lib:/opt/ros/humble/lib/x86_64-linux-gnu:/opt/ros/humble/lib::/usr/lib/x86_64-linux-gnu/gazebo-11/plugins:', 'BROWSER': 'Brave', 'HOME': '/home/j4ck', 'TERMINFO': '/home/j4ck/.local/kitty.app/lib/kitty/terminfo', 'OLDPWD': '/home/j4ck/0Clases/TP_Robots/ros2_ej/src', 'DESKTOP_SESSION': 'ubuntu', 'KITTY_INSTALLATION_DIR': '/home/j4ck/.local/kitty.app/lib/kitty', 'GTK_MODULES': 'gail:atk-bridge', 'GNOME_SHELL_SESSION_MODE': 'ubuntu', 'GAZEBO_MASTER_URI': 'http://localhost:11345', 'ROS_PYTHON_VERSION': '3', 'MANAGERPID': '1771', 'KITTY_PID': '28910', 'SYSTEMD_EXEC_PID': '2292', 'DBUS_SESSION_BUS_ADDRESS': 'unix:path=/run/user/1000/bus', 'VISUAL': 'nvim', 'gruvbox': '~/.config/kitty/themes/gruvbox.conf ~/.config/kitty/current-theme.conf', 'GIO_LAUNCHED_DESKTOP_FILE_PID': '28910', 'COLORTERM': 'truecolor', 'SYSTEMD_EDITOR': 'nvim', 'ROS_DISTRO': 'humble', 'COLCON_PREFIX_PATH': '/home/j4ck/turtlebot3_ws/install', 'LOGNAME': 'j4ck', 'GTK_IM_MODULE': 'ibus', 'JOURNAL_STREAM': '8:17399', 'WINDOWID': '62914574', '_': '/usr/bin/colcon', 'XDG_SESSION_CLASS': 'user', 'ROS_VERSION': '2', 'USERNAME': 'j4ck', 'TERM': 'xterm-kitty', 'KITTY_PUBLIC_KEY': '1:8#K%{^@9W?0XUIDpe`-4_@N{G`MqptX~+kfYWHAM', 'GAZEBO_MODEL_PATH': '/usr/share/gazebo-11/models:', 'everforest': '~/.config/kitty/themes/everforest.conf ~/.config/kitty/current-theme.conf', 'GNOME_DESKTOP_SESSION_ID': 'this-is-deprecated', 'ROS_LOCALHOST_ONLY': '0', 'WINDOWPATH': '2', 'OGRE_RESOURCE_PATH': '/usr/lib/x86_64-linux-gnu/OGRE-1.9.0', 'PATH': '/opt/ros/humble/bin:/home/j4ck/.cargo/bin:/home/j4ck/.local/bin:/home/jack/.local/bin:/usr/local/sbin:/usr/local/bin:/usr/sbin:/usr/bin:/sbin:/bin:/usr/games:/usr/local/games:/snap/bin:/snap/bin', 'SESSION_MANAGER': 'local/eurid1:@/tmp/.ICE-unix/2043,unix/eurid1:/tmp/.ICE-unix/2043', 'INVOCATION_ID': 'e69ea312e71a40528c8a7130115c4f5c', 'XDG_RUNTIME_DIR': '/run/user/1000', 'XDG_MENU_PREFIX': 'gnome-', 'DISPLAY': ':1', 'LANG': 'es_CL.UTF-8', 'XDG_CURRENT_DESKTOP': 'ubuntu:GNOME', 'XAUTHORITY': '/run/user/1000/gdm/Xauthority', 'XDG_SESSION_DESKTOP': 'ubuntu', 'XMODIFIERS': '@im=ibus', 'XDG_CONFIG_HOME': '/home/j4ck/.config', 'XDG_DATA_HOME': '/home/j4ck/.local/share', 'SSH_AGENT_LAUNCHER': 'gnome-keyring', 'SSH_AUTH_SOCK': '/run/user/1000/keyring/ssh', 'AMENT_PREFIX_PATH': '/home/j4ck/turtlebot3_ws/install/turtlebot3:/home/j4ck/turtlebot3_ws/install/turtlebot3_teleop:/home/j4ck/turtlebot3_ws/install/turtlebot3_bringup:/home/j4ck/turtlebot3_ws/install/turtlebot3_node:/home/j4ck/turtlebot3_ws/install/turtlebot3_navigation2:/home/j4ck/turtlebot3_ws/install/turtlebot3_example:/home/j4ck/turtlebot3_ws/install/turtlebot3_msgs:/home/j4ck/turtlebot3_ws/install/turtlebot3_description:/home/j4ck/turtlebot3_ws/install/turtlebot3_cartographer:/home/j4ck/turtlebot3_ws/install/dynamixel_sdk_examples:/home/j4ck/turtlebot3_ws/install/dynamixel_sdk_custom_interfaces:/home/j4ck/turtlebot3_ws/install/dynamixel_sdk:/opt/ros/humble', 'ROS_DOMAIN_ID': '30', 'SHELL': '/usr/bin/zsh', 'QT_ACCESSIBILITY': '1', 'GDMSESSION': 'ubuntu', 'KITTY_WINDOW_ID': '25', 'GPG_AGENT_INFO': '/run/user/1000/gnupg/S.gpg-agent:0:1', 'GAZEBO_RESOURCE_PATH': '/usr/share/gazebo-11:', 'QT_IM_MODULE': 'ibus', 'GAZEBO_MODEL_DATABASE_URI': 'http://models.gazebosim.org', 'PWD': '/home/j4ck/0Clases/TP_Robots/ros2_ej/build/turtlesim_cop', 'XDG_DATA_DIRS': '/usr/share/ubuntu:/usr/share/gnome:/usr/local/share/:/usr/share/:/var/lib/snapd/desktop', 'XDG_CONFIG_DIRS': '/etc/xdg/xdg-ubuntu:/etc/xdg', 'GAZEBO_PLUGIN_PATH': '/usr/lib/x86_64-linux-gnu/gazebo-11/plugins:', 'PYTHONPATH': '/home/j4ck/0Clases/TP_Robots/ros2_ej/build/turtlesim_cop/prefix_override:/usr/lib/python3/dist-packages/colcon_core/task/python/colcon_distutils_commands:/home/j4ck/0Clases/TP_Robots/ros2_ej/install/turtlesim_cop/lib/python3.10/site-packages:/home/j4ck/turtlebot3_ws/build/turtlebot3_teleop:/home/j4ck/turtlebot3_ws/install/turtlebot3_teleop/lib/python3.10/site-packages:/home/j4ck/turtlebot3_ws/build/turtlebot3_example:/home/j4ck/turtlebot3_ws/install/turtlebot3_example/lib/python3.10/site-packages:/home/j4ck/turtlebot3_ws/install/turtlebot3_msgs/local/lib/python3.10/dist-packages:/home/j4ck/turtlebot3_ws/install/dynamixel_sdk_custom_interfaces/local/lib/python3.10/dist-packages:/home/j4ck/turtlebot3_ws/install/dynamixel_sdk/local/lib/python3.10/dist-packages:/opt/ros/humble/lib/python3.10/site-packages:/opt/ros/humble/local/lib/python3.10/dist-packages', 'COLCON': '1', 'CMAKE_PREFIX_PATH': '/home/j4ck/turtlebot3_ws/install/turtlebot3:/home/j4ck/turtlebot3_ws/install/turtlebot3_bringup:/home/j4ck/turtlebot3_ws/install/turtlebot3_node:/home/j4ck/turtlebot3_ws/install/turtlebot3_navigation2:/home/j4ck/turtlebot3_ws/install/turtlebot3_msgs:/home/j4ck/turtlebot3_ws/install/turtlebot3_description:/home/j4ck/turtlebot3_ws/install/turtlebot3_cartographer:/home/j4ck/turtlebot3_ws/install/dynamixel_sdk_examples:/home/j4ck/turtlebot3_ws/install/dynamixel_sdk_custom_interfaces:/home/j4ck/turtlebot3_ws/install/dynamixel_sdk', 'EDITOR': 'nvim'}, 'shell': False}
[0.947240] (py_pubsub) Command: {'cmd': ['/usr/bin/python3', '-W', 'ignore:setup.py install is deprecated', '-W', 'ignore:easy_install command is deprecated', 'setup.py', 'egg_info', '--egg-base', '../../build/py_pubsub', 'build', '--build-base', '/home/j4ck/0Clases/TP_Robots/ros2_ej/build/py_pubsub/build', 'install', '--record', '/home/j4ck/0Clases/TP_Robots/ros2_ej/build/py_pubsub/install.log', '--install-scripts', '$base/lib/py_pubsub', '--single-version-externally-managed', 'install_data'], 'cwd': '/home/j4ck/0Clases/TP_Robots/ros2_ej/src/py_pubsub', 'env': {'LANGUAGE': 'es_CL:es', 'USER': 'j4ck', 'XDG_SESSION_TYPE': 'x11', 'kanagawa': '~/.config/kitty/themes/kanagawa.conf ~/.config/kitty/current-theme.conf', 'SHLVL': '1', 'XDG_CACHE_HOME': '/home/j4ck/.cache', 'LD_LIBRARY_PATH': '/home/j4ck/turtlebot3_ws/install/turtlebot3_msgs/lib:/home/j4ck/turtlebot3_ws/install/dynamixel_sdk_custom_interfaces/lib:/home/j4ck/turtlebot3_ws/install/dynamixel_sdk/lib:/opt/ros/humble/opt/rviz_ogre_vendor/lib:/opt/ros/humble/lib/x86_64-linux-gnu:/opt/ros/humble/lib::/usr/lib/x86_64-linux-gnu/gazebo-11/plugins:', 'BROWSER': 'Brave', 'HOME': '/home/j4ck', 'TERMINFO': '/home/j4ck/.local/kitty.app/lib/kitty/terminfo', 'OLDPWD': '/home/j4ck/0Clases/TP_Robots/ros2_ej/src', 'DESKTOP_SESSION': 'ubuntu', 'KITTY_INSTALLATION_DIR': '/home/j4ck/.local/kitty.app/lib/kitty', 'GTK_MODULES': 'gail:atk-bridge', 'GNOME_SHELL_SESSION_MODE': 'ubuntu', 'GAZEBO_MASTER_URI': 'http://localhost:11345', 'ROS_PYTHON_VERSION': '3', 'MANAGERPID': '1771', 'KITTY_PID': '28910', 'SYSTEMD_EXEC_PID': '2292', 'DBUS_SESSION_BUS_ADDRESS': 'unix:path=/run/user/1000/bus', 'VISUAL': 'nvim', 'gruvbox': '~/.config/kitty/themes/gruvbox.conf ~/.config/kitty/current-theme.conf', 'GIO_LAUNCHED_DESKTOP_FILE_PID': '28910', 'COLORTERM': 'truecolor', 'SYSTEMD_EDITOR': 'nvim', 'ROS_DISTRO': 'humble', 'COLCON_PREFIX_PATH': '/home/j4ck/turtlebot3_ws/install', 'LOGNAME': 'j4ck', 'GTK_IM_MODULE': 'ibus', 'JOURNAL_STREAM': '8:17399', 'WINDOWID': '62914574', '_': '/usr/bin/colcon', 'XDG_SESSION_CLASS': 'user', 'ROS_VERSION': '2', 'USERNAME': 'j4ck', 'TERM': 'xterm-kitty', 'KITTY_PUBLIC_KEY': '1:8#K%{^@9W?0XUIDpe`-4_@N{G`MqptX~+kfYWHAM', 'GAZEBO_MODEL_PATH': '/usr/share/gazebo-11/models:', 'everforest': '~/.config/kitty/themes/everforest.conf ~/.config/kitty/current-theme.conf', 'GNOME_DESKTOP_SESSION_ID': 'this-is-deprecated', 'ROS_LOCALHOST_ONLY': '0', 'WINDOWPATH': '2', 'OGRE_RESOURCE_PATH': '/usr/lib/x86_64-linux-gnu/OGRE-1.9.0', 'PATH': '/opt/ros/humble/bin:/home/j4ck/.cargo/bin:/home/j4ck/.local/bin:/home/jack/.local/bin:/usr/local/sbin:/usr/local/bin:/usr/sbin:/usr/bin:/sbin:/bin:/usr/games:/usr/local/games:/snap/bin:/snap/bin', 'SESSION_MANAGER': 'local/eurid1:@/tmp/.ICE-unix/2043,unix/eurid1:/tmp/.ICE-unix/2043', 'INVOCATION_ID': 'e69ea312e71a40528c8a7130115c4f5c', 'XDG_RUNTIME_DIR': '/run/user/1000', 'XDG_MENU_PREFIX': 'gnome-', 'DISPLAY': ':1', 'LANG': 'es_CL.UTF-8', 'XDG_CURRENT_DESKTOP': 'ubuntu:GNOME', 'XAUTHORITY': '/run/user/1000/gdm/Xauthority', 'XDG_SESSION_DESKTOP': 'ubuntu', 'XMODIFIERS': '@im=ibus', 'XDG_CONFIG_HOME': '/home/j4ck/.config', 'XDG_DATA_HOME': '/home/j4ck/.local/share', 'SSH_AGENT_LAUNCHER': 'gnome-keyring', 'SSH_AUTH_SOCK': '/run/user/1000/keyring/ssh', 'AMENT_PREFIX_PATH': '/home/j4ck/turtlebot3_ws/install/turtlebot3:/home/j4ck/turtlebot3_ws/install/turtlebot3_teleop:/home/j4ck/turtlebot3_ws/install/turtlebot3_bringup:/home/j4ck/turtlebot3_ws/install/turtlebot3_node:/home/j4ck/turtlebot3_ws/install/turtlebot3_navigation2:/home/j4ck/turtlebot3_ws/install/turtlebot3_example:/home/j4ck/turtlebot3_ws/install/turtlebot3_msgs:/home/j4ck/turtlebot3_ws/install/turtlebot3_description:/home/j4ck/turtlebot3_ws/install/turtlebot3_cartographer:/home/j4ck/turtlebot3_ws/install/dynamixel_sdk_examples:/home/j4ck/turtlebot3_ws/install/dynamixel_sdk_custom_interfaces:/home/j4ck/turtlebot3_ws/install/dynamixel_sdk:/opt/ros/humble', 'ROS_DOMAIN_ID': '30', 'SHELL': '/usr/bin/zsh', 'QT_ACCESSIBILITY': '1', 'GDMSESSION': 'ubuntu', 'KITTY_WINDOW_ID': '25', 'GPG_AGENT_INFO': '/run/user/1000/gnupg/S.gpg-agent:0:1', 'GAZEBO_RESOURCE_PATH': '/usr/share/gazebo-11:', 'QT_IM_MODULE': 'ibus', 'GAZEBO_MODEL_DATABASE_URI': 'http://models.gazebosim.org', 'PWD': '/home/j4ck/0Clases/TP_Robots/ros2_ej/build/py_pubsub', 'XDG_DATA_DIRS': '/usr/share/ubuntu:/usr/share/gnome:/usr/local/share/:/usr/share/:/var/lib/snapd/desktop', 'XDG_CONFIG_DIRS': '/etc/xdg/xdg-ubuntu:/etc/xdg', 'GAZEBO_PLUGIN_PATH': '/usr/lib/x86_64-linux-gnu/gazebo-11/plugins:', 'PYTHONPATH': '/home/j4ck/0Clases/TP_Robots/ros2_ej/build/py_pubsub/prefix_override:/usr/lib/python3/dist-packages/colcon_core/task/python/colcon_distutils_commands:/home/j4ck/0Clases/TP_Robots/ros2_ej/install/py_pubsub/lib/python3.10/site-packages:/home/j4ck/turtlebot3_ws/build/turtlebot3_teleop:/home/j4ck/turtlebot3_ws/install/turtlebot3_teleop/lib/python3.10/site-packages:/home/j4ck/turtlebot3_ws/build/turtlebot3_example:/home/j4ck/turtlebot3_ws/install/turtlebot3_example/lib/python3.10/site-packages:/home/j4ck/turtlebot3_ws/install/turtlebot3_msgs/local/lib/python3.10/dist-packages:/home/j4ck/turtlebot3_ws/install/dynamixel_sdk_custom_interfaces/local/lib/python3.10/dist-packages:/home/j4ck/turtlebot3_ws/install/dynamixel_sdk/local/lib/python3.10/dist-packages:/opt/ros/humble/lib/python3.10/site-packages:/opt/ros/humble/local/lib/python3.10/dist-packages', 'COLCON': '1', 'CMAKE_PREFIX_PATH': '/home/j4ck/turtlebot3_ws/install/turtlebot3:/home/j4ck/turtlebot3_ws/install/turtlebot3_bringup:/home/j4ck/turtlebot3_ws/install/turtlebot3_node:/home/j4ck/turtlebot3_ws/install/turtlebot3_navigation2:/home/j4ck/turtlebot3_ws/install/turtlebot3_msgs:/home/j4ck/turtlebot3_ws/install/turtlebot3_description:/home/j4ck/turtlebot3_ws/install/turtlebot3_cartographer:/home/j4ck/turtlebot3_ws/install/dynamixel_sdk_examples:/home/j4ck/turtlebot3_ws/install/dynamixel_sdk_custom_interfaces:/home/j4ck/turtlebot3_ws/install/dynamixel_sdk', 'EDITOR': 'nvim'}, 'shell': False}
[0.956149] (turtlesim_ctr) Command: {'cmd': ['/usr/bin/python3', '-W', 'ignore:setup.py install is deprecated', '-W', 'ignore:easy_install command is deprecated', 'setup.py', 'egg_info', '--egg-base', '../../build/turtlesim_ctr', 'build', '--build-base', '/home/j4ck/0Clases/TP_Robots/ros2_ej/build/turtlesim_ctr/build', 'install', '--record', '/home/j4ck/0Clases/TP_Robots/ros2_ej/build/turtlesim_ctr/install.log', '--install-scripts', '$base/lib/turtlesim_ctr', '--single-version-externally-managed', 'install_data'], 'cwd': '/home/j4ck/0Clases/TP_Robots/ros2_ej/src/turtlesim_ctr', 'env': {'LANGUAGE': 'es_CL:es', 'USER': 'j4ck', 'XDG_SESSION_TYPE': 'x11', 'kanagawa': '~/.config/kitty/themes/kanagawa.conf ~/.config/kitty/current-theme.conf', 'SHLVL': '1', 'XDG_CACHE_HOME': '/home/j4ck/.cache', 'LD_LIBRARY_PATH': '/home/j4ck/turtlebot3_ws/install/turtlebot3_msgs/lib:/home/j4ck/turtlebot3_ws/install/dynamixel_sdk_custom_interfaces/lib:/home/j4ck/turtlebot3_ws/install/dynamixel_sdk/lib:/opt/ros/humble/opt/rviz_ogre_vendor/lib:/opt/ros/humble/lib/x86_64-linux-gnu:/opt/ros/humble/lib::/usr/lib/x86_64-linux-gnu/gazebo-11/plugins:', 'BROWSER': 'Brave', 'HOME': '/home/j4ck', 'TERMINFO': '/home/j4ck/.local/kitty.app/lib/kitty/terminfo', 'OLDPWD': '/home/j4ck/0Clases/TP_Robots/ros2_ej/src', 'DESKTOP_SESSION': 'ubuntu', 'KITTY_INSTALLATION_DIR': '/home/j4ck/.local/kitty.app/lib/kitty', 'GTK_MODULES': 'gail:atk-bridge', 'GNOME_SHELL_SESSION_MODE': 'ubuntu', 'GAZEBO_MASTER_URI': 'http://localhost:11345', 'ROS_PYTHON_VERSION': '3', 'MANAGERPID': '1771', 'KITTY_PID': '28910', 'SYSTEMD_EXEC_PID': '2292', 'DBUS_SESSION_BUS_ADDRESS': 'unix:path=/run/user/1000/bus', 'VISUAL': 'nvim', 'gruvbox': '~/.config/kitty/themes/gruvbox.conf ~/.config/kitty/current-theme.conf', 'GIO_LAUNCHED_DESKTOP_FILE_PID': '28910', 'COLORTERM': 'truecolor', 'SYSTEMD_EDITOR': 'nvim', 'ROS_DISTRO': 'humble', 'COLCON_PREFIX_PATH': '/home/j4ck/turtlebot3_ws/install', 'LOGNAME': 'j4ck', 'GTK_IM_MODULE': 'ibus', 'JOURNAL_STREAM': '8:17399', 'WINDOWID': '62914574', '_': '/usr/bin/colcon', 'XDG_SESSION_CLASS': 'user', 'ROS_VERSION': '2', 'USERNAME': 'j4ck', 'TERM': 'xterm-kitty', 'KITTY_PUBLIC_KEY': '1:8#K%{^@9W?0XUIDpe`-4_@N{G`MqptX~+kfYWHAM', 'GAZEBO_MODEL_PATH': '/usr/share/gazebo-11/models:', 'everforest': '~/.config/kitty/themes/everforest.conf ~/.config/kitty/current-theme.conf', 'GNOME_DESKTOP_SESSION_ID': 'this-is-deprecated', 'ROS_LOCALHOST_ONLY': '0', 'WINDOWPATH': '2', 'OGRE_RESOURCE_PATH': '/usr/lib/x86_64-linux-gnu/OGRE-1.9.0', 'PATH': '/opt/ros/humble/bin:/home/j4ck/.cargo/bin:/home/j4ck/.local/bin:/home/jack/.local/bin:/usr/local/sbin:/usr/local/bin:/usr/sbin:/usr/bin:/sbin:/bin:/usr/games:/usr/local/games:/snap/bin:/snap/bin', 'SESSION_MANAGER': 'local/eurid1:@/tmp/.ICE-unix/2043,unix/eurid1:/tmp/.ICE-unix/2043', 'INVOCATION_ID': 'e69ea312e71a40528c8a7130115c4f5c', 'XDG_RUNTIME_DIR': '/run/user/1000', 'XDG_MENU_PREFIX': 'gnome-', 'DISPLAY': ':1', 'LANG': 'es_CL.UTF-8', 'XDG_CURRENT_DESKTOP': 'ubuntu:GNOME', 'XAUTHORITY': '/run/user/1000/gdm/Xauthority', 'XDG_SESSION_DESKTOP': 'ubuntu', 'XMODIFIERS': '@im=ibus', 'XDG_CONFIG_HOME': '/home/j4ck/.config', 'XDG_DATA_HOME': '/home/j4ck/.local/share', 'SSH_AGENT_LAUNCHER': 'gnome-keyring', 'SSH_AUTH_SOCK': '/run/user/1000/keyring/ssh', 'AMENT_PREFIX_PATH': '/home/j4ck/turtlebot3_ws/install/turtlebot3:/home/j4ck/turtlebot3_ws/install/turtlebot3_teleop:/home/j4ck/turtlebot3_ws/install/turtlebot3_bringup:/home/j4ck/turtlebot3_ws/install/turtlebot3_node:/home/j4ck/turtlebot3_ws/install/turtlebot3_navigation2:/home/j4ck/turtlebot3_ws/install/turtlebot3_example:/home/j4ck/turtlebot3_ws/install/turtlebot3_msgs:/home/j4ck/turtlebot3_ws/install/turtlebot3_description:/home/j4ck/turtlebot3_ws/install/turtlebot3_cartographer:/home/j4ck/turtlebot3_ws/install/dynamixel_sdk_examples:/home/j4ck/turtlebot3_ws/install/dynamixel_sdk_custom_interfaces:/home/j4ck/turtlebot3_ws/install/dynamixel_sdk:/opt/ros/humble', 'ROS_DOMAIN_ID': '30', 'SHELL': '/usr/bin/zsh', 'QT_ACCESSIBILITY': '1', 'GDMSESSION': 'ubuntu', 'KITTY_WINDOW_ID': '25', 'GPG_AGENT_INFO': '/run/user/1000/gnupg/S.gpg-agent:0:1', 'GAZEBO_RESOURCE_PATH': '/usr/share/gazebo-11:', 'QT_IM_MODULE': 'ibus', 'GAZEBO_MODEL_DATABASE_URI': 'http://models.gazebosim.org', 'PWD': '/home/j4ck/0Clases/TP_Robots/ros2_ej/build/turtlesim_ctr', 'XDG_DATA_DIRS': '/usr/share/ubuntu:/usr/share/gnome:/usr/local/share/:/usr/share/:/var/lib/snapd/desktop', 'XDG_CONFIG_DIRS': '/etc/xdg/xdg-ubuntu:/etc/xdg', 'GAZEBO_PLUGIN_PATH': '/usr/lib/x86_64-linux-gnu/gazebo-11/plugins:', 'PYTHONPATH': '/home/j4ck/0Clases/TP_Robots/ros2_ej/build/turtlesim_ctr/prefix_override:/usr/lib/python3/dist-packages/colcon_core/task/python/colcon_distutils_commands:/home/j4ck/0Clases/TP_Robots/ros2_ej/install/turtlesim_ctr/lib/python3.10/site-packages:/home/j4ck/turtlebot3_ws/build/turtlebot3_teleop:/home/j4ck/turtlebot3_ws/install/turtlebot3_teleop/lib/python3.10/site-packages:/home/j4ck/turtlebot3_ws/build/turtlebot3_example:/home/j4ck/turtlebot3_ws/install/turtlebot3_example/lib/python3.10/site-packages:/home/j4ck/turtlebot3_ws/install/turtlebot3_msgs/local/lib/python3.10/dist-packages:/home/j4ck/turtlebot3_ws/install/dynamixel_sdk_custom_interfaces/local/lib/python3.10/dist-packages:/home/j4ck/turtlebot3_ws/install/dynamixel_sdk/local/lib/python3.10/dist-packages:/opt/ros/humble/lib/python3.10/site-packages:/opt/ros/humble/local/lib/python3.10/dist-packages', 'COLCON': '1', 'CMAKE_PREFIX_PATH': '/home/j4ck/turtlebot3_ws/install/turtlebot3:/home/j4ck/turtlebot3_ws/install/turtlebot3_bringup:/home/j4ck/turtlebot3_ws/install/turtlebot3_node:/home/j4ck/turtlebot3_ws/install/turtlebot3_navigation2:/home/j4ck/turtlebot3_ws/install/turtlebot3_msgs:/home/j4ck/turtlebot3_ws/install/turtlebot3_description:/home/j4ck/turtlebot3_ws/install/turtlebot3_cartographer:/home/j4ck/turtlebot3_ws/install/dynamixel_sdk_examples:/home/j4ck/turtlebot3_ws/install/dynamixel_sdk_custom_interfaces:/home/j4ck/turtlebot3_ws/install/dynamixel_sdk', 'EDITOR': 'nvim'}, 'shell': False}
[1.002897] (-) TimerEvent: {}
[1.103211] (-) TimerEvent: {}
[1.108346] (py_pubsub) StdoutLine: {'line': b'running egg_info\n'}
[1.108635] (turtlesim_cop) StdoutLine: {'line': b'running egg_info\n'}
[1.108856] (py_pubsub) StdoutLine: {'line': b'writing ../../build/py_pubsub/py_pubsub.egg-info/PKG-INFO\n'}
[1.108987] (turtlesim_cop) StdoutLine: {'line': b'creating ../../build/turtlesim_cop/turtlesim_cop.egg-info\n'}
[1.109094] (turtlesim_cop) StdoutLine: {'line': b'writing ../../build/turtlesim_cop/turtlesim_cop.egg-info/PKG-INFO\n'}
[1.109219] (turtlesim_cop) StdoutLine: {'line': b'writing dependency_links to ../../build/turtlesim_cop/turtlesim_cop.egg-info/dependency_links.txt\n'}
[1.109347] (turtlesim_cop) StdoutLine: {'line': b'writing entry points to ../../build/turtlesim_cop/turtlesim_cop.egg-info/entry_points.txt\n'}
[1.109413] (turtlesim_cop) StdoutLine: {'line': b'writing requirements to ../../build/turtlesim_cop/turtlesim_cop.egg-info/requires.txt\n'}
[1.109479] (turtlesim_cop) StdoutLine: {'line': b'writing top-level names to ../../build/turtlesim_cop/turtlesim_cop.egg-info/top_level.txt\n'}
[1.109577] (turtlesim_cop) StdoutLine: {'line': b"writing manifest file '../../build/turtlesim_cop/turtlesim_cop.egg-info/SOURCES.txt'\n"}
[1.110061] (py_pubsub) StdoutLine: {'line': b'writing dependency_links to ../../build/py_pubsub/py_pubsub.egg-info/dependency_links.txt\n'}
[1.110198] (py_pubsub) StdoutLine: {'line': b'writing entry points to ../../build/py_pubsub/py_pubsub.egg-info/entry_points.txt\n'}
[1.110314] (py_pubsub) StdoutLine: {'line': b'writing requirements to ../../build/py_pubsub/py_pubsub.egg-info/requires.txt\n'}
[1.110383] (py_pubsub) StdoutLine: {'line': b'writing top-level names to ../../build/py_pubsub/py_pubsub.egg-info/top_level.txt\n'}
[1.110598] (turtlesim_cop) StdoutLine: {'line': b"reading manifest file '../../build/turtlesim_cop/turtlesim_cop.egg-info/SOURCES.txt'\n"}
[1.110697] (turtlesim_cop) StdoutLine: {'line': b"adding license file 'LICENSE'\n"}
[1.111128] (turtlesim_cop) StdoutLine: {'line': b"writing manifest file '../../build/turtlesim_cop/turtlesim_cop.egg-info/SOURCES.txt'\n"}
[1.111303] (turtlesim_cop) StdoutLine: {'line': b'running build\n'}
[1.111434] (turtlesim_cop) StdoutLine: {'line': b'running build_py\n'}
[1.111540] (turtlesim_cop) StdoutLine: {'line': b'creating /home/j4ck/0Clases/TP_Robots/ros2_ej/build/turtlesim_cop/build\n'}
[1.111669] (turtlesim_cop) StdoutLine: {'line': b'creating /home/j4ck/0Clases/TP_Robots/ros2_ej/build/turtlesim_cop/build/lib\n'}
[1.111743] (turtlesim_cop) StdoutLine: {'line': b'creating /home/j4ck/0Clases/TP_Robots/ros2_ej/build/turtlesim_cop/build/lib/turtlesim_cop\n'}
[1.111840] (turtlesim_cop) StdoutLine: {'line': b'copying turtlesim_cop/inversor.py -> /home/j4ck/0Clases/TP_Robots/ros2_ej/build/turtlesim_cop/build/lib/turtlesim_cop\n'}
[1.111971] (turtlesim_cop) StdoutLine: {'line': b'copying turtlesim_cop/__init__.py -> /home/j4ck/0Clases/TP_Robots/ros2_ej/build/turtlesim_cop/build/lib/turtlesim_cop\n'}
[1.112048] (py_pubsub) StdoutLine: {'line': b"reading manifest file '../../build/py_pubsub/py_pubsub.egg-info/SOURCES.txt'\n"}
[1.112128] (turtlesim_cop) StdoutLine: {'line': b'running install\n'}
[1.112196] (turtlesim_cop) StdoutLine: {'line': b'running install_lib\n'}
[1.112268] (py_pubsub) StdoutLine: {'line': b"adding license file 'LICENSE'\n"}
[1.112430] (turtlesim_cop) StdoutLine: {'line': b'creating /home/j4ck/0Clases/TP_Robots/ros2_ej/install/turtlesim_cop/lib/python3.10/site-packages/turtlesim_cop\n'}
[1.112618] (py_pubsub) StdoutLine: {'line': b"writing manifest file '../../build/py_pubsub/py_pubsub.egg-info/SOURCES.txt'\n"}
[1.112711] (py_pubsub) StdoutLine: {'line': b'running build\n'}
[1.112801] (py_pubsub) StdoutLine: {'line': b'running build_py\n'}
[1.112890] (turtlesim_cop) StdoutLine: {'line': b'copying /home/j4ck/0Clases/TP_Robots/ros2_ej/build/turtlesim_cop/build/lib/turtlesim_cop/inversor.py -> /home/j4ck/0Clases/TP_Robots/ros2_ej/install/turtlesim_cop/lib/python3.10/site-packages/turtlesim_cop\n'}
[1.113009] (turtlesim_cop) StdoutLine: {'line': b'copying /home/j4ck/0Clases/TP_Robots/ros2_ej/build/turtlesim_cop/build/lib/turtlesim_cop/__init__.py -> /home/j4ck/0Clases/TP_Robots/ros2_ej/install/turtlesim_cop/lib/python3.10/site-packages/turtlesim_cop\n'}
[1.113087] (turtlesim_cop) StdoutLine: {'line': b'byte-compiling /home/j4ck/0Clases/TP_Robots/ros2_ej/install/turtlesim_cop/lib/python3.10/site-packages/turtlesim_cop/inversor.py to inversor.cpython-310.pyc\n'}
[1.113188] (py_pubsub) StdoutLine: {'line': b'running install\n'}
[1.113303] (turtlesim_cop) StdoutLine: {'line': b'byte-compiling /home/j4ck/0Clases/TP_Robots/ros2_ej/install/turtlesim_cop/lib/python3.10/site-packages/turtlesim_cop/__init__.py to __init__.cpython-310.pyc\n'}
[1.113365] (py_pubsub) StdoutLine: {'line': b'running install_lib\n'}
[1.113423] (turtlesim_cop) StdoutLine: {'line': b'running install_data\n'}
[1.113480] (turtlesim_cop) StdoutLine: {'line': b'creating /home/j4ck/0Clases/TP_Robots/ros2_ej/install/turtlesim_cop/share/ament_index\n'}
[1.113540] (turtlesim_cop) StdoutLine: {'line': b'creating /home/j4ck/0Clases/TP_Robots/ros2_ej/install/turtlesim_cop/share/ament_index/resource_index\n'}
[1.113579] (turtlesim_cop) StdoutLine: {'line': b'creating /home/j4ck/0Clases/TP_Robots/ros2_ej/install/turtlesim_cop/share/ament_index/resource_index/packages\n'}
[1.113626] (turtlesim_cop) StdoutLine: {'line': b'copying resource/turtlesim_cop -> /home/j4ck/0Clases/TP_Robots/ros2_ej/install/turtlesim_cop/share/ament_index/resource_index/packages\n'}
[1.113682] (turtlesim_cop) StdoutLine: {'line': b'copying package.xml -> /home/j4ck/0Clases/TP_Robots/ros2_ej/install/turtlesim_cop/share/turtlesim_cop\n'}
[1.113729] (turtlesim_cop) StdoutLine: {'line': b'running install_egg_info\n'}
[1.113875] (py_pubsub) StdoutLine: {'line': b'creating /home/j4ck/0Clases/TP_Robots/ros2_ej/install/py_pubsub/lib/python3.10/site-packages/py_pubsub\n'}
[1.113933] (py_pubsub) StdoutLine: {'line': b'copying /home/j4ck/0Clases/TP_Robots/ros2_ej/build/py_pubsub/build/lib/py_pubsub/publisher_member_function.py -> /home/j4ck/0Clases/TP_Robots/ros2_ej/install/py_pubsub/lib/python3.10/site-packages/py_pubsub\n'}
[1.114176] (py_pubsub) StdoutLine: {'line': b'copying /home/j4ck/0Clases/TP_Robots/ros2_ej/build/py_pubsub/build/lib/py_pubsub/__init__.py -> /home/j4ck/0Clases/TP_Robots/ros2_ej/install/py_pubsub/lib/python3.10/site-packages/py_pubsub\n'}
[1.114279] (py_pubsub) StdoutLine: {'line': b'copying /home/j4ck/0Clases/TP_Robots/ros2_ej/build/py_pubsub/build/lib/py_pubsub/subscriber_member_function.py -> /home/j4ck/0Clases/TP_Robots/ros2_ej/install/py_pubsub/lib/python3.10/site-packages/py_pubsub\n'}
[1.114810] (py_pubsub) StdoutLine: {'line': b'byte-compiling /home/j4ck/0Clases/TP_Robots/ros2_ej/install/py_pubsub/lib/python3.10/site-packages/py_pubsub/publisher_member_function.py to publisher_member_function.cpython-310.pyc\n'}
[1.115126] (py_pubsub) StdoutLine: {'line': b'byte-compiling /home/j4ck/0Clases/TP_Robots/ros2_ej/install/py_pubsub/lib/python3.10/site-packages/py_pubsub/__init__.py to __init__.cpython-310.pyc\n'}
[1.115225] (py_pubsub) StdoutLine: {'line': b'byte-compiling /home/j4ck/0Clases/TP_Robots/ros2_ej/install/py_pubsub/lib/python3.10/site-packages/py_pubsub/subscriber_member_function.py to subscriber_member_function.cpython-310.pyc\n'}
[1.115432] (py_pubsub) StdoutLine: {'line': b'running install_data\n'}
[1.115713] (turtlesim_ctr) StdoutLine: {'line': b'running egg_info\n'}
[1.115805] (turtlesim_cop) StdoutLine: {'line': b'Copying ../../build/turtlesim_cop/turtlesim_cop.egg-info to /home/j4ck/0Clases/TP_Robots/ros2_ej/install/turtlesim_cop/lib/python3.10/site-packages/turtlesim_cop-0.0.0-py3.10.egg-info\n'}
[1.116078] (py_pubsub) StdoutLine: {'line': b'running install_egg_info\n'}
[1.116201] (turtlesim_ctr) StdoutLine: {'line': b'writing ../../build/turtlesim_ctr/turtlesim_ctr.egg-info/PKG-INFO\n'}
[1.116481] (turtlesim_ctr) StdoutLine: {'line': b'writing dependency_links to ../../build/turtlesim_ctr/turtlesim_ctr.egg-info/dependency_links.txt\n'}
[1.116604] (turtlesim_ctr) StdoutLine: {'line': b'writing entry points to ../../build/turtlesim_ctr/turtlesim_ctr.egg-info/entry_points.txt\n'}
[1.116692] (turtlesim_ctr) StdoutLine: {'line': b'writing requirements to ../../build/turtlesim_ctr/turtlesim_ctr.egg-info/requires.txt\n'}
[1.116756] (turtlesim_cop) StdoutLine: {'line': b'running install_scripts\n'}
[1.116827] (turtlesim_ctr) StdoutLine: {'line': b'writing top-level names to ../../build/turtlesim_ctr/turtlesim_ctr.egg-info/top_level.txt\n'}
[1.117890] (turtlesim_ctr) StdoutLine: {'line': b"reading manifest file '../../build/turtlesim_ctr/turtlesim_ctr.egg-info/SOURCES.txt'\n"}
[1.118183] (turtlesim_ctr) StdoutLine: {'line': b"adding license file 'LICENSE'\n"}
[1.118599] (turtlesim_ctr) StdoutLine: {'line': b"writing manifest file '../../build/turtlesim_ctr/turtlesim_ctr.egg-info/SOURCES.txt'\n"}
[1.118655] (py_pubsub) StdoutLine: {'line': b'Copying ../../build/py_pubsub/py_pubsub.egg-info to /home/j4ck/0Clases/TP_Robots/ros2_ej/install/py_pubsub/lib/python3.10/site-packages/py_pubsub-0.0.0-py3.10.egg-info\n'}
[1.118722] (turtlesim_ctr) StdoutLine: {'line': b'running build\n'}
[1.118758] (turtlesim_ctr) StdoutLine: {'line': b'running build_py\n'}
[1.119508] (py_pubsub) StdoutLine: {'line': b'running install_scripts\n'}
[1.119694] (turtlesim_ctr) StdoutLine: {'line': b'running install\n'}
[1.119979] (turtlesim_ctr) StdoutLine: {'line': b'running install_lib\n'}
[1.120692] (turtlesim_ctr) StdoutLine: {'line': b'creating /home/j4ck/0Clases/TP_Robots/ros2_ej/install/turtlesim_ctr/lib/python3.10/site-packages/turtlesim_ctr\n'}
[1.120779] (turtlesim_ctr) StdoutLine: {'line': b'copying /home/j4ck/0Clases/TP_Robots/ros2_ej/build/turtlesim_ctr/build/lib/turtlesim_ctr/position_ctr.py -> /home/j4ck/0Clases/TP_Robots/ros2_ej/install/turtlesim_ctr/lib/python3.10/site-packages/turtlesim_ctr\n'}
[1.121046] (turtlesim_ctr) StdoutLine: {'line': b'copying /home/j4ck/0Clases/TP_Robots/ros2_ej/build/turtlesim_ctr/build/lib/turtlesim_ctr/listener2_ctr.py -> /home/j4ck/0Clases/TP_Robots/ros2_ej/install/turtlesim_ctr/lib/python3.10/site-packages/turtlesim_ctr\n'}
[1.121294] (turtlesim_ctr) StdoutLine: {'line': b'copying /home/j4ck/0Clases/TP_Robots/ros2_ej/build/turtlesim_ctr/build/lib/turtlesim_ctr/__init__.py -> /home/j4ck/0Clases/TP_Robots/ros2_ej/install/turtlesim_ctr/lib/python3.10/site-packages/turtlesim_ctr\n'}
[1.121393] (turtlesim_ctr) StdoutLine: {'line': b'copying /home/j4ck/0Clases/TP_Robots/ros2_ej/build/turtlesim_ctr/build/lib/turtlesim_ctr/listener_ctr.py -> /home/j4ck/0Clases/TP_Robots/ros2_ej/install/turtlesim_ctr/lib/python3.10/site-packages/turtlesim_ctr\n'}
[1.122149] (turtlesim_ctr) StdoutLine: {'line': b'byte-compiling /home/j4ck/0Clases/TP_Robots/ros2_ej/install/turtlesim_ctr/lib/python3.10/site-packages/turtlesim_ctr/position_ctr.py to position_ctr.cpython-310.pyc\n'}
[1.122894] (turtlesim_ctr) StdoutLine: {'line': b'byte-compiling /home/j4ck/0Clases/TP_Robots/ros2_ej/install/turtlesim_ctr/lib/python3.10/site-packages/turtlesim_ctr/listener2_ctr.py to listener2_ctr.cpython-310.pyc\n'}
[1.123151] (turtlesim_ctr) StdoutLine: {'line': b'byte-compiling /home/j4ck/0Clases/TP_Robots/ros2_ej/install/turtlesim_ctr/lib/python3.10/site-packages/turtlesim_ctr/__init__.py to __init__.cpython-310.pyc\n'}
[1.123261] (turtlesim_ctr) StdoutLine: {'line': b'byte-compiling /home/j4ck/0Clases/TP_Robots/ros2_ej/install/turtlesim_ctr/lib/python3.10/site-packages/turtlesim_ctr/listener_ctr.py to listener_ctr.cpython-310.pyc\n'}
[1.123490] (turtlesim_ctr) StdoutLine: {'line': b'running install_data\n'}
[1.124043] (turtlesim_ctr) StdoutLine: {'line': b'running install_egg_info\n'}
[1.126166] (turtlesim_ctr) StdoutLine: {'line': b'Copying ../../build/turtlesim_ctr/turtlesim_ctr.egg-info to /home/j4ck/0Clases/TP_Robots/ros2_ej/install/turtlesim_ctr/lib/python3.10/site-packages/turtlesim_ctr-0.0.0-py3.10.egg-info\n'}
[1.126985] (turtlesim_ctr) StdoutLine: {'line': b'running install_scripts\n'}
[1.133588] (turtlesim_cop) StdoutLine: {'line': b'Installing invert_ctrl script to /home/j4ck/0Clases/TP_Robots/ros2_ej/install/turtlesim_cop/lib/turtlesim_cop\n'}
[1.133738] (py_pubsub) StdoutLine: {'line': b'Installing listener script to /home/j4ck/0Clases/TP_Robots/ros2_ej/install/py_pubsub/lib/py_pubsub\n'}
[1.133925] (turtlesim_cop) StdoutLine: {'line': b"writing list of installed files to '/home/j4ck/0Clases/TP_Robots/ros2_ej/build/turtlesim_cop/install.log'\n"}
[1.134028] (py_pubsub) StdoutLine: {'line': b'Installing talker script to /home/j4ck/0Clases/TP_Robots/ros2_ej/install/py_pubsub/lib/py_pubsub\n'}
[1.134237] (py_pubsub) StdoutLine: {'line': b"writing list of installed files to '/home/j4ck/0Clases/TP_Robots/ros2_ej/build/py_pubsub/install.log'\n"}
[1.141426] (turtlesim_ctr) StdoutLine: {'line': b'Installing listener2_ctrl script to /home/j4ck/0Clases/TP_Robots/ros2_ej/install/turtlesim_ctr/lib/turtlesim_ctr\n'}
[1.141699] (turtlesim_ctr) StdoutLine: {'line': b'Installing listener_ctrl script to /home/j4ck/0Clases/TP_Robots/ros2_ej/install/turtlesim_ctr/lib/turtlesim_ctr\n'}
[1.141791] (turtlesim_ctr) StdoutLine: {'line': b'Installing pose_ctrl script to /home/j4ck/0Clases/TP_Robots/ros2_ej/install/turtlesim_ctr/lib/turtlesim_ctr\n'}
[1.142089] (turtlesim_ctr) StdoutLine: {'line': b"writing list of installed files to '/home/j4ck/0Clases/TP_Robots/ros2_ej/build/turtlesim_ctr/install.log'\n"}
[1.156514] (turtlesim_cop) CommandEnded: {'returncode': 0}
[1.163641] (turtlesim_cop) JobEnded: {'identifier': 'turtlesim_cop', 'rc': 0}
[1.164860] (turtlesim_ctr) CommandEnded: {'returncode': 0}
[1.170097] (turtlesim_ctr) JobEnded: {'identifier': 'turtlesim_ctr', 'rc': 0}
[1.170464] (py_pubsub) CommandEnded: {'returncode': 0}
[1.175767] (py_pubsub) JobEnded: {'identifier': 'py_pubsub', 'rc': 0}
[1.176182] (-) EventReactorShutdown: {}
