running egg_info
creating ../../build/turtlesim_cop/turtlesim_cop.egg-info
writing ../../build/turtlesim_cop/turtlesim_cop.egg-info/PKG-INFO
writing dependency_links to ../../build/turtlesim_cop/turtlesim_cop.egg-info/dependency_links.txt
writing entry points to ../../build/turtlesim_cop/turtlesim_cop.egg-info/entry_points.txt
writing requirements to ../../build/turtlesim_cop/turtlesim_cop.egg-info/requires.txt
writing top-level names to ../../build/turtlesim_cop/turtlesim_cop.egg-info/top_level.txt
writing manifest file '../../build/turtlesim_cop/turtlesim_cop.egg-info/SOURCES.txt'
reading manifest file '../../build/turtlesim_cop/turtlesim_cop.egg-info/SOURCES.txt'
adding license file 'LICENSE'
writing manifest file '../../build/turtlesim_cop/turtlesim_cop.egg-info/SOURCES.txt'
running build
running build_py
creating /home/j4ck/0Clases/TP_Robots/ros2_ej/build/turtlesim_cop/build
creating /home/j4ck/0Clases/TP_Robots/ros2_ej/build/turtlesim_cop/build/lib
creating /home/j4ck/0Clases/TP_Robots/ros2_ej/build/turtlesim_cop/build/lib/turtlesim_cop
copying turtlesim_cop/inversor.py -> /home/j4ck/0Clases/TP_Robots/ros2_ej/build/turtlesim_cop/build/lib/turtlesim_cop
copying turtlesim_cop/__init__.py -> /home/j4ck/0Clases/TP_Robots/ros2_ej/build/turtlesim_cop/build/lib/turtlesim_cop
running install
running install_lib
creating /home/j4ck/0Clases/TP_Robots/ros2_ej/install/turtlesim_cop/lib/python3.10/site-packages/turtlesim_cop
copying /home/j4ck/0Clases/TP_Robots/ros2_ej/build/turtlesim_cop/build/lib/turtlesim_cop/inversor.py -> /home/j4ck/0Clases/TP_Robots/ros2_ej/install/turtlesim_cop/lib/python3.10/site-packages/turtlesim_cop
copying /home/j4ck/0Clases/TP_Robots/ros2_ej/build/turtlesim_cop/build/lib/turtlesim_cop/__init__.py -> /home/j4ck/0Clases/TP_Robots/ros2_ej/install/turtlesim_cop/lib/python3.10/site-packages/turtlesim_cop
byte-compiling /home/j4ck/0Clases/TP_Robots/ros2_ej/install/turtlesim_cop/lib/python3.10/site-packages/turtlesim_cop/inversor.py to inversor.cpython-310.pyc
byte-compiling /home/j4ck/0Clases/TP_Robots/ros2_ej/install/turtlesim_cop/lib/python3.10/site-packages/turtlesim_cop/__init__.py to __init__.cpython-310.pyc
running install_data
creating /home/j4ck/0Clases/TP_Robots/ros2_ej/install/turtlesim_cop/share/ament_index
creating /home/j4ck/0Clases/TP_Robots/ros2_ej/install/turtlesim_cop/share/ament_index/resource_index
creating /home/j4ck/0Clases/TP_Robots/ros2_ej/install/turtlesim_cop/share/ament_index/resource_index/packages
copying resource/turtlesim_cop -> /home/j4ck/0Clases/TP_Robots/ros2_ej/install/turtlesim_cop/share/ament_index/resource_index/packages
copying package.xml -> /home/j4ck/0Clases/TP_Robots/ros2_ej/install/turtlesim_cop/share/turtlesim_cop
running install_egg_info
Copying ../../build/turtlesim_cop/turtlesim_cop.egg-info to /home/j4ck/0Clases/TP_Robots/ros2_ej/install/turtlesim_cop/lib/python3.10/site-packages/turtlesim_cop-0.0.0-py3.10.egg-info
running install_scripts
Installing invert_ctrl script to /home/j4ck/0Clases/TP_Robots/ros2_ej/install/turtlesim_cop/lib/turtlesim_cop
writing list of installed files to '/home/j4ck/0Clases/TP_Robots/ros2_ej/build/turtlesim_cop/install.log'
