[0.932s] Invoking command in '/home/j4ck/0Clases/TP_Robots/ros2_ej/src/turtlesim_cop': PYTHONPATH=/home/j4ck/0Clases/TP_Robots/ros2_ej/build/turtlesim_cop/prefix_override:/usr/lib/python3/dist-packages/colcon_core/task/python/colcon_distutils_commands:/home/j4ck/0Clases/TP_Robots/ros2_ej/install/turtlesim_cop/lib/python3.10/site-packages:${PYTHONPATH} /usr/bin/python3 -W ignore:setup.py install is deprecated -W ignore:easy_install command is deprecated setup.py egg_info --egg-base ../../build/turtlesim_cop build --build-base /home/j4ck/0Clases/TP_Robots/ros2_ej/build/turtlesim_cop/build install --record /home/j4ck/0Clases/TP_Robots/ros2_ej/build/turtlesim_cop/install.log --install-scripts $base/lib/turtlesim_cop --single-version-externally-managed install_data
[1.095s] running egg_info
[1.095s] creating ../../build/turtlesim_cop/turtlesim_cop.egg-info
[1.095s] writing ../../build/turtlesim_cop/turtlesim_cop.egg-info/PKG-INFO
[1.095s] writing dependency_links to ../../build/turtlesim_cop/turtlesim_cop.egg-info/dependency_links.txt
[1.095s] writing entry points to ../../build/turtlesim_cop/turtlesim_cop.egg-info/entry_points.txt
[1.095s] writing requirements to ../../build/turtlesim_cop/turtlesim_cop.egg-info/requires.txt
[1.095s] writing top-level names to ../../build/turtlesim_cop/turtlesim_cop.egg-info/top_level.txt
[1.096s] writing manifest file '../../build/turtlesim_cop/turtlesim_cop.egg-info/SOURCES.txt'
[1.097s] reading manifest file '../../build/turtlesim_cop/turtlesim_cop.egg-info/SOURCES.txt'
[1.097s] adding license file 'LICENSE'
[1.097s] writing manifest file '../../build/turtlesim_cop/turtlesim_cop.egg-info/SOURCES.txt'
[1.097s] running build
[1.097s] running build_py
[1.098s] creating /home/j4ck/0Clases/TP_Robots/ros2_ej/build/turtlesim_cop/build
[1.098s] creating /home/j4ck/0Clases/TP_Robots/ros2_ej/build/turtlesim_cop/build/lib
[1.098s] creating /home/j4ck/0Clases/TP_Robots/ros2_ej/build/turtlesim_cop/build/lib/turtlesim_cop
[1.098s] copying turtlesim_cop/inversor.py -> /home/j4ck/0Clases/TP_Robots/ros2_ej/build/turtlesim_cop/build/lib/turtlesim_cop
[1.098s] copying turtlesim_cop/__init__.py -> /home/j4ck/0Clases/TP_Robots/ros2_ej/build/turtlesim_cop/build/lib/turtlesim_cop
[1.098s] running install
[1.098s] running install_lib
[1.099s] creating /home/j4ck/0Clases/TP_Robots/ros2_ej/install/turtlesim_cop/lib/python3.10/site-packages/turtlesim_cop
[1.099s] copying /home/j4ck/0Clases/TP_Robots/ros2_ej/build/turtlesim_cop/build/lib/turtlesim_cop/inversor.py -> /home/j4ck/0Clases/TP_Robots/ros2_ej/install/turtlesim_cop/lib/python3.10/site-packages/turtlesim_cop
[1.099s] copying /home/j4ck/0Clases/TP_Robots/ros2_ej/build/turtlesim_cop/build/lib/turtlesim_cop/__init__.py -> /home/j4ck/0Clases/TP_Robots/ros2_ej/install/turtlesim_cop/lib/python3.10/site-packages/turtlesim_cop
[1.099s] byte-compiling /home/j4ck/0Clases/TP_Robots/ros2_ej/install/turtlesim_cop/lib/python3.10/site-packages/turtlesim_cop/inversor.py to inversor.cpython-310.pyc
[1.099s] byte-compiling /home/j4ck/0Clases/TP_Robots/ros2_ej/install/turtlesim_cop/lib/python3.10/site-packages/turtlesim_cop/__init__.py to __init__.cpython-310.pyc
[1.099s] running install_data
[1.099s] creating /home/j4ck/0Clases/TP_Robots/ros2_ej/install/turtlesim_cop/share/ament_index
[1.099s] creating /home/j4ck/0Clases/TP_Robots/ros2_ej/install/turtlesim_cop/share/ament_index/resource_index
[1.100s] creating /home/j4ck/0Clases/TP_Robots/ros2_ej/install/turtlesim_cop/share/ament_index/resource_index/packages
[1.100s] copying resource/turtlesim_cop -> /home/j4ck/0Clases/TP_Robots/ros2_ej/install/turtlesim_cop/share/ament_index/resource_index/packages
[1.100s] copying package.xml -> /home/j4ck/0Clases/TP_Robots/ros2_ej/install/turtlesim_cop/share/turtlesim_cop
[1.100s] running install_egg_info
[1.102s] Copying ../../build/turtlesim_cop/turtlesim_cop.egg-info to /home/j4ck/0Clases/TP_Robots/ros2_ej/install/turtlesim_cop/lib/python3.10/site-packages/turtlesim_cop-0.0.0-py3.10.egg-info
[1.103s] running install_scripts
[1.120s] Installing invert_ctrl script to /home/j4ck/0Clases/TP_Robots/ros2_ej/install/turtlesim_cop/lib/turtlesim_cop
[1.120s] writing list of installed files to '/home/j4ck/0Clases/TP_Robots/ros2_ej/build/turtlesim_cop/install.log'
[1.143s] Invoked command in '/home/j4ck/0Clases/TP_Robots/ros2_ej/src/turtlesim_cop' returned '0': PYTHONPATH=/home/j4ck/0Clases/TP_Robots/ros2_ej/build/turtlesim_cop/prefix_override:/usr/lib/python3/dist-packages/colcon_core/task/python/colcon_distutils_commands:/home/j4ck/0Clases/TP_Robots/ros2_ej/install/turtlesim_cop/lib/python3.10/site-packages:${PYTHONPATH} /usr/bin/python3 -W ignore:setup.py install is deprecated -W ignore:easy_install command is deprecated setup.py egg_info --egg-base ../../build/turtlesim_cop build --build-base /home/j4ck/0Clases/TP_Robots/ros2_ej/build/turtlesim_cop/build install --record /home/j4ck/0Clases/TP_Robots/ros2_ej/build/turtlesim_cop/install.log --install-scripts $base/lib/turtlesim_cop --single-version-externally-managed install_data
