[0.000000] (-) TimerEvent: {}
[0.000863] (py_pubsub) JobQueued: {'identifier': 'py_pubsub', 'dependencies': OrderedDict()}
[0.000934] (turtlesim_cop) JobQueued: {'identifier': 'turtlesim_cop', 'dependencies': OrderedDict()}
[0.000956] (turtlesim_ctr) JobQueued: {'identifier': 'turtlesim_ctr', 'dependencies': OrderedDict()}
[0.000973] (py_pubsub) JobStarted: {'identifier': 'py_pubsub'}
[0.010718] (turtlesim_cop) JobStarted: {'identifier': 'turtlesim_cop'}
[0.018320] (turtlesim_ctr) JobStarted: {'identifier': 'turtlesim_ctr'}
[0.099637] (-) TimerEvent: {}
[0.199864] (-) TimerEvent: {}
[0.300113] (-) TimerEvent: {}
[0.400474] (-) TimerEvent: {}
[0.500774] (-) TimerEvent: {}
[0.601078] (-) TimerEvent: {}
[0.701394] (-) TimerEvent: {}
[0.801706] (-) TimerEvent: {}
[0.826512] (turtlesim_ctr) Command: {'cmd': ['/usr/bin/python3', '-W', 'ignore:setup.py install is deprecated', '-W', 'ignore:easy_install command is deprecated', 'setup.py', 'egg_info', '--egg-base', '../../build/turtlesim_ctr', 'build', '--build-base', '/home/j4ck/0Clases/TP_Robots/ros2_ej/build/turtlesim_ctr/build', 'install', '--record', '/home/j4ck/0Clases/TP_Robots/ros2_ej/build/turtlesim_ctr/install.log', '--install-scripts', '$base/lib/turtlesim_ctr', '--single-version-externally-managed', 'install_data'], 'cwd': '/home/j4ck/0Clases/TP_Robots/ros2_ej/src/turtlesim_ctr', 'env': {'LANGUAGE': 'es_CL:es', 'USER': 'j4ck', 'XDG_SESSION_TYPE': 'x11', 'kanagawa': '~/.config/kitty/themes/kanagawa.conf ~/.config/kitty/current-theme.conf', 'SHLVL': '1', 'XDG_CACHE_HOME': '/home/j4ck/.cache', 'LD_LIBRARY_PATH': '/home/j4ck/turtlebot3_ws/install/turtlebot3_msgs/lib:/home/j4ck/turtlebot3_ws/install/dynamixel_sdk_custom_interfaces/lib:/home/j4ck/turtlebot3_ws/install/dynamixel_sdk/lib:/opt/ros/humble/opt/rviz_ogre_vendor/lib:/opt/ros/humble/lib/x86_64-linux-gnu:/opt/ros/humble/lib::/usr/lib/x86_64-linux-gnu/gazebo-11/plugins:', 'BROWSER': 'Brave', 'HOME': '/home/j4ck', 'TERMINFO': '/home/j4ck/.local/kitty.app/lib/kitty/terminfo', 'OLDPWD': '/home/j4ck/0Clases/TP_Robots/ros2_ej/src', 'DESKTOP_SESSION': 'ubuntu', 'KITTY_INSTALLATION_DIR': '/home/j4ck/.local/kitty.app/lib/kitty', 'GTK_MODULES': 'gail:atk-bridge', 'GNOME_SHELL_SESSION_MODE': 'ubuntu', 'GAZEBO_MASTER_URI': 'http://localhost:11345', 'ROS_PYTHON_VERSION': '3', 'MANAGERPID': '1771', 'KITTY_PID': '28910', 'SYSTEMD_EXEC_PID': '2292', 'DBUS_SESSION_BUS_ADDRESS': 'unix:path=/run/user/1000/bus', 'VISUAL': 'nvim', 'gruvbox': '~/.config/kitty/themes/gruvbox.conf ~/.config/kitty/current-theme.conf', 'GIO_LAUNCHED_DESKTOP_FILE_PID': '28910', 'COLORTERM': 'truecolor', 'SYSTEMD_EDITOR': 'nvim', 'ROS_DISTRO': 'humble', 'COLCON_PREFIX_PATH': '/home/j4ck/turtlebot3_ws/install', 'LOGNAME': 'j4ck', 'GTK_IM_MODULE': 'ibus', 'JOURNAL_STREAM': '8:17399', 'WINDOWID': '62914574', '_': '/usr/bin/colcon', 'XDG_SESSION_CLASS': 'user', 'ROS_VERSION': '2', 'USERNAME': 'j4ck', 'TERM': 'xterm-kitty', 'KITTY_PUBLIC_KEY': '1:8#K%{^@9W?0XUIDpe`-4_@N{G`MqptX~+kfYWHAM', 'GAZEBO_MODEL_PATH': '/usr/share/gazebo-11/models:', 'everforest': '~/.config/kitty/themes/everforest.conf ~/.config/kitty/current-theme.conf', 'GNOME_DESKTOP_SESSION_ID': 'this-is-deprecated', 'ROS_LOCALHOST_ONLY': '0', 'WINDOWPATH': '2', 'OGRE_RESOURCE_PATH': '/usr/lib/x86_64-linux-gnu/OGRE-1.9.0', 'PATH': '/opt/ros/humble/bin:/home/j4ck/.cargo/bin:/home/j4ck/.local/bin:/home/jack/.local/bin:/usr/local/sbin:/usr/local/bin:/usr/sbin:/usr/bin:/sbin:/bin:/usr/games:/usr/local/games:/snap/bin:/snap/bin', 'SESSION_MANAGER': 'local/eurid1:@/tmp/.ICE-unix/2043,unix/eurid1:/tmp/.ICE-unix/2043', 'INVOCATION_ID': 'e69ea312e71a40528c8a7130115c4f5c', 'XDG_RUNTIME_DIR': '/run/user/1000', 'XDG_MENU_PREFIX': 'gnome-', 'DISPLAY': ':1', 'LANG': 'es_CL.UTF-8', 'XDG_CURRENT_DESKTOP': 'ubuntu:GNOME', 'XAUTHORITY': '/run/user/1000/gdm/Xauthority', 'XDG_SESSION_DESKTOP': 'ubuntu', 'XMODIFIERS': '@im=ibus', 'XDG_CONFIG_HOME': '/home/j4ck/.config', 'XDG_DATA_HOME': '/home/j4ck/.local/share', 'SSH_AGENT_LAUNCHER': 'gnome-keyring', 'SSH_AUTH_SOCK': '/run/user/1000/keyring/ssh', 'AMENT_PREFIX_PATH': '/home/j4ck/turtlebot3_ws/install/turtlebot3:/home/j4ck/turtlebot3_ws/install/turtlebot3_teleop:/home/j4ck/turtlebot3_ws/install/turtlebot3_bringup:/home/j4ck/turtlebot3_ws/install/turtlebot3_node:/home/j4ck/turtlebot3_ws/install/turtlebot3_navigation2:/home/j4ck/turtlebot3_ws/install/turtlebot3_example:/home/j4ck/turtlebot3_ws/install/turtlebot3_msgs:/home/j4ck/turtlebot3_ws/install/turtlebot3_description:/home/j4ck/turtlebot3_ws/install/turtlebot3_cartographer:/home/j4ck/turtlebot3_ws/install/dynamixel_sdk_examples:/home/j4ck/turtlebot3_ws/install/dynamixel_sdk_custom_interfaces:/home/j4ck/turtlebot3_ws/install/dynamixel_sdk:/opt/ros/humble', 'ROS_DOMAIN_ID': '30', 'SHELL': '/usr/bin/zsh', 'QT_ACCESSIBILITY': '1', 'GDMSESSION': 'ubuntu', 'KITTY_WINDOW_ID': '26', 'GPG_AGENT_INFO': '/run/user/1000/gnupg/S.gpg-agent:0:1', 'GAZEBO_RESOURCE_PATH': '/usr/share/gazebo-11:', 'QT_IM_MODULE': 'ibus', 'GAZEBO_MODEL_DATABASE_URI': 'http://models.gazebosim.org', 'PWD': '/home/j4ck/0Clases/TP_Robots/ros2_ej/build/turtlesim_ctr', 'XDG_DATA_DIRS': '/usr/share/ubuntu:/usr/share/gnome:/usr/local/share/:/usr/share/:/var/lib/snapd/desktop', 'XDG_CONFIG_DIRS': '/etc/xdg/xdg-ubuntu:/etc/xdg', 'GAZEBO_PLUGIN_PATH': '/usr/lib/x86_64-linux-gnu/gazebo-11/plugins:', 'PYTHONPATH': '/home/j4ck/0Clases/TP_Robots/ros2_ej/build/turtlesim_ctr/prefix_override:/usr/lib/python3/dist-packages/colcon_core/task/python/colcon_distutils_commands:/home/j4ck/0Clases/TP_Robots/ros2_ej/install/turtlesim_ctr/lib/python3.10/site-packages:/home/j4ck/turtlebot3_ws/build/turtlebot3_teleop:/home/j4ck/turtlebot3_ws/install/turtlebot3_teleop/lib/python3.10/site-packages:/home/j4ck/turtlebot3_ws/build/turtlebot3_example:/home/j4ck/turtlebot3_ws/install/turtlebot3_example/lib/python3.10/site-packages:/home/j4ck/turtlebot3_ws/install/turtlebot3_msgs/local/lib/python3.10/dist-packages:/home/j4ck/turtlebot3_ws/install/dynamixel_sdk_custom_interfaces/local/lib/python3.10/dist-packages:/home/j4ck/turtlebot3_ws/install/dynamixel_sdk/local/lib/python3.10/dist-packages:/opt/ros/humble/lib/python3.10/site-packages:/opt/ros/humble/local/lib/python3.10/dist-packages', 'COLCON': '1', 'CMAKE_PREFIX_PATH': '/home/j4ck/turtlebot3_ws/install/turtlebot3:/home/j4ck/turtlebot3_ws/install/turtlebot3_bringup:/home/j4ck/turtlebot3_ws/install/turtlebot3_node:/home/j4ck/turtlebot3_ws/install/turtlebot3_navigation2:/home/j4ck/turtlebot3_ws/install/turtlebot3_msgs:/home/j4ck/turtlebot3_ws/install/turtlebot3_description:/home/j4ck/turtlebot3_ws/install/turtlebot3_cartographer:/home/j4ck/turtlebot3_ws/install/dynamixel_sdk_examples:/home/j4ck/turtlebot3_ws/install/dynamixel_sdk_custom_interfaces:/home/j4ck/turtlebot3_ws/install/dynamixel_sdk', 'EDITOR': 'nvim'}, 'shell': False}
[0.832216] (py_pubsub) Command: {'cmd': ['/usr/bin/python3', '-W', 'ignore:setup.py install is deprecated', '-W', 'ignore:easy_install command is deprecated', 'setup.py', 'egg_info', '--egg-base', '../../build/py_pubsub', 'build', '--build-base', '/home/j4ck/0Clases/TP_Robots/ros2_ej/build/py_pubsub/build', 'install', '--record', '/home/j4ck/0Clases/TP_Robots/ros2_ej/build/py_pubsub/install.log', '--install-scripts', '$base/lib/py_pubsub', '--single-version-externally-managed', 'install_data'], 'cwd': '/home/j4ck/0Clases/TP_Robots/ros2_ej/src/py_pubsub', 'env': {'LANGUAGE': 'es_CL:es', 'USER': 'j4ck', 'XDG_SESSION_TYPE': 'x11', 'kanagawa': '~/.config/kitty/themes/kanagawa.conf ~/.config/kitty/current-theme.conf', 'SHLVL': '1', 'XDG_CACHE_HOME': '/home/j4ck/.cache', 'LD_LIBRARY_PATH': '/home/j4ck/turtlebot3_ws/install/turtlebot3_msgs/lib:/home/j4ck/turtlebot3_ws/install/dynamixel_sdk_custom_interfaces/lib:/home/j4ck/turtlebot3_ws/install/dynamixel_sdk/lib:/opt/ros/humble/opt/rviz_ogre_vendor/lib:/opt/ros/humble/lib/x86_64-linux-gnu:/opt/ros/humble/lib::/usr/lib/x86_64-linux-gnu/gazebo-11/plugins:', 'BROWSER': 'Brave', 'HOME': '/home/j4ck', 'TERMINFO': '/home/j4ck/.local/kitty.app/lib/kitty/terminfo', 'OLDPWD': '/home/j4ck/0Clases/TP_Robots/ros2_ej/src', 'DESKTOP_SESSION': 'ubuntu', 'KITTY_INSTALLATION_DIR': '/home/j4ck/.local/kitty.app/lib/kitty', 'GTK_MODULES': 'gail:atk-bridge', 'GNOME_SHELL_SESSION_MODE': 'ubuntu', 'GAZEBO_MASTER_URI': 'http://localhost:11345', 'ROS_PYTHON_VERSION': '3', 'MANAGERPID': '1771', 'KITTY_PID': '28910', 'SYSTEMD_EXEC_PID': '2292', 'DBUS_SESSION_BUS_ADDRESS': 'unix:path=/run/user/1000/bus', 'VISUAL': 'nvim', 'gruvbox': '~/.config/kitty/themes/gruvbox.conf ~/.config/kitty/current-theme.conf', 'GIO_LAUNCHED_DESKTOP_FILE_PID': '28910', 'COLORTERM': 'truecolor', 'SYSTEMD_EDITOR': 'nvim', 'ROS_DISTRO': 'humble', 'COLCON_PREFIX_PATH': '/home/j4ck/turtlebot3_ws/install', 'LOGNAME': 'j4ck', 'GTK_IM_MODULE': 'ibus', 'JOURNAL_STREAM': '8:17399', 'WINDOWID': '62914574', '_': '/usr/bin/colcon', 'XDG_SESSION_CLASS': 'user', 'ROS_VERSION': '2', 'USERNAME': 'j4ck', 'TERM': 'xterm-kitty', 'KITTY_PUBLIC_KEY': '1:8#K%{^@9W?0XUIDpe`-4_@N{G`MqptX~+kfYWHAM', 'GAZEBO_MODEL_PATH': '/usr/share/gazebo-11/models:', 'everforest': '~/.config/kitty/themes/everforest.conf ~/.config/kitty/current-theme.conf', 'GNOME_DESKTOP_SESSION_ID': 'this-is-deprecated', 'ROS_LOCALHOST_ONLY': '0', 'WINDOWPATH': '2', 'OGRE_RESOURCE_PATH': '/usr/lib/x86_64-linux-gnu/OGRE-1.9.0', 'PATH': '/opt/ros/humble/bin:/home/j4ck/.cargo/bin:/home/j4ck/.local/bin:/home/jack/.local/bin:/usr/local/sbin:/usr/local/bin:/usr/sbin:/usr/bin:/sbin:/bin:/usr/games:/usr/local/games:/snap/bin:/snap/bin', 'SESSION_MANAGER': 'local/eurid1:@/tmp/.ICE-unix/2043,unix/eurid1:/tmp/.ICE-unix/2043', 'INVOCATION_ID': 'e69ea312e71a40528c8a7130115c4f5c', 'XDG_RUNTIME_DIR': '/run/user/1000', 'XDG_MENU_PREFIX': 'gnome-', 'DISPLAY': ':1', 'LANG': 'es_CL.UTF-8', 'XDG_CURRENT_DESKTOP': 'ubuntu:GNOME', 'XAUTHORITY': '/run/user/1000/gdm/Xauthority', 'XDG_SESSION_DESKTOP': 'ubuntu', 'XMODIFIERS': '@im=ibus', 'XDG_CONFIG_HOME': '/home/j4ck/.config', 'XDG_DATA_HOME': '/home/j4ck/.local/share', 'SSH_AGENT_LAUNCHER': 'gnome-keyring', 'SSH_AUTH_SOCK': '/run/user/1000/keyring/ssh', 'AMENT_PREFIX_PATH': '/home/j4ck/turtlebot3_ws/install/turtlebot3:/home/j4ck/turtlebot3_ws/install/turtlebot3_teleop:/home/j4ck/turtlebot3_ws/install/turtlebot3_bringup:/home/j4ck/turtlebot3_ws/install/turtlebot3_node:/home/j4ck/turtlebot3_ws/install/turtlebot3_navigation2:/home/j4ck/turtlebot3_ws/install/turtlebot3_example:/home/j4ck/turtlebot3_ws/install/turtlebot3_msgs:/home/j4ck/turtlebot3_ws/install/turtlebot3_description:/home/j4ck/turtlebot3_ws/install/turtlebot3_cartographer:/home/j4ck/turtlebot3_ws/install/dynamixel_sdk_examples:/home/j4ck/turtlebot3_ws/install/dynamixel_sdk_custom_interfaces:/home/j4ck/turtlebot3_ws/install/dynamixel_sdk:/opt/ros/humble', 'ROS_DOMAIN_ID': '30', 'SHELL': '/usr/bin/zsh', 'QT_ACCESSIBILITY': '1', 'GDMSESSION': 'ubuntu', 'KITTY_WINDOW_ID': '26', 'GPG_AGENT_INFO': '/run/user/1000/gnupg/S.gpg-agent:0:1', 'GAZEBO_RESOURCE_PATH': '/usr/share/gazebo-11:', 'QT_IM_MODULE': 'ibus', 'GAZEBO_MODEL_DATABASE_URI': 'http://models.gazebosim.org', 'PWD': '/home/j4ck/0Clases/TP_Robots/ros2_ej/build/py_pubsub', 'XDG_DATA_DIRS': '/usr/share/ubuntu:/usr/share/gnome:/usr/local/share/:/usr/share/:/var/lib/snapd/desktop', 'XDG_CONFIG_DIRS': '/etc/xdg/xdg-ubuntu:/etc/xdg', 'GAZEBO_PLUGIN_PATH': '/usr/lib/x86_64-linux-gnu/gazebo-11/plugins:', 'PYTHONPATH': '/home/j4ck/0Clases/TP_Robots/ros2_ej/build/py_pubsub/prefix_override:/usr/lib/python3/dist-packages/colcon_core/task/python/colcon_distutils_commands:/home/j4ck/0Clases/TP_Robots/ros2_ej/install/py_pubsub/lib/python3.10/site-packages:/home/j4ck/turtlebot3_ws/build/turtlebot3_teleop:/home/j4ck/turtlebot3_ws/install/turtlebot3_teleop/lib/python3.10/site-packages:/home/j4ck/turtlebot3_ws/build/turtlebot3_example:/home/j4ck/turtlebot3_ws/install/turtlebot3_example/lib/python3.10/site-packages:/home/j4ck/turtlebot3_ws/install/turtlebot3_msgs/local/lib/python3.10/dist-packages:/home/j4ck/turtlebot3_ws/install/dynamixel_sdk_custom_interfaces/local/lib/python3.10/dist-packages:/home/j4ck/turtlebot3_ws/install/dynamixel_sdk/local/lib/python3.10/dist-packages:/opt/ros/humble/lib/python3.10/site-packages:/opt/ros/humble/local/lib/python3.10/dist-packages', 'COLCON': '1', 'CMAKE_PREFIX_PATH': '/home/j4ck/turtlebot3_ws/install/turtlebot3:/home/j4ck/turtlebot3_ws/install/turtlebot3_bringup:/home/j4ck/turtlebot3_ws/install/turtlebot3_node:/home/j4ck/turtlebot3_ws/install/turtlebot3_navigation2:/home/j4ck/turtlebot3_ws/install/turtlebot3_msgs:/home/j4ck/turtlebot3_ws/install/turtlebot3_description:/home/j4ck/turtlebot3_ws/install/turtlebot3_cartographer:/home/j4ck/turtlebot3_ws/install/dynamixel_sdk_examples:/home/j4ck/turtlebot3_ws/install/dynamixel_sdk_custom_interfaces:/home/j4ck/turtlebot3_ws/install/dynamixel_sdk', 'EDITOR': 'nvim'}, 'shell': False}
[0.842917] (turtlesim_cop) Command: {'cmd': ['/usr/bin/python3', '-W', 'ignore:setup.py install is deprecated', '-W', 'ignore:easy_install command is deprecated', 'setup.py', 'egg_info', '--egg-base', '../../build/turtlesim_cop', 'build', '--build-base', '/home/j4ck/0Clases/TP_Robots/ros2_ej/build/turtlesim_cop/build', 'install', '--record', '/home/j4ck/0Clases/TP_Robots/ros2_ej/build/turtlesim_cop/install.log', '--install-scripts', '$base/lib/turtlesim_cop', '--single-version-externally-managed', 'install_data'], 'cwd': '/home/j4ck/0Clases/TP_Robots/ros2_ej/src/turtlesim_cop', 'env': {'LANGUAGE': 'es_CL:es', 'USER': 'j4ck', 'XDG_SESSION_TYPE': 'x11', 'kanagawa': '~/.config/kitty/themes/kanagawa.conf ~/.config/kitty/current-theme.conf', 'SHLVL': '1', 'XDG_CACHE_HOME': '/home/j4ck/.cache', 'LD_LIBRARY_PATH': '/home/j4ck/turtlebot3_ws/install/turtlebot3_msgs/lib:/home/j4ck/turtlebot3_ws/install/dynamixel_sdk_custom_interfaces/lib:/home/j4ck/turtlebot3_ws/install/dynamixel_sdk/lib:/opt/ros/humble/opt/rviz_ogre_vendor/lib:/opt/ros/humble/lib/x86_64-linux-gnu:/opt/ros/humble/lib::/usr/lib/x86_64-linux-gnu/gazebo-11/plugins:', 'BROWSER': 'Brave', 'HOME': '/home/j4ck', 'TERMINFO': '/home/j4ck/.local/kitty.app/lib/kitty/terminfo', 'OLDPWD': '/home/j4ck/0Clases/TP_Robots/ros2_ej/src', 'DESKTOP_SESSION': 'ubuntu', 'KITTY_INSTALLATION_DIR': '/home/j4ck/.local/kitty.app/lib/kitty', 'GTK_MODULES': 'gail:atk-bridge', 'GNOME_SHELL_SESSION_MODE': 'ubuntu', 'GAZEBO_MASTER_URI': 'http://localhost:11345', 'ROS_PYTHON_VERSION': '3', 'MANAGERPID': '1771', 'KITTY_PID': '28910', 'SYSTEMD_EXEC_PID': '2292', 'DBUS_SESSION_BUS_ADDRESS': 'unix:path=/run/user/1000/bus', 'VISUAL': 'nvim', 'gruvbox': '~/.config/kitty/themes/gruvbox.conf ~/.config/kitty/current-theme.conf', 'GIO_LAUNCHED_DESKTOP_FILE_PID': '28910', 'COLORTERM': 'truecolor', 'SYSTEMD_EDITOR': 'nvim', 'ROS_DISTRO': 'humble', 'COLCON_PREFIX_PATH': '/home/j4ck/turtlebot3_ws/install', 'LOGNAME': 'j4ck', 'GTK_IM_MODULE': 'ibus', 'JOURNAL_STREAM': '8:17399', 'WINDOWID': '62914574', '_': '/usr/bin/colcon', 'XDG_SESSION_CLASS': 'user', 'ROS_VERSION': '2', 'USERNAME': 'j4ck', 'TERM': 'xterm-kitty', 'KITTY_PUBLIC_KEY': '1:8#K%{^@9W?0XUIDpe`-4_@N{G`MqptX~+kfYWHAM', 'GAZEBO_MODEL_PATH': '/usr/share/gazebo-11/models:', 'everforest': '~/.config/kitty/themes/everforest.conf ~/.config/kitty/current-theme.conf', 'GNOME_DESKTOP_SESSION_ID': 'this-is-deprecated', 'ROS_LOCALHOST_ONLY': '0', 'WINDOWPATH': '2', 'OGRE_RESOURCE_PATH': '/usr/lib/x86_64-linux-gnu/OGRE-1.9.0', 'PATH': '/opt/ros/humble/bin:/home/j4ck/.cargo/bin:/home/j4ck/.local/bin:/home/jack/.local/bin:/usr/local/sbin:/usr/local/bin:/usr/sbin:/usr/bin:/sbin:/bin:/usr/games:/usr/local/games:/snap/bin:/snap/bin', 'SESSION_MANAGER': 'local/eurid1:@/tmp/.ICE-unix/2043,unix/eurid1:/tmp/.ICE-unix/2043', 'INVOCATION_ID': 'e69ea312e71a40528c8a7130115c4f5c', 'XDG_RUNTIME_DIR': '/run/user/1000', 'XDG_MENU_PREFIX': 'gnome-', 'DISPLAY': ':1', 'LANG': 'es_CL.UTF-8', 'XDG_CURRENT_DESKTOP': 'ubuntu:GNOME', 'XAUTHORITY': '/run/user/1000/gdm/Xauthority', 'XDG_SESSION_DESKTOP': 'ubuntu', 'XMODIFIERS': '@im=ibus', 'XDG_CONFIG_HOME': '/home/j4ck/.config', 'XDG_DATA_HOME': '/home/j4ck/.local/share', 'SSH_AGENT_LAUNCHER': 'gnome-keyring', 'SSH_AUTH_SOCK': '/run/user/1000/keyring/ssh', 'AMENT_PREFIX_PATH': '/home/j4ck/turtlebot3_ws/install/turtlebot3:/home/j4ck/turtlebot3_ws/install/turtlebot3_teleop:/home/j4ck/turtlebot3_ws/install/turtlebot3_bringup:/home/j4ck/turtlebot3_ws/install/turtlebot3_node:/home/j4ck/turtlebot3_ws/install/turtlebot3_navigation2:/home/j4ck/turtlebot3_ws/install/turtlebot3_example:/home/j4ck/turtlebot3_ws/install/turtlebot3_msgs:/home/j4ck/turtlebot3_ws/install/turtlebot3_description:/home/j4ck/turtlebot3_ws/install/turtlebot3_cartographer:/home/j4ck/turtlebot3_ws/install/dynamixel_sdk_examples:/home/j4ck/turtlebot3_ws/install/dynamixel_sdk_custom_interfaces:/home/j4ck/turtlebot3_ws/install/dynamixel_sdk:/opt/ros/humble', 'ROS_DOMAIN_ID': '30', 'SHELL': '/usr/bin/zsh', 'QT_ACCESSIBILITY': '1', 'GDMSESSION': 'ubuntu', 'KITTY_WINDOW_ID': '26', 'GPG_AGENT_INFO': '/run/user/1000/gnupg/S.gpg-agent:0:1', 'GAZEBO_RESOURCE_PATH': '/usr/share/gazebo-11:', 'QT_IM_MODULE': 'ibus', 'GAZEBO_MODEL_DATABASE_URI': 'http://models.gazebosim.org', 'PWD': '/home/j4ck/0Clases/TP_Robots/ros2_ej/build/turtlesim_cop', 'XDG_DATA_DIRS': '/usr/share/ubuntu:/usr/share/gnome:/usr/local/share/:/usr/share/:/var/lib/snapd/desktop', 'XDG_CONFIG_DIRS': '/etc/xdg/xdg-ubuntu:/etc/xdg', 'GAZEBO_PLUGIN_PATH': '/usr/lib/x86_64-linux-gnu/gazebo-11/plugins:', 'PYTHONPATH': '/home/j4ck/0Clases/TP_Robots/ros2_ej/build/turtlesim_cop/prefix_override:/usr/lib/python3/dist-packages/colcon_core/task/python/colcon_distutils_commands:/home/j4ck/0Clases/TP_Robots/ros2_ej/install/turtlesim_cop/lib/python3.10/site-packages:/home/j4ck/turtlebot3_ws/build/turtlebot3_teleop:/home/j4ck/turtlebot3_ws/install/turtlebot3_teleop/lib/python3.10/site-packages:/home/j4ck/turtlebot3_ws/build/turtlebot3_example:/home/j4ck/turtlebot3_ws/install/turtlebot3_example/lib/python3.10/site-packages:/home/j4ck/turtlebot3_ws/install/turtlebot3_msgs/local/lib/python3.10/dist-packages:/home/j4ck/turtlebot3_ws/install/dynamixel_sdk_custom_interfaces/local/lib/python3.10/dist-packages:/home/j4ck/turtlebot3_ws/install/dynamixel_sdk/local/lib/python3.10/dist-packages:/opt/ros/humble/lib/python3.10/site-packages:/opt/ros/humble/local/lib/python3.10/dist-packages', 'COLCON': '1', 'CMAKE_PREFIX_PATH': '/home/j4ck/turtlebot3_ws/install/turtlebot3:/home/j4ck/turtlebot3_ws/install/turtlebot3_bringup:/home/j4ck/turtlebot3_ws/install/turtlebot3_node:/home/j4ck/turtlebot3_ws/install/turtlebot3_navigation2:/home/j4ck/turtlebot3_ws/install/turtlebot3_msgs:/home/j4ck/turtlebot3_ws/install/turtlebot3_description:/home/j4ck/turtlebot3_ws/install/turtlebot3_cartographer:/home/j4ck/turtlebot3_ws/install/dynamixel_sdk_examples:/home/j4ck/turtlebot3_ws/install/dynamixel_sdk_custom_interfaces:/home/j4ck/turtlebot3_ws/install/dynamixel_sdk', 'EDITOR': 'nvim'}, 'shell': False}
[0.901822] (-) TimerEvent: {}
[0.998478] (turtlesim_ctr) StdoutLine: {'line': b'running egg_info\n'}
[0.998719] (py_pubsub) StdoutLine: {'line': b'running egg_info\n'}
[0.999002] (turtlesim_ctr) StdoutLine: {'line': b'writing ../../build/turtlesim_ctr/turtlesim_ctr.egg-info/PKG-INFO\n'}
[0.999209] (py_pubsub) StdoutLine: {'line': b'writing ../../build/py_pubsub/py_pubsub.egg-info/PKG-INFO\n'}
[0.999385] (turtlesim_ctr) StdoutLine: {'line': b'writing dependency_links to ../../build/turtlesim_ctr/turtlesim_ctr.egg-info/dependency_links.txt\n'}
[0.999565] (py_pubsub) StdoutLine: {'line': b'writing dependency_links to ../../build/py_pubsub/py_pubsub.egg-info/dependency_links.txt\n'}
[0.999693] (py_pubsub) StdoutLine: {'line': b'writing entry points to ../../build/py_pubsub/py_pubsub.egg-info/entry_points.txt\n'}
[0.999900] (py_pubsub) StdoutLine: {'line': b'writing requirements to ../../build/py_pubsub/py_pubsub.egg-info/requires.txt\n'}
[1.000002] (py_pubsub) StdoutLine: {'line': b'writing top-level names to ../../build/py_pubsub/py_pubsub.egg-info/top_level.txt\n'}
[1.000061] (turtlesim_ctr) StdoutLine: {'line': b'writing entry points to ../../build/turtlesim_ctr/turtlesim_ctr.egg-info/entry_points.txt\n'}
[1.000105] (turtlesim_ctr) StdoutLine: {'line': b'writing requirements to ../../build/turtlesim_ctr/turtlesim_ctr.egg-info/requires.txt\n'}
[1.000141] (turtlesim_ctr) StdoutLine: {'line': b'writing top-level names to ../../build/turtlesim_ctr/turtlesim_ctr.egg-info/top_level.txt\n'}
[1.000636] (py_pubsub) StdoutLine: {'line': b"reading manifest file '../../build/py_pubsub/py_pubsub.egg-info/SOURCES.txt'\n"}
[1.000795] (turtlesim_ctr) StdoutLine: {'line': b"reading manifest file '../../build/turtlesim_ctr/turtlesim_ctr.egg-info/SOURCES.txt'\n"}
[1.000898] (py_pubsub) StdoutLine: {'line': b"adding license file 'LICENSE'\n"}
[1.000983] (turtlesim_ctr) StdoutLine: {'line': b"adding license file 'LICENSE'\n"}
[1.001261] (py_pubsub) StdoutLine: {'line': b"writing manifest file '../../build/py_pubsub/py_pubsub.egg-info/SOURCES.txt'\n"}
[1.001340] (py_pubsub) StdoutLine: {'line': b'running build\n'}
[1.001383] (py_pubsub) StdoutLine: {'line': b'running build_py\n'}
[1.001441] (turtlesim_ctr) StdoutLine: {'line': b"writing manifest file '../../build/turtlesim_ctr/turtlesim_ctr.egg-info/SOURCES.txt'\n"}
[1.001500] (turtlesim_ctr) StdoutLine: {'line': b'running build\n'}
[1.001538] (turtlesim_ctr) StdoutLine: {'line': b'running build_py\n'}
[1.001593] (py_pubsub) StdoutLine: {'line': b'running install\n'}
[1.001776] (turtlesim_ctr) StdoutLine: {'line': b'running install\n'}
[1.001833] (-) TimerEvent: {}
[1.001907] (py_pubsub) StdoutLine: {'line': b'running install_lib\n'}
[1.001994] (turtlesim_ctr) StdoutLine: {'line': b'running install_lib\n'}
[1.002730] (py_pubsub) StdoutLine: {'line': b'running install_data\n'}
[1.002818] (py_pubsub) StdoutLine: {'line': b'running install_egg_info\n'}
[1.002982] (turtlesim_ctr) StdoutLine: {'line': b'running install_data\n'}
[1.003070] (turtlesim_ctr) StdoutLine: {'line': b'running install_egg_info\n'}
[1.004268] (turtlesim_ctr) StdoutLine: {'line': b"removing '/home/j4ck/0Clases/TP_Robots/ros2_ej/install/turtlesim_ctr/lib/python3.10/site-packages/turtlesim_ctr-0.0.0-py3.10.egg-info' (and everything under it)\n"}
[1.004593] (turtlesim_ctr) StdoutLine: {'line': b'Copying ../../build/turtlesim_ctr/turtlesim_ctr.egg-info to /home/j4ck/0Clases/TP_Robots/ros2_ej/install/turtlesim_ctr/lib/python3.10/site-packages/turtlesim_ctr-0.0.0-py3.10.egg-info\n'}
[1.004663] (py_pubsub) StdoutLine: {'line': b"removing '/home/j4ck/0Clases/TP_Robots/ros2_ej/install/py_pubsub/lib/python3.10/site-packages/py_pubsub-0.0.0-py3.10.egg-info' (and everything under it)\n"}
[1.004873] (py_pubsub) StdoutLine: {'line': b'Copying ../../build/py_pubsub/py_pubsub.egg-info to /home/j4ck/0Clases/TP_Robots/ros2_ej/install/py_pubsub/lib/python3.10/site-packages/py_pubsub-0.0.0-py3.10.egg-info\n'}
[1.005283] (turtlesim_ctr) StdoutLine: {'line': b'running install_scripts\n'}
[1.005533] (py_pubsub) StdoutLine: {'line': b'running install_scripts\n'}
[1.014151] (turtlesim_cop) StdoutLine: {'line': b'running egg_info\n'}
[1.014624] (turtlesim_cop) StdoutLine: {'line': b'writing ../../build/turtlesim_cop/turtlesim_cop.egg-info/PKG-INFO\n'}
[1.014808] (turtlesim_cop) StdoutLine: {'line': b'writing dependency_links to ../../build/turtlesim_cop/turtlesim_cop.egg-info/dependency_links.txt\n'}
[1.014940] (turtlesim_cop) StdoutLine: {'line': b'writing entry points to ../../build/turtlesim_cop/turtlesim_cop.egg-info/entry_points.txt\n'}
[1.015055] (turtlesim_cop) StdoutLine: {'line': b'writing requirements to ../../build/turtlesim_cop/turtlesim_cop.egg-info/requires.txt\n'}
[1.015175] (turtlesim_cop) StdoutLine: {'line': b'writing top-level names to ../../build/turtlesim_cop/turtlesim_cop.egg-info/top_level.txt\n'}
[1.016213] (turtlesim_cop) StdoutLine: {'line': b"reading manifest file '../../build/turtlesim_cop/turtlesim_cop.egg-info/SOURCES.txt'\n"}
[1.016372] (turtlesim_cop) StdoutLine: {'line': b"adding license file 'LICENSE'\n"}
[1.016812] (turtlesim_cop) StdoutLine: {'line': b"writing manifest file '../../build/turtlesim_cop/turtlesim_cop.egg-info/SOURCES.txt'\n"}
[1.016871] (turtlesim_cop) StdoutLine: {'line': b'running build\n'}
[1.016967] (turtlesim_cop) StdoutLine: {'line': b'running build_py\n'}
[1.017063] (turtlesim_cop) StdoutLine: {'line': b'copying turtlesim_cop/inversor.py -> /home/j4ck/0Clases/TP_Robots/ros2_ej/build/turtlesim_cop/build/lib/turtlesim_cop\n'}
[1.017208] (turtlesim_cop) StdoutLine: {'line': b'running install\n'}
[1.017416] (turtlesim_cop) StdoutLine: {'line': b'running install_lib\n'}
[1.017958] (turtlesim_cop) StdoutLine: {'line': b'copying /home/j4ck/0Clases/TP_Robots/ros2_ej/build/turtlesim_cop/build/lib/turtlesim_cop/inversor.py -> /home/j4ck/0Clases/TP_Robots/ros2_ej/install/turtlesim_cop/lib/python3.10/site-packages/turtlesim_cop\n'}
[1.018388] (turtlesim_cop) StdoutLine: {'line': b'byte-compiling /home/j4ck/0Clases/TP_Robots/ros2_ej/install/turtlesim_cop/lib/python3.10/site-packages/turtlesim_cop/inversor.py to inversor.cpython-310.pyc\n'}
[1.018807] (turtlesim_cop) StdoutLine: {'line': b'running install_data\n'}
[1.018887] (turtlesim_cop) StdoutLine: {'line': b'running install_egg_info\n'}
[1.019883] (py_pubsub) StdoutLine: {'line': b'Installing listener script to /home/j4ck/0Clases/TP_Robots/ros2_ej/install/py_pubsub/lib/py_pubsub\n'}
[1.019988] (py_pubsub) StdoutLine: {'line': b'Installing talker script to /home/j4ck/0Clases/TP_Robots/ros2_ej/install/py_pubsub/lib/py_pubsub\n'}
[1.020245] (py_pubsub) StdoutLine: {'line': b"writing list of installed files to '/home/j4ck/0Clases/TP_Robots/ros2_ej/build/py_pubsub/install.log'\n"}
[1.020614] (turtlesim_ctr) StdoutLine: {'line': b'Installing listener2_ctrl script to /home/j4ck/0Clases/TP_Robots/ros2_ej/install/turtlesim_ctr/lib/turtlesim_ctr\n'}
[1.020756] (turtlesim_ctr) StdoutLine: {'line': b'Installing listener_ctrl script to /home/j4ck/0Clases/TP_Robots/ros2_ej/install/turtlesim_ctr/lib/turtlesim_ctr\n'}
[1.020903] (turtlesim_ctr) StdoutLine: {'line': b'Installing pose_ctrl script to /home/j4ck/0Clases/TP_Robots/ros2_ej/install/turtlesim_ctr/lib/turtlesim_ctr\n'}
[1.021006] (turtlesim_cop) StdoutLine: {'line': b"removing '/home/j4ck/0Clases/TP_Robots/ros2_ej/install/turtlesim_cop/lib/python3.10/site-packages/turtlesim_cop-0.0.0-py3.10.egg-info' (and everything under it)\n"}
[1.021110] (turtlesim_ctr) StdoutLine: {'line': b"writing list of installed files to '/home/j4ck/0Clases/TP_Robots/ros2_ej/build/turtlesim_ctr/install.log'\n"}
[1.021216] (turtlesim_cop) StdoutLine: {'line': b'Copying ../../build/turtlesim_cop/turtlesim_cop.egg-info to /home/j4ck/0Clases/TP_Robots/ros2_ej/install/turtlesim_cop/lib/python3.10/site-packages/turtlesim_cop-0.0.0-py3.10.egg-info\n'}
[1.021893] (turtlesim_cop) StdoutLine: {'line': b'running install_scripts\n'}
[1.038517] (turtlesim_cop) StdoutLine: {'line': b'Installing invert_ctrl script to /home/j4ck/0Clases/TP_Robots/ros2_ej/install/turtlesim_cop/lib/turtlesim_cop\n'}
[1.038822] (turtlesim_cop) StdoutLine: {'line': b"writing list of installed files to '/home/j4ck/0Clases/TP_Robots/ros2_ej/build/turtlesim_cop/install.log'\n"}
[1.041566] (py_pubsub) CommandEnded: {'returncode': 0}
[1.049697] (py_pubsub) JobEnded: {'identifier': 'py_pubsub', 'rc': 0}
[1.050678] (turtlesim_ctr) CommandEnded: {'returncode': 0}
[1.055601] (turtlesim_ctr) JobEnded: {'identifier': 'turtlesim_ctr', 'rc': 0}
[1.065521] (turtlesim_cop) CommandEnded: {'returncode': 0}
[1.070192] (turtlesim_cop) JobEnded: {'identifier': 'turtlesim_cop', 'rc': 0}
[1.070960] (-) EventReactorShutdown: {}
