[0.112s] DEBUG:colcon:Command line arguments: ['/usr/bin/colcon', 'build']
[0.112s] DEBUG:colcon:Parsed command line arguments: Namespace(log_base=None, log_level=None, verb_name='build', build_base='build', install_base='install', merge_install=False, symlink_install=False, test_result_base=None, continue_on_error=False, executor='parallel', parallel_workers=16, event_handlers=None, ignore_user_meta=False, metas=['./colcon.meta'], base_paths=['.'], packages_ignore=None, packages_ignore_regex=None, paths=None, packages_up_to=None, packages_up_to_regex=None, packages_above=None, packages_above_and_dependencies=None, packages_above_depth=None, packages_select_by_dep=None, packages_skip_by_dep=None, packages_skip_up_to=None, packages_select_build_failed=False, packages_skip_build_finished=False, packages_select_test_failures=False, packages_skip_test_passed=False, packages_select=None, packages_skip=None, packages_select_regex=None, packages_skip_regex=None, packages_start=None, packages_end=None, allow_overriding=[], cmake_args=None, cmake_target=None, cmake_target_skip_unavailable=False, cmake_clean_cache=False, cmake_clean_first=False, cmake_force_configure=False, ament_cmake_args=None, catkin_cmake_args=None, catkin_skip_building_tests=False, verb_parser=<colcon_defaults.argument_parser.defaults.DefaultArgumentsDecorator object at 0x7f503d015720>, verb_extension=<colcon_core.verb.build.BuildVerb object at 0x7f503d015210>, main=<bound method BuildVerb.main of <colcon_core.verb.build.BuildVerb object at 0x7f503d015210>>)
[0.288s] Level 1:colcon.colcon_core.package_discovery:discover_packages(colcon_meta) check parameters
[0.288s] Level 1:colcon.colcon_core.package_discovery:discover_packages(recursive) check parameters
[0.288s] Level 1:colcon.colcon_core.package_discovery:discover_packages(ignore) check parameters
[0.288s] Level 1:colcon.colcon_core.package_discovery:discover_packages(path) check parameters
[0.288s] Level 1:colcon.colcon_core.package_discovery:discover_packages(colcon_meta) discover
[0.289s] Level 1:colcon.colcon_core.package_discovery:discover_packages(recursive) discover
[0.289s] INFO:colcon.colcon_core.package_discovery:Crawling recursively for packages in '/home/j4ck/0Clases/TP_Robots/ros2_ej'
[0.289s] Level 1:colcon.colcon_core.package_identification:_identify(.) by extensions ['ignore', 'ignore_ament_install']
[0.289s] Level 1:colcon.colcon_core.package_identification:_identify(.) by extension 'ignore'
[0.289s] Level 1:colcon.colcon_core.package_identification:_identify(.) by extension 'ignore_ament_install'
[0.289s] Level 1:colcon.colcon_core.package_identification:_identify(.) by extensions ['colcon_pkg']
[0.289s] Level 1:colcon.colcon_core.package_identification:_identify(.) by extension 'colcon_pkg'
[0.289s] Level 1:colcon.colcon_core.package_identification:_identify(.) by extensions ['colcon_meta']
[0.289s] Level 1:colcon.colcon_core.package_identification:_identify(.) by extension 'colcon_meta'
[0.289s] Level 1:colcon.colcon_core.package_identification:_identify(.) by extensions ['ros']
[0.289s] Level 1:colcon.colcon_core.package_identification:_identify(.) by extension 'ros'
[0.300s] Level 1:colcon.colcon_core.package_identification:_identify(.) by extensions ['cmake', 'python']
[0.300s] Level 1:colcon.colcon_core.package_identification:_identify(.) by extension 'cmake'
[0.301s] Level 1:colcon.colcon_core.package_identification:_identify(.) by extension 'python'
[0.301s] Level 1:colcon.colcon_core.package_identification:_identify(.) by extensions ['python_setup_py']
[0.301s] Level 1:colcon.colcon_core.package_identification:_identify(.) by extension 'python_setup_py'
[0.301s] Level 1:colcon.colcon_core.package_identification:_identify(build) by extensions ['ignore', 'ignore_ament_install']
[0.301s] Level 1:colcon.colcon_core.package_identification:_identify(build) by extension 'ignore'
[0.301s] Level 1:colcon.colcon_core.package_identification:_identify(build) ignored
[0.301s] Level 1:colcon.colcon_core.package_identification:_identify(install) by extensions ['ignore', 'ignore_ament_install']
[0.301s] Level 1:colcon.colcon_core.package_identification:_identify(install) by extension 'ignore'
[0.301s] Level 1:colcon.colcon_core.package_identification:_identify(install) ignored
[0.301s] Level 1:colcon.colcon_core.package_identification:_identify(log) by extensions ['ignore', 'ignore_ament_install']
[0.301s] Level 1:colcon.colcon_core.package_identification:_identify(log) by extension 'ignore'
[0.301s] Level 1:colcon.colcon_core.package_identification:_identify(log) ignored
[0.302s] Level 1:colcon.colcon_core.package_identification:_identify(src) by extensions ['ignore', 'ignore_ament_install']
[0.302s] Level 1:colcon.colcon_core.package_identification:_identify(src) by extension 'ignore'
[0.302s] Level 1:colcon.colcon_core.package_identification:_identify(src) by extension 'ignore_ament_install'
[0.302s] Level 1:colcon.colcon_core.package_identification:_identify(src) by extensions ['colcon_pkg']
[0.302s] Level 1:colcon.colcon_core.package_identification:_identify(src) by extension 'colcon_pkg'
[0.302s] Level 1:colcon.colcon_core.package_identification:_identify(src) by extensions ['colcon_meta']
[0.302s] Level 1:colcon.colcon_core.package_identification:_identify(src) by extension 'colcon_meta'
[0.302s] Level 1:colcon.colcon_core.package_identification:_identify(src) by extensions ['ros']
[0.302s] Level 1:colcon.colcon_core.package_identification:_identify(src) by extension 'ros'
[0.302s] Level 1:colcon.colcon_core.package_identification:_identify(src) by extensions ['cmake', 'python']
[0.302s] Level 1:colcon.colcon_core.package_identification:_identify(src) by extension 'cmake'
[0.302s] Level 1:colcon.colcon_core.package_identification:_identify(src) by extension 'python'
[0.302s] Level 1:colcon.colcon_core.package_identification:_identify(src) by extensions ['python_setup_py']
[0.302s] Level 1:colcon.colcon_core.package_identification:_identify(src) by extension 'python_setup_py'
[0.302s] Level 1:colcon.colcon_core.package_identification:_identify(src/py_pubsub) by extensions ['ignore', 'ignore_ament_install']
[0.302s] Level 1:colcon.colcon_core.package_identification:_identify(src/py_pubsub) by extension 'ignore'
[0.302s] Level 1:colcon.colcon_core.package_identification:_identify(src/py_pubsub) by extension 'ignore_ament_install'
[0.302s] Level 1:colcon.colcon_core.package_identification:_identify(src/py_pubsub) by extensions ['colcon_pkg']
[0.303s] Level 1:colcon.colcon_core.package_identification:_identify(src/py_pubsub) by extension 'colcon_pkg'
[0.303s] Level 1:colcon.colcon_core.package_identification:_identify(src/py_pubsub) by extensions ['colcon_meta']
[0.303s] Level 1:colcon.colcon_core.package_identification:_identify(src/py_pubsub) by extension 'colcon_meta'
[0.303s] Level 1:colcon.colcon_core.package_identification:_identify(src/py_pubsub) by extensions ['ros']
[0.303s] Level 1:colcon.colcon_core.package_identification:_identify(src/py_pubsub) by extension 'ros'
[0.305s] DEBUG:colcon.colcon_core.package_identification:Package 'src/py_pubsub' with type 'ros.ament_python' and name 'py_pubsub'
[0.305s] Level 1:colcon.colcon_core.package_identification:_identify(src/turtlesim_cop) by extensions ['ignore', 'ignore_ament_install']
[0.305s] Level 1:colcon.colcon_core.package_identification:_identify(src/turtlesim_cop) by extension 'ignore'
[0.305s] Level 1:colcon.colcon_core.package_identification:_identify(src/turtlesim_cop) by extension 'ignore_ament_install'
[0.305s] Level 1:colcon.colcon_core.package_identification:_identify(src/turtlesim_cop) by extensions ['colcon_pkg']
[0.305s] Level 1:colcon.colcon_core.package_identification:_identify(src/turtlesim_cop) by extension 'colcon_pkg'
[0.305s] Level 1:colcon.colcon_core.package_identification:_identify(src/turtlesim_cop) by extensions ['colcon_meta']
[0.305s] Level 1:colcon.colcon_core.package_identification:_identify(src/turtlesim_cop) by extension 'colcon_meta'
[0.305s] Level 1:colcon.colcon_core.package_identification:_identify(src/turtlesim_cop) by extensions ['ros']
[0.305s] Level 1:colcon.colcon_core.package_identification:_identify(src/turtlesim_cop) by extension 'ros'
[0.306s] DEBUG:colcon.colcon_core.package_identification:Package 'src/turtlesim_cop' with type 'ros.ament_python' and name 'turtlesim_cop'
[0.306s] Level 1:colcon.colcon_core.package_identification:_identify(src/turtlesim_ctr) by extensions ['ignore', 'ignore_ament_install']
[0.306s] Level 1:colcon.colcon_core.package_identification:_identify(src/turtlesim_ctr) by extension 'ignore'
[0.306s] Level 1:colcon.colcon_core.package_identification:_identify(src/turtlesim_ctr) by extension 'ignore_ament_install'
[0.306s] Level 1:colcon.colcon_core.package_identification:_identify(src/turtlesim_ctr) by extensions ['colcon_pkg']
[0.306s] Level 1:colcon.colcon_core.package_identification:_identify(src/turtlesim_ctr) by extension 'colcon_pkg'
[0.306s] Level 1:colcon.colcon_core.package_identification:_identify(src/turtlesim_ctr) by extensions ['colcon_meta']
[0.306s] Level 1:colcon.colcon_core.package_identification:_identify(src/turtlesim_ctr) by extension 'colcon_meta'
[0.307s] Level 1:colcon.colcon_core.package_identification:_identify(src/turtlesim_ctr) by extensions ['ros']
[0.307s] Level 1:colcon.colcon_core.package_identification:_identify(src/turtlesim_ctr) by extension 'ros'
[0.307s] DEBUG:colcon.colcon_core.package_identification:Package 'src/turtlesim_ctr' with type 'ros.ament_python' and name 'turtlesim_ctr'
[0.307s] Level 1:colcon.colcon_core.package_discovery:discover_packages(recursive) using defaults
[0.307s] Level 1:colcon.colcon_core.package_discovery:discover_packages(ignore) discover
[0.307s] Level 1:colcon.colcon_core.package_discovery:discover_packages(ignore) using defaults
[0.307s] Level 1:colcon.colcon_core.package_discovery:discover_packages(path) discover
[0.307s] Level 1:colcon.colcon_core.package_discovery:discover_packages(path) using defaults
[0.330s] Level 1:colcon.colcon_core.package_discovery:discover_packages(prefix_path) check parameters
[0.330s] Level 1:colcon.colcon_core.package_discovery:discover_packages(prefix_path) discover
[0.333s] DEBUG:colcon.colcon_installed_package_information.package_discovery:Found 12 installed packages in /home/j4ck/turtlebot3_ws/install
[0.335s] DEBUG:colcon.colcon_installed_package_information.package_discovery:Found 368 installed packages in /opt/ros/humble
[0.345s] Level 1:colcon.colcon_core.package_discovery:discover_packages(prefix_path) using defaults
[0.395s] Level 5:colcon.colcon_core.verb:set package 'py_pubsub' build argument 'cmake_args' from command line to 'None'
[0.395s] Level 5:colcon.colcon_core.verb:set package 'py_pubsub' build argument 'cmake_target' from command line to 'None'
[0.395s] Level 5:colcon.colcon_core.verb:set package 'py_pubsub' build argument 'cmake_target_skip_unavailable' from command line to 'False'
[0.395s] Level 5:colcon.colcon_core.verb:set package 'py_pubsub' build argument 'cmake_clean_cache' from command line to 'False'
[0.395s] Level 5:colcon.colcon_core.verb:set package 'py_pubsub' build argument 'cmake_clean_first' from command line to 'False'
[0.395s] Level 5:colcon.colcon_core.verb:set package 'py_pubsub' build argument 'cmake_force_configure' from command line to 'False'
[0.395s] Level 5:colcon.colcon_core.verb:set package 'py_pubsub' build argument 'ament_cmake_args' from command line to 'None'
[0.395s] Level 5:colcon.colcon_core.verb:set package 'py_pubsub' build argument 'catkin_cmake_args' from command line to 'None'
[0.395s] Level 5:colcon.colcon_core.verb:set package 'py_pubsub' build argument 'catkin_skip_building_tests' from command line to 'False'
[0.395s] DEBUG:colcon.colcon_core.verb:Building package 'py_pubsub' with the following arguments: {'ament_cmake_args': None, 'build_base': '/home/j4ck/0Clases/TP_Robots/ros2_ej/build/py_pubsub', 'catkin_cmake_args': None, 'catkin_skip_building_tests': False, 'cmake_args': None, 'cmake_clean_cache': False, 'cmake_clean_first': False, 'cmake_force_configure': False, 'cmake_target': None, 'cmake_target_skip_unavailable': False, 'install_base': '/home/j4ck/0Clases/TP_Robots/ros2_ej/install/py_pubsub', 'merge_install': False, 'path': '/home/j4ck/0Clases/TP_Robots/ros2_ej/src/py_pubsub', 'symlink_install': False, 'test_result_base': None}
[0.396s] Level 5:colcon.colcon_core.verb:set package 'turtlesim_cop' build argument 'cmake_args' from command line to 'None'
[0.396s] Level 5:colcon.colcon_core.verb:set package 'turtlesim_cop' build argument 'cmake_target' from command line to 'None'
[0.396s] Level 5:colcon.colcon_core.verb:set package 'turtlesim_cop' build argument 'cmake_target_skip_unavailable' from command line to 'False'
[0.396s] Level 5:colcon.colcon_core.verb:set package 'turtlesim_cop' build argument 'cmake_clean_cache' from command line to 'False'
[0.396s] Level 5:colcon.colcon_core.verb:set package 'turtlesim_cop' build argument 'cmake_clean_first' from command line to 'False'
[0.396s] Level 5:colcon.colcon_core.verb:set package 'turtlesim_cop' build argument 'cmake_force_configure' from command line to 'False'
[0.396s] Level 5:colcon.colcon_core.verb:set package 'turtlesim_cop' build argument 'ament_cmake_args' from command line to 'None'
[0.396s] Level 5:colcon.colcon_core.verb:set package 'turtlesim_cop' build argument 'catkin_cmake_args' from command line to 'None'
[0.396s] Level 5:colcon.colcon_core.verb:set package 'turtlesim_cop' build argument 'catkin_skip_building_tests' from command line to 'False'
[0.396s] DEBUG:colcon.colcon_core.verb:Building package 'turtlesim_cop' with the following arguments: {'ament_cmake_args': None, 'build_base': '/home/j4ck/0Clases/TP_Robots/ros2_ej/build/turtlesim_cop', 'catkin_cmake_args': None, 'catkin_skip_building_tests': False, 'cmake_args': None, 'cmake_clean_cache': False, 'cmake_clean_first': False, 'cmake_force_configure': False, 'cmake_target': None, 'cmake_target_skip_unavailable': False, 'install_base': '/home/j4ck/0Clases/TP_Robots/ros2_ej/install/turtlesim_cop', 'merge_install': False, 'path': '/home/j4ck/0Clases/TP_Robots/ros2_ej/src/turtlesim_cop', 'symlink_install': False, 'test_result_base': None}
[0.396s] Level 5:colcon.colcon_core.verb:set package 'turtlesim_ctr' build argument 'cmake_args' from command line to 'None'
[0.396s] Level 5:colcon.colcon_core.verb:set package 'turtlesim_ctr' build argument 'cmake_target' from command line to 'None'
[0.396s] Level 5:colcon.colcon_core.verb:set package 'turtlesim_ctr' build argument 'cmake_target_skip_unavailable' from command line to 'False'
[0.396s] Level 5:colcon.colcon_core.verb:set package 'turtlesim_ctr' build argument 'cmake_clean_cache' from command line to 'False'
[0.396s] Level 5:colcon.colcon_core.verb:set package 'turtlesim_ctr' build argument 'cmake_clean_first' from command line to 'False'
[0.396s] Level 5:colcon.colcon_core.verb:set package 'turtlesim_ctr' build argument 'cmake_force_configure' from command line to 'False'
[0.396s] Level 5:colcon.colcon_core.verb:set package 'turtlesim_ctr' build argument 'ament_cmake_args' from command line to 'None'
[0.396s] Level 5:colcon.colcon_core.verb:set package 'turtlesim_ctr' build argument 'catkin_cmake_args' from command line to 'None'
[0.396s] Level 5:colcon.colcon_core.verb:set package 'turtlesim_ctr' build argument 'catkin_skip_building_tests' from command line to 'False'
[0.396s] DEBUG:colcon.colcon_core.verb:Building package 'turtlesim_ctr' with the following arguments: {'ament_cmake_args': None, 'build_base': '/home/j4ck/0Clases/TP_Robots/ros2_ej/build/turtlesim_ctr', 'catkin_cmake_args': None, 'catkin_skip_building_tests': False, 'cmake_args': None, 'cmake_clean_cache': False, 'cmake_clean_first': False, 'cmake_force_configure': False, 'cmake_target': None, 'cmake_target_skip_unavailable': False, 'install_base': '/home/j4ck/0Clases/TP_Robots/ros2_ej/install/turtlesim_ctr', 'merge_install': False, 'path': '/home/j4ck/0Clases/TP_Robots/ros2_ej/src/turtlesim_ctr', 'symlink_install': False, 'test_result_base': None}
[0.396s] INFO:colcon.colcon_core.executor:Executing jobs using 'parallel' executor
[0.398s] DEBUG:colcon.colcon_parallel_executor.executor.parallel:run_until_complete
[0.398s] INFO:colcon.colcon_ros.task.ament_python.build:Building ROS package in '/home/j4ck/0Clases/TP_Robots/ros2_ej/src/py_pubsub' with build type 'ament_python'
[0.398s] Level 1:colcon.colcon_core.shell:create_environment_hook('py_pubsub', 'ament_prefix_path')
[0.401s] INFO:colcon.colcon_core.plugin_system:Skipping extension 'colcon_core.shell.bat': Not used on non-Windows systems
[0.401s] INFO:colcon.colcon_core.shell:Creating environment hook '/home/j4ck/0Clases/TP_Robots/ros2_ej/install/py_pubsub/share/py_pubsub/hook/ament_prefix_path.ps1'
[0.402s] INFO:colcon.colcon_core.shell:Creating environment descriptor '/home/j4ck/0Clases/TP_Robots/ros2_ej/install/py_pubsub/share/py_pubsub/hook/ament_prefix_path.dsv'
[0.402s] INFO:colcon.colcon_core.shell:Creating environment hook '/home/j4ck/0Clases/TP_Robots/ros2_ej/install/py_pubsub/share/py_pubsub/hook/ament_prefix_path.sh'
[0.403s] INFO:colcon.colcon_core.shell:Skip shell extension 'powershell' for command environment: Not usable outside of PowerShell
[0.403s] DEBUG:colcon.colcon_core.shell:Skip shell extension 'dsv' for command environment
[0.408s] INFO:colcon.colcon_ros.task.ament_python.build:Building ROS package in '/home/j4ck/0Clases/TP_Robots/ros2_ej/src/turtlesim_cop' with build type 'ament_python'
[0.408s] Level 1:colcon.colcon_core.shell:create_environment_hook('turtlesim_cop', 'ament_prefix_path')
[0.409s] INFO:colcon.colcon_core.shell:Creating environment hook '/home/j4ck/0Clases/TP_Robots/ros2_ej/install/turtlesim_cop/share/turtlesim_cop/hook/ament_prefix_path.ps1'
[0.409s] INFO:colcon.colcon_core.shell:Creating environment descriptor '/home/j4ck/0Clases/TP_Robots/ros2_ej/install/turtlesim_cop/share/turtlesim_cop/hook/ament_prefix_path.dsv'
[0.410s] INFO:colcon.colcon_core.shell:Creating environment hook '/home/j4ck/0Clases/TP_Robots/ros2_ej/install/turtlesim_cop/share/turtlesim_cop/hook/ament_prefix_path.sh'
[0.410s] INFO:colcon.colcon_core.shell:Skip shell extension 'powershell' for command environment: Not usable outside of PowerShell
[0.410s] DEBUG:colcon.colcon_core.shell:Skip shell extension 'dsv' for command environment
[0.415s] INFO:colcon.colcon_ros.task.ament_python.build:Building ROS package in '/home/j4ck/0Clases/TP_Robots/ros2_ej/src/turtlesim_ctr' with build type 'ament_python'
[0.415s] Level 1:colcon.colcon_core.shell:create_environment_hook('turtlesim_ctr', 'ament_prefix_path')
[0.416s] INFO:colcon.colcon_core.shell:Creating environment hook '/home/j4ck/0Clases/TP_Robots/ros2_ej/install/turtlesim_ctr/share/turtlesim_ctr/hook/ament_prefix_path.ps1'
[0.416s] INFO:colcon.colcon_core.shell:Creating environment descriptor '/home/j4ck/0Clases/TP_Robots/ros2_ej/install/turtlesim_ctr/share/turtlesim_ctr/hook/ament_prefix_path.dsv'
[0.417s] INFO:colcon.colcon_core.shell:Creating environment hook '/home/j4ck/0Clases/TP_Robots/ros2_ej/install/turtlesim_ctr/share/turtlesim_ctr/hook/ament_prefix_path.sh'
[0.417s] INFO:colcon.colcon_core.shell:Skip shell extension 'powershell' for command environment: Not usable outside of PowerShell
[0.417s] DEBUG:colcon.colcon_core.shell:Skip shell extension 'dsv' for command environment
[0.599s] INFO:colcon.colcon_core.task.python.build:Building Python package in '/home/j4ck/0Clases/TP_Robots/ros2_ej/src/py_pubsub'
[0.599s] INFO:colcon.colcon_core.shell:Skip shell extension 'powershell' for command environment: Not usable outside of PowerShell
[0.599s] DEBUG:colcon.colcon_core.shell:Skip shell extension 'dsv' for command environment
[0.781s] INFO:colcon.colcon_core.task.python.build:Building Python package in '/home/j4ck/0Clases/TP_Robots/ros2_ej/src/turtlesim_cop'
[0.781s] INFO:colcon.colcon_core.shell:Skip shell extension 'powershell' for command environment: Not usable outside of PowerShell
[0.781s] DEBUG:colcon.colcon_core.shell:Skip shell extension 'dsv' for command environment
[0.966s] INFO:colcon.colcon_core.task.python.build:Building Python package in '/home/j4ck/0Clases/TP_Robots/ros2_ej/src/turtlesim_ctr'
[0.967s] INFO:colcon.colcon_core.shell:Skip shell extension 'powershell' for command environment: Not usable outside of PowerShell
[0.967s] DEBUG:colcon.colcon_core.shell:Skip shell extension 'dsv' for command environment
[1.223s] DEBUG:colcon.colcon_core.task.python.build:Available setuptools commands: setopt, install_lib, easy_install, upload_docs, upload, test, bdist_egg, sdist, build_scripts, symlink_data, alias, egg_info, dist_info, extract_messages, rotate, build, install_data, develop, bdist, build_ext, update_catalog, install_headers, saveopts, install, clean, install_scripts, build_py, register, init_catalog, bdist_rpm, build_clib, bdist_dumb, compile_catalog, install_egg_info, check
[1.227s] DEBUG:colcon.colcon_core.event_handler.log_command:Invoking command in '/home/j4ck/0Clases/TP_Robots/ros2_ej/src/turtlesim_ctr': PYTHONPATH=/home/j4ck/0Clases/TP_Robots/ros2_ej/build/turtlesim_ctr/prefix_override:/usr/lib/python3/dist-packages/colcon_core/task/python/colcon_distutils_commands:/home/j4ck/0Clases/TP_Robots/ros2_ej/install/turtlesim_ctr/lib/python3.10/site-packages:${PYTHONPATH} /usr/bin/python3 -W ignore:setup.py install is deprecated -W ignore:easy_install command is deprecated setup.py egg_info --egg-base ../../build/turtlesim_ctr build --build-base /home/j4ck/0Clases/TP_Robots/ros2_ej/build/turtlesim_ctr/build install --record /home/j4ck/0Clases/TP_Robots/ros2_ej/build/turtlesim_ctr/install.log --install-scripts $base/lib/turtlesim_ctr --single-version-externally-managed install_data
[1.229s] DEBUG:colcon.colcon_core.task.python.build:Available setuptools commands: setopt, install_lib, easy_install, upload_docs, upload, test, bdist_egg, sdist, build_scripts, symlink_data, alias, egg_info, dist_info, extract_messages, rotate, build, install_data, develop, bdist, build_ext, update_catalog, install_headers, saveopts, install, clean, install_scripts, build_py, register, init_catalog, bdist_rpm, build_clib, bdist_dumb, compile_catalog, install_egg_info, check
[1.231s] DEBUG:colcon.colcon_core.event_handler.log_command:Invoking command in '/home/j4ck/0Clases/TP_Robots/ros2_ej/src/py_pubsub': PYTHONPATH=/home/j4ck/0Clases/TP_Robots/ros2_ej/build/py_pubsub/prefix_override:/usr/lib/python3/dist-packages/colcon_core/task/python/colcon_distutils_commands:/home/j4ck/0Clases/TP_Robots/ros2_ej/install/py_pubsub/lib/python3.10/site-packages:${PYTHONPATH} /usr/bin/python3 -W ignore:setup.py install is deprecated -W ignore:easy_install command is deprecated setup.py egg_info --egg-base ../../build/py_pubsub build --build-base /home/j4ck/0Clases/TP_Robots/ros2_ej/build/py_pubsub/build install --record /home/j4ck/0Clases/TP_Robots/ros2_ej/build/py_pubsub/install.log --install-scripts $base/lib/py_pubsub --single-version-externally-managed install_data
[1.240s] DEBUG:colcon.colcon_core.task.python.build:Available setuptools commands: setopt, install_lib, easy_install, upload_docs, upload, test, bdist_egg, sdist, build_scripts, symlink_data, alias, egg_info, dist_info, extract_messages, rotate, build, install_data, develop, bdist, build_ext, update_catalog, install_headers, saveopts, install, clean, install_scripts, build_py, register, init_catalog, bdist_rpm, build_clib, bdist_dumb, compile_catalog, install_egg_info, check
[1.242s] DEBUG:colcon.colcon_core.event_handler.log_command:Invoking command in '/home/j4ck/0Clases/TP_Robots/ros2_ej/src/turtlesim_cop': PYTHONPATH=/home/j4ck/0Clases/TP_Robots/ros2_ej/build/turtlesim_cop/prefix_override:/usr/lib/python3/dist-packages/colcon_core/task/python/colcon_distutils_commands:/home/j4ck/0Clases/TP_Robots/ros2_ej/install/turtlesim_cop/lib/python3.10/site-packages:${PYTHONPATH} /usr/bin/python3 -W ignore:setup.py install is deprecated -W ignore:easy_install command is deprecated setup.py egg_info --egg-base ../../build/turtlesim_cop build --build-base /home/j4ck/0Clases/TP_Robots/ros2_ej/build/turtlesim_cop/build install --record /home/j4ck/0Clases/TP_Robots/ros2_ej/build/turtlesim_cop/install.log --install-scripts $base/lib/turtlesim_cop --single-version-externally-managed install_data
[1.439s] DEBUG:colcon.colcon_core.event_handler.log_command:Invoked command in '/home/j4ck/0Clases/TP_Robots/ros2_ej/src/py_pubsub' returned '0': PYTHONPATH=/home/j4ck/0Clases/TP_Robots/ros2_ej/build/py_pubsub/prefix_override:/usr/lib/python3/dist-packages/colcon_core/task/python/colcon_distutils_commands:/home/j4ck/0Clases/TP_Robots/ros2_ej/install/py_pubsub/lib/python3.10/site-packages:${PYTHONPATH} /usr/bin/python3 -W ignore:setup.py install is deprecated -W ignore:easy_install command is deprecated setup.py egg_info --egg-base ../../build/py_pubsub build --build-base /home/j4ck/0Clases/TP_Robots/ros2_ej/build/py_pubsub/build install --record /home/j4ck/0Clases/TP_Robots/ros2_ej/build/py_pubsub/install.log --install-scripts $base/lib/py_pubsub --single-version-externally-managed install_data
[1.441s] Level 1:colcon.colcon_core.environment:checking '/home/j4ck/0Clases/TP_Robots/ros2_ej/install/py_pubsub' for CMake module files
[1.441s] Level 1:colcon.colcon_core.environment:checking '/home/j4ck/0Clases/TP_Robots/ros2_ej/install/py_pubsub' for CMake config files
[1.442s] Level 1:colcon.colcon_core.environment:checking '/home/j4ck/0Clases/TP_Robots/ros2_ej/install/py_pubsub/lib'
[1.442s] Level 1:colcon.colcon_core.environment:checking '/home/j4ck/0Clases/TP_Robots/ros2_ej/install/py_pubsub/bin'
[1.442s] Level 1:colcon.colcon_core.environment:checking '/home/j4ck/0Clases/TP_Robots/ros2_ej/install/py_pubsub/lib/pkgconfig/py_pubsub.pc'
[1.442s] Level 1:colcon.colcon_core.environment:checking '/home/j4ck/0Clases/TP_Robots/ros2_ej/install/py_pubsub/lib/python3.10/site-packages'
[1.442s] Level 1:colcon.colcon_core.shell:create_environment_hook('py_pubsub', 'pythonpath')
[1.442s] INFO:colcon.colcon_core.shell:Creating environment hook '/home/j4ck/0Clases/TP_Robots/ros2_ej/install/py_pubsub/share/py_pubsub/hook/pythonpath.ps1'
[1.443s] INFO:colcon.colcon_core.shell:Creating environment descriptor '/home/j4ck/0Clases/TP_Robots/ros2_ej/install/py_pubsub/share/py_pubsub/hook/pythonpath.dsv'
[1.443s] INFO:colcon.colcon_core.shell:Creating environment hook '/home/j4ck/0Clases/TP_Robots/ros2_ej/install/py_pubsub/share/py_pubsub/hook/pythonpath.sh'
[1.443s] Level 1:colcon.colcon_core.environment:checking '/home/j4ck/0Clases/TP_Robots/ros2_ej/install/py_pubsub/bin'
[1.443s] Level 1:colcon.colcon_core.environment:create_environment_scripts_only(py_pubsub)
[1.444s] INFO:colcon.colcon_core.shell:Creating package script '/home/j4ck/0Clases/TP_Robots/ros2_ej/install/py_pubsub/share/py_pubsub/package.ps1'
[1.444s] INFO:colcon.colcon_core.shell:Creating package descriptor '/home/j4ck/0Clases/TP_Robots/ros2_ej/install/py_pubsub/share/py_pubsub/package.dsv'
[1.445s] INFO:colcon.colcon_core.shell:Creating package script '/home/j4ck/0Clases/TP_Robots/ros2_ej/install/py_pubsub/share/py_pubsub/package.sh'
[1.445s] INFO:colcon.colcon_core.shell:Creating package script '/home/j4ck/0Clases/TP_Robots/ros2_ej/install/py_pubsub/share/py_pubsub/package.bash'
[1.446s] INFO:colcon.colcon_core.shell:Creating package script '/home/j4ck/0Clases/TP_Robots/ros2_ej/install/py_pubsub/share/py_pubsub/package.zsh'
[1.447s] Level 1:colcon.colcon_core.environment:create_file_with_runtime_dependencies(/home/j4ck/0Clases/TP_Robots/ros2_ej/install/py_pubsub/share/colcon-core/packages/py_pubsub)
[1.448s] Level 1:colcon.colcon_core.environment:checking '/home/j4ck/0Clases/TP_Robots/ros2_ej/install/turtlesim_ctr' for CMake module files
[1.448s] Level 1:colcon.colcon_core.environment:checking '/home/j4ck/0Clases/TP_Robots/ros2_ej/install/turtlesim_ctr' for CMake config files
[1.448s] DEBUG:colcon.colcon_core.event_handler.log_command:Invoked command in '/home/j4ck/0Clases/TP_Robots/ros2_ej/src/turtlesim_ctr' returned '0': PYTHONPATH=/home/j4ck/0Clases/TP_Robots/ros2_ej/build/turtlesim_ctr/prefix_override:/usr/lib/python3/dist-packages/colcon_core/task/python/colcon_distutils_commands:/home/j4ck/0Clases/TP_Robots/ros2_ej/install/turtlesim_ctr/lib/python3.10/site-packages:${PYTHONPATH} /usr/bin/python3 -W ignore:setup.py install is deprecated -W ignore:easy_install command is deprecated setup.py egg_info --egg-base ../../build/turtlesim_ctr build --build-base /home/j4ck/0Clases/TP_Robots/ros2_ej/build/turtlesim_ctr/build install --record /home/j4ck/0Clases/TP_Robots/ros2_ej/build/turtlesim_ctr/install.log --install-scripts $base/lib/turtlesim_ctr --single-version-externally-managed install_data
[1.449s] Level 1:colcon.colcon_core.environment:checking '/home/j4ck/0Clases/TP_Robots/ros2_ej/install/turtlesim_ctr/lib'
[1.449s] Level 1:colcon.colcon_core.environment:checking '/home/j4ck/0Clases/TP_Robots/ros2_ej/install/turtlesim_ctr/bin'
[1.450s] Level 1:colcon.colcon_core.environment:checking '/home/j4ck/0Clases/TP_Robots/ros2_ej/install/turtlesim_ctr/lib/pkgconfig/turtlesim_ctr.pc'
[1.450s] Level 1:colcon.colcon_core.environment:checking '/home/j4ck/0Clases/TP_Robots/ros2_ej/install/turtlesim_ctr/lib/python3.10/site-packages'
[1.450s] Level 1:colcon.colcon_core.shell:create_environment_hook('turtlesim_ctr', 'pythonpath')
[1.450s] INFO:colcon.colcon_core.shell:Creating environment hook '/home/j4ck/0Clases/TP_Robots/ros2_ej/install/turtlesim_ctr/share/turtlesim_ctr/hook/pythonpath.ps1'
[1.451s] INFO:colcon.colcon_core.shell:Creating environment descriptor '/home/j4ck/0Clases/TP_Robots/ros2_ej/install/turtlesim_ctr/share/turtlesim_ctr/hook/pythonpath.dsv'
[1.451s] INFO:colcon.colcon_core.shell:Creating environment hook '/home/j4ck/0Clases/TP_Robots/ros2_ej/install/turtlesim_ctr/share/turtlesim_ctr/hook/pythonpath.sh'
[1.451s] Level 1:colcon.colcon_core.environment:checking '/home/j4ck/0Clases/TP_Robots/ros2_ej/install/turtlesim_ctr/bin'
[1.451s] Level 1:colcon.colcon_core.environment:create_environment_scripts_only(turtlesim_ctr)
[1.451s] INFO:colcon.colcon_core.shell:Creating package script '/home/j4ck/0Clases/TP_Robots/ros2_ej/install/turtlesim_ctr/share/turtlesim_ctr/package.ps1'
[1.452s] INFO:colcon.colcon_core.shell:Creating package descriptor '/home/j4ck/0Clases/TP_Robots/ros2_ej/install/turtlesim_ctr/share/turtlesim_ctr/package.dsv'
[1.452s] INFO:colcon.colcon_core.shell:Creating package script '/home/j4ck/0Clases/TP_Robots/ros2_ej/install/turtlesim_ctr/share/turtlesim_ctr/package.sh'
[1.452s] INFO:colcon.colcon_core.shell:Creating package script '/home/j4ck/0Clases/TP_Robots/ros2_ej/install/turtlesim_ctr/share/turtlesim_ctr/package.bash'
[1.453s] INFO:colcon.colcon_core.shell:Creating package script '/home/j4ck/0Clases/TP_Robots/ros2_ej/install/turtlesim_ctr/share/turtlesim_ctr/package.zsh'
[1.453s] Level 1:colcon.colcon_core.environment:create_file_with_runtime_dependencies(/home/j4ck/0Clases/TP_Robots/ros2_ej/install/turtlesim_ctr/share/colcon-core/packages/turtlesim_ctr)
[1.463s] Level 1:colcon.colcon_core.environment:checking '/home/j4ck/0Clases/TP_Robots/ros2_ej/install/turtlesim_cop' for CMake module files
[1.464s] DEBUG:colcon.colcon_core.event_handler.log_command:Invoked command in '/home/j4ck/0Clases/TP_Robots/ros2_ej/src/turtlesim_cop' returned '0': PYTHONPATH=/home/j4ck/0Clases/TP_Robots/ros2_ej/build/turtlesim_cop/prefix_override:/usr/lib/python3/dist-packages/colcon_core/task/python/colcon_distutils_commands:/home/j4ck/0Clases/TP_Robots/ros2_ej/install/turtlesim_cop/lib/python3.10/site-packages:${PYTHONPATH} /usr/bin/python3 -W ignore:setup.py install is deprecated -W ignore:easy_install command is deprecated setup.py egg_info --egg-base ../../build/turtlesim_cop build --build-base /home/j4ck/0Clases/TP_Robots/ros2_ej/build/turtlesim_cop/build install --record /home/j4ck/0Clases/TP_Robots/ros2_ej/build/turtlesim_cop/install.log --install-scripts $base/lib/turtlesim_cop --single-version-externally-managed install_data
[1.464s] Level 1:colcon.colcon_core.environment:checking '/home/j4ck/0Clases/TP_Robots/ros2_ej/install/turtlesim_cop' for CMake config files
[1.464s] Level 1:colcon.colcon_core.environment:checking '/home/j4ck/0Clases/TP_Robots/ros2_ej/install/turtlesim_cop/lib'
[1.464s] Level 1:colcon.colcon_core.environment:checking '/home/j4ck/0Clases/TP_Robots/ros2_ej/install/turtlesim_cop/bin'
[1.464s] Level 1:colcon.colcon_core.environment:checking '/home/j4ck/0Clases/TP_Robots/ros2_ej/install/turtlesim_cop/lib/pkgconfig/turtlesim_cop.pc'
[1.465s] Level 1:colcon.colcon_core.environment:checking '/home/j4ck/0Clases/TP_Robots/ros2_ej/install/turtlesim_cop/lib/python3.10/site-packages'
[1.465s] Level 1:colcon.colcon_core.shell:create_environment_hook('turtlesim_cop', 'pythonpath')
[1.465s] INFO:colcon.colcon_core.shell:Creating environment hook '/home/j4ck/0Clases/TP_Robots/ros2_ej/install/turtlesim_cop/share/turtlesim_cop/hook/pythonpath.ps1'
[1.465s] INFO:colcon.colcon_core.shell:Creating environment descriptor '/home/j4ck/0Clases/TP_Robots/ros2_ej/install/turtlesim_cop/share/turtlesim_cop/hook/pythonpath.dsv'
[1.465s] INFO:colcon.colcon_core.shell:Creating environment hook '/home/j4ck/0Clases/TP_Robots/ros2_ej/install/turtlesim_cop/share/turtlesim_cop/hook/pythonpath.sh'
[1.466s] Level 1:colcon.colcon_core.environment:checking '/home/j4ck/0Clases/TP_Robots/ros2_ej/install/turtlesim_cop/bin'
[1.466s] Level 1:colcon.colcon_core.environment:create_environment_scripts_only(turtlesim_cop)
[1.466s] INFO:colcon.colcon_core.shell:Creating package script '/home/j4ck/0Clases/TP_Robots/ros2_ej/install/turtlesim_cop/share/turtlesim_cop/package.ps1'
[1.467s] INFO:colcon.colcon_core.shell:Creating package descriptor '/home/j4ck/0Clases/TP_Robots/ros2_ej/install/turtlesim_cop/share/turtlesim_cop/package.dsv'
[1.467s] INFO:colcon.colcon_core.shell:Creating package script '/home/j4ck/0Clases/TP_Robots/ros2_ej/install/turtlesim_cop/share/turtlesim_cop/package.sh'
[1.467s] INFO:colcon.colcon_core.shell:Creating package script '/home/j4ck/0Clases/TP_Robots/ros2_ej/install/turtlesim_cop/share/turtlesim_cop/package.bash'
[1.467s] INFO:colcon.colcon_core.shell:Creating package script '/home/j4ck/0Clases/TP_Robots/ros2_ej/install/turtlesim_cop/share/turtlesim_cop/package.zsh'
[1.468s] Level 1:colcon.colcon_core.environment:create_file_with_runtime_dependencies(/home/j4ck/0Clases/TP_Robots/ros2_ej/install/turtlesim_cop/share/colcon-core/packages/turtlesim_cop)
[1.468s] DEBUG:colcon.colcon_parallel_executor.executor.parallel:closing loop
[1.468s] DEBUG:colcon.colcon_parallel_executor.executor.parallel:loop closed
[1.468s] DEBUG:colcon.colcon_parallel_executor.executor.parallel:run_until_complete finished with '0'
[1.468s] DEBUG:colcon.colcon_core.event_reactor:joining thread
[1.473s] INFO:colcon.colcon_core.plugin_system:Skipping extension 'colcon_notification.desktop_notification.terminal_notifier': Not used on non-Darwin systems
[1.473s] INFO:colcon.colcon_core.plugin_system:Skipping extension 'colcon_notification.desktop_notification.win32': Not used on non-Windows systems
[1.473s] INFO:colcon.colcon_notification.desktop_notification:Sending desktop notification using 'notify2'
[1.483s] DEBUG:colcon.colcon_core.event_reactor:joined thread
[1.483s] INFO:colcon.colcon_core.shell:Creating prefix script '/home/j4ck/0Clases/TP_Robots/ros2_ej/install/local_setup.ps1'
[1.484s] INFO:colcon.colcon_core.shell:Creating prefix util module '/home/j4ck/0Clases/TP_Robots/ros2_ej/install/_local_setup_util_ps1.py'
[1.486s] INFO:colcon.colcon_core.shell:Creating prefix chain script '/home/j4ck/0Clases/TP_Robots/ros2_ej/install/setup.ps1'
[1.487s] INFO:colcon.colcon_core.shell:Creating prefix script '/home/j4ck/0Clases/TP_Robots/ros2_ej/install/local_setup.sh'
[1.487s] INFO:colcon.colcon_core.shell:Creating prefix util module '/home/j4ck/0Clases/TP_Robots/ros2_ej/install/_local_setup_util_sh.py'
[1.488s] INFO:colcon.colcon_core.shell:Creating prefix chain script '/home/j4ck/0Clases/TP_Robots/ros2_ej/install/setup.sh'
[1.489s] INFO:colcon.colcon_core.shell:Creating prefix script '/home/j4ck/0Clases/TP_Robots/ros2_ej/install/local_setup.bash'
[1.489s] INFO:colcon.colcon_core.shell:Creating prefix chain script '/home/j4ck/0Clases/TP_Robots/ros2_ej/install/setup.bash'
[1.490s] INFO:colcon.colcon_core.shell:Creating prefix script '/home/j4ck/0Clases/TP_Robots/ros2_ej/install/local_setup.zsh'
[1.490s] INFO:colcon.colcon_core.shell:Creating prefix chain script '/home/j4ck/0Clases/TP_Robots/ros2_ej/install/setup.zsh'
