[0.947s] Invoking command in '/home/j4ck/0Clases/TP_Robots/ros2_ej/src/py_pubsub': PYTHONPATH=/home/j4ck/0Clases/TP_Robots/ros2_ej/build/py_pubsub/prefix_override:/usr/lib/python3/dist-packages/colcon_core/task/python/colcon_distutils_commands:/home/j4ck/0Clases/TP_Robots/ros2_ej/install/py_pubsub/lib/python3.10/site-packages:${PYTHONPATH} /usr/bin/python3 -W ignore:setup.py install is deprecated -W ignore:easy_install command is deprecated setup.py egg_info --egg-base ../../build/py_pubsub build --build-base /home/j4ck/0Clases/TP_Robots/ros2_ej/build/py_pubsub/build install --record /home/j4ck/0Clases/TP_Robots/ros2_ej/build/py_pubsub/install.log --install-scripts $base/lib/py_pubsub --single-version-externally-managed install_data
[1.107s] running egg_info
[1.107s] writing ../../build/py_pubsub/py_pubsub.egg-info/PKG-INFO
[1.109s] writing dependency_links to ../../build/py_pubsub/py_pubsub.egg-info/dependency_links.txt
[1.109s] writing entry points to ../../build/py_pubsub/py_pubsub.egg-info/entry_points.txt
[1.109s] writing requirements to ../../build/py_pubsub/py_pubsub.egg-info/requires.txt
[1.109s] writing top-level names to ../../build/py_pubsub/py_pubsub.egg-info/top_level.txt
[1.111s] reading manifest file '../../build/py_pubsub/py_pubsub.egg-info/SOURCES.txt'
[1.111s] adding license file 'LICENSE'
[1.111s] writing manifest file '../../build/py_pubsub/py_pubsub.egg-info/SOURCES.txt'
[1.111s] running build
[1.111s] running build_py
[1.112s] running install
[1.112s] running install_lib
[1.112s] creating /home/j4ck/0Clases/TP_Robots/ros2_ej/install/py_pubsub/lib/python3.10/site-packages/py_pubsub
[1.112s] copying /home/j4ck/0Clases/TP_Robots/ros2_ej/build/py_pubsub/build/lib/py_pubsub/publisher_member_function.py -> /home/j4ck/0Clases/TP_Robots/ros2_ej/install/py_pubsub/lib/python3.10/site-packages/py_pubsub
[1.113s] copying /home/j4ck/0Clases/TP_Robots/ros2_ej/build/py_pubsub/build/lib/py_pubsub/__init__.py -> /home/j4ck/0Clases/TP_Robots/ros2_ej/install/py_pubsub/lib/python3.10/site-packages/py_pubsub
[1.113s] copying /home/j4ck/0Clases/TP_Robots/ros2_ej/build/py_pubsub/build/lib/py_pubsub/subscriber_member_function.py -> /home/j4ck/0Clases/TP_Robots/ros2_ej/install/py_pubsub/lib/python3.10/site-packages/py_pubsub
[1.113s] byte-compiling /home/j4ck/0Clases/TP_Robots/ros2_ej/install/py_pubsub/lib/python3.10/site-packages/py_pubsub/publisher_member_function.py to publisher_member_function.cpython-310.pyc
[1.114s] byte-compiling /home/j4ck/0Clases/TP_Robots/ros2_ej/install/py_pubsub/lib/python3.10/site-packages/py_pubsub/__init__.py to __init__.cpython-310.pyc
[1.114s] byte-compiling /home/j4ck/0Clases/TP_Robots/ros2_ej/install/py_pubsub/lib/python3.10/site-packages/py_pubsub/subscriber_member_function.py to subscriber_member_function.cpython-310.pyc
[1.114s] running install_data
[1.115s] running install_egg_info
[1.117s] Copying ../../build/py_pubsub/py_pubsub.egg-info to /home/j4ck/0Clases/TP_Robots/ros2_ej/install/py_pubsub/lib/python3.10/site-packages/py_pubsub-0.0.0-py3.10.egg-info
[1.118s] running install_scripts
[1.132s] Installing listener script to /home/j4ck/0Clases/TP_Robots/ros2_ej/install/py_pubsub/lib/py_pubsub
[1.132s] Installing talker script to /home/j4ck/0Clases/TP_Robots/ros2_ej/install/py_pubsub/lib/py_pubsub
[1.133s] writing list of installed files to '/home/j4ck/0Clases/TP_Robots/ros2_ej/build/py_pubsub/install.log'
[1.169s] Invoked command in '/home/j4ck/0Clases/TP_Robots/ros2_ej/src/py_pubsub' returned '0': PYTHONPATH=/home/j4ck/0Clases/TP_Robots/ros2_ej/build/py_pubsub/prefix_override:/usr/lib/python3/dist-packages/colcon_core/task/python/colcon_distutils_commands:/home/j4ck/0Clases/TP_Robots/ros2_ej/install/py_pubsub/lib/python3.10/site-packages:${PYTHONPATH} /usr/bin/python3 -W ignore:setup.py install is deprecated -W ignore:easy_install command is deprecated setup.py egg_info --egg-base ../../build/py_pubsub build --build-base /home/j4ck/0Clases/TP_Robots/ros2_ej/build/py_pubsub/build install --record /home/j4ck/0Clases/TP_Robots/ros2_ej/build/py_pubsub/install.log --install-scripts $base/lib/py_pubsub --single-version-externally-managed install_data
