[0.832s] Invoking command in '/home/j4ck/0Clases/TP_Robots/ros2_ej/src/py_pubsub': PYTHONPATH=/home/j4ck/0Clases/TP_Robots/ros2_ej/build/py_pubsub/prefix_override:/usr/lib/python3/dist-packages/colcon_core/task/python/colcon_distutils_commands:/home/j4ck/0Clases/TP_Robots/ros2_ej/install/py_pubsub/lib/python3.10/site-packages:${PYTHONPATH} /usr/bin/python3 -W ignore:setup.py install is deprecated -W ignore:easy_install command is deprecated setup.py egg_info --egg-base ../../build/py_pubsub build --build-base /home/j4ck/0Clases/TP_Robots/ros2_ej/build/py_pubsub/build install --record /home/j4ck/0Clases/TP_Robots/ros2_ej/build/py_pubsub/install.log --install-scripts $base/lib/py_pubsub --single-version-externally-managed install_data
[0.998s] running egg_info
[0.998s] writing ../../build/py_pubsub/py_pubsub.egg-info/PKG-INFO
[0.999s] writing dependency_links to ../../build/py_pubsub/py_pubsub.egg-info/dependency_links.txt
[0.999s] writing entry points to ../../build/py_pubsub/py_pubsub.egg-info/entry_points.txt
[0.999s] writing requirements to ../../build/py_pubsub/py_pubsub.egg-info/requires.txt
[0.999s] writing top-level names to ../../build/py_pubsub/py_pubsub.egg-info/top_level.txt
[1.000s] reading manifest file '../../build/py_pubsub/py_pubsub.egg-info/SOURCES.txt'
[1.000s] adding license file 'LICENSE'
[1.000s] writing manifest file '../../build/py_pubsub/py_pubsub.egg-info/SOURCES.txt'
[1.000s] running build
[1.000s] running build_py
[1.001s] running install
[1.001s] running install_lib
[1.002s] running install_data
[1.002s] running install_egg_info
[1.004s] removing '/home/j4ck/0Clases/TP_Robots/ros2_ej/install/py_pubsub/lib/python3.10/site-packages/py_pubsub-0.0.0-py3.10.egg-info' (and everything under it)
[1.004s] Copying ../../build/py_pubsub/py_pubsub.egg-info to /home/j4ck/0Clases/TP_Robots/ros2_ej/install/py_pubsub/lib/python3.10/site-packages/py_pubsub-0.0.0-py3.10.egg-info
[1.005s] running install_scripts
[1.019s] Installing listener script to /home/j4ck/0Clases/TP_Robots/ros2_ej/install/py_pubsub/lib/py_pubsub
[1.019s] Installing talker script to /home/j4ck/0Clases/TP_Robots/ros2_ej/install/py_pubsub/lib/py_pubsub
[1.019s] writing list of installed files to '/home/j4ck/0Clases/TP_Robots/ros2_ej/build/py_pubsub/install.log'
[1.041s] Invoked command in '/home/j4ck/0Clases/TP_Robots/ros2_ej/src/py_pubsub' returned '0': PYTHONPATH=/home/j4ck/0Clases/TP_Robots/ros2_ej/build/py_pubsub/prefix_override:/usr/lib/python3/dist-packages/colcon_core/task/python/colcon_distutils_commands:/home/j4ck/0Clases/TP_Robots/ros2_ej/install/py_pubsub/lib/python3.10/site-packages:${PYTHONPATH} /usr/bin/python3 -W ignore:setup.py install is deprecated -W ignore:easy_install command is deprecated setup.py egg_info --egg-base ../../build/py_pubsub build --build-base /home/j4ck/0Clases/TP_Robots/ros2_ej/build/py_pubsub/build install --record /home/j4ck/0Clases/TP_Robots/ros2_ej/build/py_pubsub/install.log --install-scripts $base/lib/py_pubsub --single-version-externally-managed install_data
