running egg_info
writing ../../build/turtlesim_ctr/turtlesim_ctr.egg-info/PKG-INFO
writing dependency_links to ../../build/turtlesim_ctr/turtlesim_ctr.egg-info/dependency_links.txt
writing entry points to ../../build/turtlesim_ctr/turtlesim_ctr.egg-info/entry_points.txt
writing requirements to ../../build/turtlesim_ctr/turtlesim_ctr.egg-info/requires.txt
writing top-level names to ../../build/turtlesim_ctr/turtlesim_ctr.egg-info/top_level.txt
reading manifest file '../../build/turtlesim_ctr/turtlesim_ctr.egg-info/SOURCES.txt'
adding license file 'LICENSE'
writing manifest file '../../build/turtlesim_ctr/turtlesim_ctr.egg-info/SOURCES.txt'
running build
running build_py
copying turtlesim_ctr/position_ctr.py -> /home/jack/Clases/TP_Robots/ros2_ej/build/turtlesim_ctr/build/lib/turtlesim_ctr
running install
running install_lib
copying /home/jack/Clases/TP_Robots/ros2_ej/build/turtlesim_ctr/build/lib/turtlesim_ctr/position_ctr.py -> /home/jack/Clases/TP_Robots/ros2_ej/install/turtlesim_ctr/lib/python3.12/site-packages/turtlesim_ctr
byte-compiling /home/jack/Clases/TP_Robots/ros2_ej/install/turtlesim_ctr/lib/python3.12/site-packages/turtlesim_ctr/position_ctr.py to position_ctr.cpython-312.pyc
running install_data
running install_egg_info
removing '/home/jack/Clases/TP_Robots/ros2_ej/install/turtlesim_ctr/lib/python3.12/site-packages/turtlesim_ctr-0.0.0-py3.12.egg-info' (and everything under it)
Copying ../../build/turtlesim_ctr/turtlesim_ctr.egg-info to /home/jack/Clases/TP_Robots/ros2_ej/install/turtlesim_ctr/lib/python3.12/site-packages/turtlesim_ctr-0.0.0-py3.12.egg-info
running install_scripts
Installing pose_ctrl script to /home/jack/Clases/TP_Robots/ros2_ej/install/turtlesim_ctr/lib/turtlesim_ctr
writing list of installed files to '/home/jack/Clases/TP_Robots/ros2_ej/build/turtlesim_ctr/install.log'
