[0.000000] (-) TimerEvent: {}
[0.000509] (py_pubsub) JobQueued: {'identifier': 'py_pubsub', 'dependencies': OrderedDict()}
[0.000579] (turtlesim_ctr) JobQueued: {'identifier': 'turtlesim_ctr', 'dependencies': OrderedDict()}
[0.001305] (py_pubsub) JobStarted: {'identifier': 'py_pubsub'}
[0.009568] (turtlesim_ctr) JobStarted: {'identifier': 'turtlesim_ctr'}
[0.099924] (-) TimerEvent: {}
[0.200274] (-) TimerEvent: {}
[0.300564] (-) TimerEvent: {}
[0.400837] (-) TimerEvent: {}
[0.501121] (-) TimerEvent: {}
[0.601376] (-) TimerEvent: {}
[0.701665] (-) TimerEvent: {}
[0.801963] (-) TimerEvent: {}
[0.812549] (py_pubsub) Command: {'cmd': ['/usr/bin/python3', '-W', 'ignore:setup.py install is deprecated', '-W', 'ignore:easy_install command is deprecated', 'setup.py', 'egg_info', '--egg-base', '../../build/py_pubsub', 'build', '--build-base', '/home/jack/Clases/TP_Robots/ros2_ej/build/py_pubsub/build', 'install', '--record', '/home/jack/Clases/TP_Robots/ros2_ej/build/py_pubsub/install.log', '--install-scripts', '$base/lib/py_pubsub', '--single-version-externally-managed', 'install_data'], 'cwd': '/home/jack/Clases/TP_Robots/ros2_ej/src/py_pubsub', 'env': {'GJS_DEBUG_TOPICS': 'JS ERROR;JS LOG', 'OLLAMA_BASE_URL': 'http://localhost:11434/v1', 'USER': 'jack', 'XDG_SESSION_TYPE': 'x11', 'SHLVL': '1', 'CLUTTER_DISABLE_MIPMAPPED_TEXT': '1', 'XDG_CACHE_HOME': '/home/jack/.cache', 'LD_LIBRARY_PATH': '/opt/ros/jazzy/opt/rviz_ogre_vendor/lib:/opt/ros/jazzy/lib/x86_64-linux-gnu:/opt/ros/jazzy/opt/gz_math_vendor/lib:/opt/ros/jazzy/opt/gz_utils_vendor/lib:/opt/ros/jazzy/opt/gz_cmake_vendor/lib:/opt/ros/jazzy/lib', 'BROWSER': 'Brave', 'HOME': '/home/jack', 'TERMINFO': '/usr/lib/kitty/terminfo', 'OLDPWD': '/home/jack/Clases/TP_Robots/ros2_ej/src', 'DESKTOP_SESSION': 'ubuntu', 'KITTY_INSTALLATION_DIR': '/usr/lib/kitty', 'GIO_LAUNCHED_DESKTOP_FILE': '/usr/share/applications/kitty.desktop', 'GTK_MODULES': 'gail:atk-bridge', 'GNOME_SHELL_SESSION_MODE': 'ubuntu', 'ROS_PYTHON_VERSION': '3', 'MANAGERPID': '1644', 'KITTY_PID': '141612', 'DBUS_SESSION_BUS_ADDRESS': 'unix:path=/run/user/1000/bus', 'GSM_SKIP_SSH_AGENT_WORKAROUND': 'true', 'SYSTEMD_EXEC_PID': '3250', 'VISUAL': 'nvim', 'GIO_LAUNCHED_DESKTOP_FILE_PID': '141612', 'COLORTERM': 'truecolor', 'DEBUGINFOD_URLS': 'https://debuginfod.ubuntu.com', 'SYSTEMD_EDITOR': 'nvim', 'ROS_DISTRO': 'jazzy', 'COLCON_PREFIX_PATH': '/home/jack/Clases/TP_Robots/ros2_ej/install', 'LOGNAME': 'jack', 'JOURNAL_STREAM': '10:21393', 'WINDOWID': '37748750', '_': '/usr/bin/colcon', 'XDG_SESSION_CLASS': 'user', 'MEMORY_PRESSURE_WATCH': '/sys/fs/cgroup/user.slice/user-1000.slice/user@1000.service/session.slice/org.gnome.Shell@x11.service/memory.pressure', 'ROS_VERSION': '2', 'USERNAME': 'jack', 'TERM': 'xterm-kitty', 'KITTY_PUBLIC_KEY': '1:Tx4QWeBNUwjOq)ve>+InR0^iGv(wlzMI)+@BcL4(', 'GNOME_DESKTOP_SESSION_ID': 'this-is-deprecated', 'WINDOWPATH': '2', 'PATH': '/opt/ros/jazzy/bin:/home/jack/.cargo/bin:/home/jack/.local/bin:/home/jack/.local/bin:/home/jack/.local/share/../bin:/home/jack/.local/bin:/home/jack/.local/bin:/usr/local/sbin:/usr/local/bin:/usr/sbin:/usr/bin:/sbin:/bin:/usr/games:/usr/local/games:/snap/bin:/snap/bin', 'SESSION_MANAGER': 'local/euridi3:@/tmp/.ICE-unix/3217,unix/euridi3:/tmp/.ICE-unix/3217', 'INVOCATION_ID': '089d529cd2fe4cc7aef7cf8da4b843ef', 'XDG_RUNTIME_DIR': '/run/user/1000', 'XDG_MENU_PREFIX': 'gnome-', 'DISPLAY': ':1', 'LANG': 'es_ES.UTF-8', 'XDG_CURRENT_DESKTOP': 'ubuntu:GNOME', 'XAUTHORITY': '/run/user/1000/gdm/Xauthority', 'XDG_SESSION_DESKTOP': 'ubuntu', 'XMODIFIERS': '@im=ibus', 'XDG_CONFIG_HOME': '/home/jack/.config', 'XDG_DATA_HOME': '/home/jack/.local/share', 'SSH_AUTH_SOCK': '/run/user/1000/keyring/ssh', 'AMENT_PREFIX_PATH': '/home/jack/Clases/TP_Robots/ros2_ej/install/turtlesim_ctr:/home/jack/Clases/TP_Robots/ros2_ej/install/py_pubsub:/opt/ros/jazzy', 'SHELL': '/usr/bin/zsh', 'QT_ACCESSIBILITY': '1', 'GDMSESSION': 'ubuntu', 'KITTY_WINDOW_ID': '1', 'GPG_AGENT_INFO': '/run/user/1000/gnupg/S.gpg-agent:0:1', 'GJS_DEBUG_OUTPUT': 'stderr', 'QT_IM_MODULE': 'ibus', 'ROS_AUTOMATIC_DISCOVERY_RANGE': 'SUBNET', 'PWD': '/home/jack/Clases/TP_Robots/ros2_ej/build/py_pubsub', 'XDG_DATA_DIRS': '/usr/share/ubuntu:/usr/share/gnome:/usr/local/share/:/usr/share/:/var/lib/snapd/desktop', 'XDG_CONFIG_DIRS': '/etc/xdg/xdg-ubuntu:/etc/xdg', 'QTWEBENGINE_DICTIONARIES_PATH': '/usr/share/hunspell-bdic/', 'PYTHONPATH': '/home/jack/Clases/TP_Robots/ros2_ej/build/py_pubsub/prefix_override:/usr/lib/python3/dist-packages/colcon_core/task/python/colcon_distutils_commands:/home/jack/Clases/TP_Robots/ros2_ej/install/py_pubsub/lib/python3.12/site-packages:/home/jack/Clases/TP_Robots/ros2_ej/install/turtlesim_ctr/lib/python3.12/site-packages:/home/jack/Clases/TP_Robots/ros2_ej/install/py_pubsub/lib/python3.12/site-packages:/opt/ros/jazzy/lib/python3.12/site-packages', 'COLCON': '1', 'MEMORY_PRESSURE_WRITE': 'c29tZSAyMDAwMDAgMjAwMDAwMAA=', 'CMAKE_PREFIX_PATH': '/opt/ros/jazzy/opt/gz_math_vendor:/opt/ros/jazzy/opt/gz_utils_vendor:/opt/ros/jazzy/opt/gz_cmake_vendor', 'EDITOR': 'nvim'}, 'shell': False}
[0.824049] (turtlesim_ctr) Command: {'cmd': ['/usr/bin/python3', '-W', 'ignore:setup.py install is deprecated', '-W', 'ignore:easy_install command is deprecated', 'setup.py', 'egg_info', '--egg-base', '../../build/turtlesim_ctr', 'build', '--build-base', '/home/jack/Clases/TP_Robots/ros2_ej/build/turtlesim_ctr/build', 'install', '--record', '/home/jack/Clases/TP_Robots/ros2_ej/build/turtlesim_ctr/install.log', '--install-scripts', '$base/lib/turtlesim_ctr', '--single-version-externally-managed', 'install_data'], 'cwd': '/home/jack/Clases/TP_Robots/ros2_ej/src/turtlesim_ctr', 'env': {'GJS_DEBUG_TOPICS': 'JS ERROR;JS LOG', 'OLLAMA_BASE_URL': 'http://localhost:11434/v1', 'USER': 'jack', 'XDG_SESSION_TYPE': 'x11', 'SHLVL': '1', 'CLUTTER_DISABLE_MIPMAPPED_TEXT': '1', 'XDG_CACHE_HOME': '/home/jack/.cache', 'LD_LIBRARY_PATH': '/opt/ros/jazzy/opt/rviz_ogre_vendor/lib:/opt/ros/jazzy/lib/x86_64-linux-gnu:/opt/ros/jazzy/opt/gz_math_vendor/lib:/opt/ros/jazzy/opt/gz_utils_vendor/lib:/opt/ros/jazzy/opt/gz_cmake_vendor/lib:/opt/ros/jazzy/lib', 'BROWSER': 'Brave', 'HOME': '/home/jack', 'TERMINFO': '/usr/lib/kitty/terminfo', 'OLDPWD': '/home/jack/Clases/TP_Robots/ros2_ej/src', 'DESKTOP_SESSION': 'ubuntu', 'KITTY_INSTALLATION_DIR': '/usr/lib/kitty', 'GIO_LAUNCHED_DESKTOP_FILE': '/usr/share/applications/kitty.desktop', 'GTK_MODULES': 'gail:atk-bridge', 'GNOME_SHELL_SESSION_MODE': 'ubuntu', 'ROS_PYTHON_VERSION': '3', 'MANAGERPID': '1644', 'KITTY_PID': '141612', 'DBUS_SESSION_BUS_ADDRESS': 'unix:path=/run/user/1000/bus', 'GSM_SKIP_SSH_AGENT_WORKAROUND': 'true', 'SYSTEMD_EXEC_PID': '3250', 'VISUAL': 'nvim', 'GIO_LAUNCHED_DESKTOP_FILE_PID': '141612', 'COLORTERM': 'truecolor', 'DEBUGINFOD_URLS': 'https://debuginfod.ubuntu.com', 'SYSTEMD_EDITOR': 'nvim', 'ROS_DISTRO': 'jazzy', 'COLCON_PREFIX_PATH': '/home/jack/Clases/TP_Robots/ros2_ej/install', 'LOGNAME': 'jack', 'JOURNAL_STREAM': '10:21393', 'WINDOWID': '37748750', '_': '/usr/bin/colcon', 'XDG_SESSION_CLASS': 'user', 'MEMORY_PRESSURE_WATCH': '/sys/fs/cgroup/user.slice/user-1000.slice/user@1000.service/session.slice/org.gnome.Shell@x11.service/memory.pressure', 'ROS_VERSION': '2', 'USERNAME': 'jack', 'TERM': 'xterm-kitty', 'KITTY_PUBLIC_KEY': '1:Tx4QWeBNUwjOq)ve>+InR0^iGv(wlzMI)+@BcL4(', 'GNOME_DESKTOP_SESSION_ID': 'this-is-deprecated', 'WINDOWPATH': '2', 'PATH': '/opt/ros/jazzy/bin:/home/jack/.cargo/bin:/home/jack/.local/bin:/home/jack/.local/bin:/home/jack/.local/share/../bin:/home/jack/.local/bin:/home/jack/.local/bin:/usr/local/sbin:/usr/local/bin:/usr/sbin:/usr/bin:/sbin:/bin:/usr/games:/usr/local/games:/snap/bin:/snap/bin', 'SESSION_MANAGER': 'local/euridi3:@/tmp/.ICE-unix/3217,unix/euridi3:/tmp/.ICE-unix/3217', 'INVOCATION_ID': '089d529cd2fe4cc7aef7cf8da4b843ef', 'XDG_RUNTIME_DIR': '/run/user/1000', 'XDG_MENU_PREFIX': 'gnome-', 'DISPLAY': ':1', 'LANG': 'es_ES.UTF-8', 'XDG_CURRENT_DESKTOP': 'ubuntu:GNOME', 'XAUTHORITY': '/run/user/1000/gdm/Xauthority', 'XDG_SESSION_DESKTOP': 'ubuntu', 'XMODIFIERS': '@im=ibus', 'XDG_CONFIG_HOME': '/home/jack/.config', 'XDG_DATA_HOME': '/home/jack/.local/share', 'SSH_AUTH_SOCK': '/run/user/1000/keyring/ssh', 'AMENT_PREFIX_PATH': '/home/jack/Clases/TP_Robots/ros2_ej/install/turtlesim_ctr:/home/jack/Clases/TP_Robots/ros2_ej/install/py_pubsub:/opt/ros/jazzy', 'SHELL': '/usr/bin/zsh', 'QT_ACCESSIBILITY': '1', 'GDMSESSION': 'ubuntu', 'KITTY_WINDOW_ID': '1', 'GPG_AGENT_INFO': '/run/user/1000/gnupg/S.gpg-agent:0:1', 'GJS_DEBUG_OUTPUT': 'stderr', 'QT_IM_MODULE': 'ibus', 'ROS_AUTOMATIC_DISCOVERY_RANGE': 'SUBNET', 'PWD': '/home/jack/Clases/TP_Robots/ros2_ej/build/turtlesim_ctr', 'XDG_DATA_DIRS': '/usr/share/ubuntu:/usr/share/gnome:/usr/local/share/:/usr/share/:/var/lib/snapd/desktop', 'XDG_CONFIG_DIRS': '/etc/xdg/xdg-ubuntu:/etc/xdg', 'QTWEBENGINE_DICTIONARIES_PATH': '/usr/share/hunspell-bdic/', 'PYTHONPATH': '/home/jack/Clases/TP_Robots/ros2_ej/build/turtlesim_ctr/prefix_override:/usr/lib/python3/dist-packages/colcon_core/task/python/colcon_distutils_commands:/home/jack/Clases/TP_Robots/ros2_ej/install/turtlesim_ctr/lib/python3.12/site-packages:/home/jack/Clases/TP_Robots/ros2_ej/install/turtlesim_ctr/lib/python3.12/site-packages:/home/jack/Clases/TP_Robots/ros2_ej/install/py_pubsub/lib/python3.12/site-packages:/opt/ros/jazzy/lib/python3.12/site-packages', 'COLCON': '1', 'MEMORY_PRESSURE_WRITE': 'c29tZSAyMDAwMDAgMjAwMDAwMAA=', 'CMAKE_PREFIX_PATH': '/opt/ros/jazzy/opt/gz_math_vendor:/opt/ros/jazzy/opt/gz_utils_vendor:/opt/ros/jazzy/opt/gz_cmake_vendor', 'EDITOR': 'nvim'}, 'shell': False}
[0.902084] (-) TimerEvent: {}
[1.002662] (-) TimerEvent: {}
[1.011179] (py_pubsub) StdoutLine: {'line': b'running egg_info\n'}
[1.020629] (turtlesim_ctr) StdoutLine: {'line': b'running egg_info\n'}
[1.025477] (py_pubsub) StdoutLine: {'line': b'writing ../../build/py_pubsub/py_pubsub.egg-info/PKG-INFO\n'}
[1.025696] (py_pubsub) StdoutLine: {'line': b'writing dependency_links to ../../build/py_pubsub/py_pubsub.egg-info/dependency_links.txt\n'}
[1.025905] (py_pubsub) StdoutLine: {'line': b'writing entry points to ../../build/py_pubsub/py_pubsub.egg-info/entry_points.txt\n'}
[1.026053] (py_pubsub) StdoutLine: {'line': b'writing requirements to ../../build/py_pubsub/py_pubsub.egg-info/requires.txt\n'}
[1.026213] (py_pubsub) StdoutLine: {'line': b'writing top-level names to ../../build/py_pubsub/py_pubsub.egg-info/top_level.txt\n'}
[1.034914] (turtlesim_ctr) StdoutLine: {'line': b'writing ../../build/turtlesim_ctr/turtlesim_ctr.egg-info/PKG-INFO\n'}
[1.035133] (turtlesim_ctr) StdoutLine: {'line': b'writing dependency_links to ../../build/turtlesim_ctr/turtlesim_ctr.egg-info/dependency_links.txt\n'}
[1.035295] (turtlesim_ctr) StdoutLine: {'line': b'writing entry points to ../../build/turtlesim_ctr/turtlesim_ctr.egg-info/entry_points.txt\n'}
[1.035457] (turtlesim_ctr) StdoutLine: {'line': b'writing requirements to ../../build/turtlesim_ctr/turtlesim_ctr.egg-info/requires.txt\n'}
[1.035606] (turtlesim_ctr) StdoutLine: {'line': b'writing top-level names to ../../build/turtlesim_ctr/turtlesim_ctr.egg-info/top_level.txt\n'}
[1.055160] (py_pubsub) StdoutLine: {'line': b"reading manifest file '../../build/py_pubsub/py_pubsub.egg-info/SOURCES.txt'\n"}
[1.055400] (py_pubsub) StdoutLine: {'line': b"adding license file 'LICENSE'\n"}
[1.055762] (py_pubsub) StdoutLine: {'line': b"writing manifest file '../../build/py_pubsub/py_pubsub.egg-info/SOURCES.txt'\n"}
[1.056025] (py_pubsub) StdoutLine: {'line': b'running build\n'}
[1.056151] (py_pubsub) StdoutLine: {'line': b'running build_py\n'}
[1.056293] (py_pubsub) StdoutLine: {'line': b'running install\n'}
[1.060397] (py_pubsub) StdoutLine: {'line': b'running install_lib\n'}
[1.064748] (turtlesim_ctr) StdoutLine: {'line': b"reading manifest file '../../build/turtlesim_ctr/turtlesim_ctr.egg-info/SOURCES.txt'\n"}
[1.064979] (turtlesim_ctr) StdoutLine: {'line': b"adding license file 'LICENSE'\n"}
[1.065339] (turtlesim_ctr) StdoutLine: {'line': b"writing manifest file '../../build/turtlesim_ctr/turtlesim_ctr.egg-info/SOURCES.txt'\n"}
[1.065548] (turtlesim_ctr) StdoutLine: {'line': b'running build\n'}
[1.065718] (turtlesim_ctr) StdoutLine: {'line': b'running build_py\n'}
[1.065844] (turtlesim_ctr) StdoutLine: {'line': b'copying turtlesim_ctr/listener2_ctr.py -> /home/jack/Clases/TP_Robots/ros2_ej/build/turtlesim_ctr/build/lib/turtlesim_ctr\n'}
[1.066073] (turtlesim_ctr) StdoutLine: {'line': b'copying turtlesim_ctr/position_ctr.py -> /home/jack/Clases/TP_Robots/ros2_ej/build/turtlesim_ctr/build/lib/turtlesim_ctr\n'}
[1.066179] (turtlesim_ctr) StdoutLine: {'line': b'running install\n'}
[1.070225] (turtlesim_ctr) StdoutLine: {'line': b'running install_lib\n'}
[1.075453] (py_pubsub) StdoutLine: {'line': b'running install_data\n'}
[1.075654] (py_pubsub) StdoutLine: {'line': b'running install_egg_info\n'}
[1.085033] (turtlesim_ctr) StdoutLine: {'line': b'copying /home/jack/Clases/TP_Robots/ros2_ej/build/turtlesim_ctr/build/lib/turtlesim_ctr/listener2_ctr.py -> /home/jack/Clases/TP_Robots/ros2_ej/install/turtlesim_ctr/lib/python3.12/site-packages/turtlesim_ctr\n'}
[1.085295] (turtlesim_ctr) StdoutLine: {'line': b'copying /home/jack/Clases/TP_Robots/ros2_ej/build/turtlesim_ctr/build/lib/turtlesim_ctr/position_ctr.py -> /home/jack/Clases/TP_Robots/ros2_ej/install/turtlesim_ctr/lib/python3.12/site-packages/turtlesim_ctr\n'}
[1.085574] (turtlesim_ctr) StdoutLine: {'line': b'byte-compiling /home/jack/Clases/TP_Robots/ros2_ej/install/turtlesim_ctr/lib/python3.12/site-packages/turtlesim_ctr/listener2_ctr.py to listener2_ctr.cpython-312.pyc\n'}
[1.086052] (turtlesim_ctr) StdoutLine: {'line': b'byte-compiling /home/jack/Clases/TP_Robots/ros2_ej/install/turtlesim_ctr/lib/python3.12/site-packages/turtlesim_ctr/position_ctr.py to position_ctr.cpython-312.pyc\n'}
[1.086681] (turtlesim_ctr) StdoutLine: {'line': b'running install_data\n'}
[1.086839] (turtlesim_ctr) StdoutLine: {'line': b'copying package.xml -> /home/jack/Clases/TP_Robots/ros2_ej/install/turtlesim_ctr/share/turtlesim_ctr\n'}
[1.086965] (turtlesim_ctr) StdoutLine: {'line': b'running install_egg_info\n'}
[1.090927] (py_pubsub) StdoutLine: {'line': b"removing '/home/jack/Clases/TP_Robots/ros2_ej/install/py_pubsub/lib/python3.12/site-packages/py_pubsub-0.0.0-py3.12.egg-info' (and everything under it)\n"}
[1.091203] (py_pubsub) StdoutLine: {'line': b'Copying ../../build/py_pubsub/py_pubsub.egg-info to /home/jack/Clases/TP_Robots/ros2_ej/install/py_pubsub/lib/python3.12/site-packages/py_pubsub-0.0.0-py3.12.egg-info\n'}
[1.091912] (py_pubsub) StdoutLine: {'line': b'running install_scripts\n'}
[1.102645] (turtlesim_ctr) StdoutLine: {'line': b"removing '/home/jack/Clases/TP_Robots/ros2_ej/install/turtlesim_ctr/lib/python3.12/site-packages/turtlesim_ctr-0.0.0-py3.12.egg-info' (and everything under it)\n"}
[1.102817] (-) TimerEvent: {}
[1.103002] (turtlesim_ctr) StdoutLine: {'line': b'Copying ../../build/turtlesim_ctr/turtlesim_ctr.egg-info to /home/jack/Clases/TP_Robots/ros2_ej/install/turtlesim_ctr/lib/python3.12/site-packages/turtlesim_ctr-0.0.0-py3.12.egg-info\n'}
[1.103650] (turtlesim_ctr) StdoutLine: {'line': b'running install_scripts\n'}
[1.191915] (py_pubsub) StdoutLine: {'line': b'Installing listener script to /home/jack/Clases/TP_Robots/ros2_ej/install/py_pubsub/lib/py_pubsub\n'}
[1.192201] (py_pubsub) StdoutLine: {'line': b'Installing talker script to /home/jack/Clases/TP_Robots/ros2_ej/install/py_pubsub/lib/py_pubsub\n'}
[1.192399] (py_pubsub) StdoutLine: {'line': b"writing list of installed files to '/home/jack/Clases/TP_Robots/ros2_ej/build/py_pubsub/install.log'\n"}
[1.202937] (-) TimerEvent: {}
[1.203479] (turtlesim_ctr) StdoutLine: {'line': b'Installing listener2_ctrl script to /home/jack/Clases/TP_Robots/ros2_ej/install/turtlesim_ctr/lib/turtlesim_ctr\n'}
[1.203757] (turtlesim_ctr) StdoutLine: {'line': b'Installing listener_ctrl script to /home/jack/Clases/TP_Robots/ros2_ej/install/turtlesim_ctr/lib/turtlesim_ctr\n'}
[1.203909] (turtlesim_ctr) StdoutLine: {'line': b'Installing pose_ctrl script to /home/jack/Clases/TP_Robots/ros2_ej/install/turtlesim_ctr/lib/turtlesim_ctr\n'}
[1.204120] (turtlesim_ctr) StdoutLine: {'line': b"writing list of installed files to '/home/jack/Clases/TP_Robots/ros2_ej/build/turtlesim_ctr/install.log'\n"}
[1.219239] (py_pubsub) CommandEnded: {'returncode': 0}
[1.226314] (py_pubsub) JobEnded: {'identifier': 'py_pubsub', 'rc': 0}
[1.227780] (turtlesim_ctr) CommandEnded: {'returncode': 0}
[1.232186] (turtlesim_ctr) JobEnded: {'identifier': 'turtlesim_ctr', 'rc': 0}
[1.232913] (-) EventReactorShutdown: {}
