[0.838s] Invoking command in '/home/jack/Clases/TP_Robots/ros2_ej/src/py_pubsub': DEBUGINFOD_URLS=https://debuginfod.ubuntu.com PYTHONPATH=/home/jack/Clases/TP_Robots/ros2_ej/build/py_pubsub/prefix_override:/usr/lib/python3/dist-packages/colcon_core/task/python/colcon_distutils_commands:/home/jack/Clases/TP_Robots/ros2_ej/install/py_pubsub/lib/python3.12/site-packages:${PYTHONPATH} /usr/bin/python3 -W ignore:setup.py install is deprecated -W ignore:easy_install command is deprecated setup.py egg_info --egg-base ../../build/py_pubsub build --build-base /home/jack/Clases/TP_Robots/ros2_ej/build/py_pubsub/build install --record /home/jack/Clases/TP_Robots/ros2_ej/build/py_pubsub/install.log --install-scripts $base/lib/py_pubsub --single-version-externally-managed install_data
[1.026s] running egg_info
[1.026s] creating ../../build/py_pubsub/py_pubsub.egg-info
[1.039s] writing ../../build/py_pubsub/py_pubsub.egg-info/PKG-INFO
[1.040s] writing dependency_links to ../../build/py_pubsub/py_pubsub.egg-info/dependency_links.txt
[1.040s] writing entry points to ../../build/py_pubsub/py_pubsub.egg-info/entry_points.txt
[1.040s] writing requirements to ../../build/py_pubsub/py_pubsub.egg-info/requires.txt
[1.040s] writing top-level names to ../../build/py_pubsub/py_pubsub.egg-info/top_level.txt
[1.040s] writing manifest file '../../build/py_pubsub/py_pubsub.egg-info/SOURCES.txt'
[1.068s] reading manifest file '../../build/py_pubsub/py_pubsub.egg-info/SOURCES.txt'
[1.068s] adding license file 'LICENSE'
[1.068s] writing manifest file '../../build/py_pubsub/py_pubsub.egg-info/SOURCES.txt'
[1.069s] running build
[1.069s] running build_py
[1.069s] creating /home/jack/Clases/TP_Robots/ros2_ej/build/py_pubsub/build
[1.069s] creating /home/jack/Clases/TP_Robots/ros2_ej/build/py_pubsub/build/lib
[1.069s] creating /home/jack/Clases/TP_Robots/ros2_ej/build/py_pubsub/build/lib/py_pubsub
[1.069s] copying py_pubsub/subscriber_member_function.py -> /home/jack/Clases/TP_Robots/ros2_ej/build/py_pubsub/build/lib/py_pubsub
[1.069s] copying py_pubsub/publisher_member_function.py -> /home/jack/Clases/TP_Robots/ros2_ej/build/py_pubsub/build/lib/py_pubsub
[1.069s] copying py_pubsub/__init__.py -> /home/jack/Clases/TP_Robots/ros2_ej/build/py_pubsub/build/lib/py_pubsub
[1.069s] running install
[1.073s] running install_lib
[1.087s] creating /home/jack/Clases/TP_Robots/ros2_ej/install/py_pubsub/lib/python3.12/site-packages/py_pubsub
[1.088s] copying /home/jack/Clases/TP_Robots/ros2_ej/build/py_pubsub/build/lib/py_pubsub/subscriber_member_function.py -> /home/jack/Clases/TP_Robots/ros2_ej/install/py_pubsub/lib/python3.12/site-packages/py_pubsub
[1.088s] copying /home/jack/Clases/TP_Robots/ros2_ej/build/py_pubsub/build/lib/py_pubsub/publisher_member_function.py -> /home/jack/Clases/TP_Robots/ros2_ej/install/py_pubsub/lib/python3.12/site-packages/py_pubsub
[1.088s] copying /home/jack/Clases/TP_Robots/ros2_ej/build/py_pubsub/build/lib/py_pubsub/__init__.py -> /home/jack/Clases/TP_Robots/ros2_ej/install/py_pubsub/lib/python3.12/site-packages/py_pubsub
[1.088s] byte-compiling /home/jack/Clases/TP_Robots/ros2_ej/install/py_pubsub/lib/python3.12/site-packages/py_pubsub/subscriber_member_function.py to subscriber_member_function.cpython-312.pyc
[1.088s] byte-compiling /home/jack/Clases/TP_Robots/ros2_ej/install/py_pubsub/lib/python3.12/site-packages/py_pubsub/publisher_member_function.py to publisher_member_function.cpython-312.pyc
[1.089s] byte-compiling /home/jack/Clases/TP_Robots/ros2_ej/install/py_pubsub/lib/python3.12/site-packages/py_pubsub/__init__.py to __init__.cpython-312.pyc
[1.089s] running install_data
[1.089s] creating /home/jack/Clases/TP_Robots/ros2_ej/install/py_pubsub/share/ament_index
[1.089s] creating /home/jack/Clases/TP_Robots/ros2_ej/install/py_pubsub/share/ament_index/resource_index
[1.089s] creating /home/jack/Clases/TP_Robots/ros2_ej/install/py_pubsub/share/ament_index/resource_index/packages
[1.089s] copying resource/py_pubsub -> /home/jack/Clases/TP_Robots/ros2_ej/install/py_pubsub/share/ament_index/resource_index/packages
[1.089s] copying package.xml -> /home/jack/Clases/TP_Robots/ros2_ej/install/py_pubsub/share/py_pubsub
[1.089s] running install_egg_info
[1.104s] Copying ../../build/py_pubsub/py_pubsub.egg-info to /home/jack/Clases/TP_Robots/ros2_ej/install/py_pubsub/lib/python3.12/site-packages/py_pubsub-0.0.0-py3.12.egg-info
[1.105s] running install_scripts
[1.203s] Installing listener script to /home/jack/Clases/TP_Robots/ros2_ej/install/py_pubsub/lib/py_pubsub
[1.203s] Installing talker script to /home/jack/Clases/TP_Robots/ros2_ej/install/py_pubsub/lib/py_pubsub
[1.203s] writing list of installed files to '/home/jack/Clases/TP_Robots/ros2_ej/build/py_pubsub/install.log'
[1.227s] Invoked command in '/home/jack/Clases/TP_Robots/ros2_ej/src/py_pubsub' returned '0': DEBUGINFOD_URLS=https://debuginfod.ubuntu.com PYTHONPATH=/home/jack/Clases/TP_Robots/ros2_ej/build/py_pubsub/prefix_override:/usr/lib/python3/dist-packages/colcon_core/task/python/colcon_distutils_commands:/home/jack/Clases/TP_Robots/ros2_ej/install/py_pubsub/lib/python3.12/site-packages:${PYTHONPATH} /usr/bin/python3 -W ignore:setup.py install is deprecated -W ignore:easy_install command is deprecated setup.py egg_info --egg-base ../../build/py_pubsub build --build-base /home/jack/Clases/TP_Robots/ros2_ej/build/py_pubsub/build install --record /home/jack/Clases/TP_Robots/ros2_ej/build/py_pubsub/install.log --install-scripts $base/lib/py_pubsub --single-version-externally-managed install_data
